Archive member included to satisfy reference by file (symbol)

D:/Software/CubeCLT/STM32CubeCLT_1.20.0/GNU-tools-for-STM32/bin/../lib/gcc/arm-none-eabi/13.3.1/thumb/v7e-m+fp/hard\libgcc.a(_aeabi_uldivmod.o)
                              cmake/stm32cubemx/CMakeFiles/STM32_Drivers.dir/__/__/Drivers/STM32F4xx_HAL_Driver/Src/stm32f4xx_hal_rcc.c.obj (__aeabi_uldivmod)
D:/Software/CubeCLT/STM32CubeCLT_1.20.0/GNU-tools-for-STM32/bin/../lib/gcc/arm-none-eabi/13.3.1/thumb/v7e-m+fp/hard\libgcc.a(_udivmoddi4.o)
                              D:/Software/CubeCLT/STM32CubeCLT_1.20.0/GNU-tools-for-STM32/bin/../lib/gcc/arm-none-eabi/13.3.1/thumb/v7e-m+fp/hard\libgcc.a(_aeabi_uldivmod.o) (__udivmoddi4)
D:/Software/CubeCLT/STM32CubeCLT_1.20.0/GNU-tools-for-STM32/bin/../lib/gcc/arm-none-eabi/13.3.1/thumb/v7e-m+fp/hard\libgcc.a(_dvmd_tls.o)
                              D:/Software/CubeCLT/STM32CubeCLT_1.20.0/GNU-tools-for-STM32/bin/../lib/gcc/arm-none-eabi/13.3.1/thumb/v7e-m+fp/hard\libgcc.a(_aeabi_uldivmod.o) (__aeabi_ldiv0)
D:/Software/CubeCLT/STM32CubeCLT_1.20.0/GNU-tools-for-STM32/bin/../lib/gcc/arm-none-eabi/13.3.1/../../../../arm-none-eabi/lib/thumb/v7e-m+fp/hard\libg_nano.a(libc_a-exit.o)
                              D:/Software/CubeCLT/STM32CubeCLT_1.20.0/GNU-tools-for-STM32/bin/../lib/gcc/arm-none-eabi/13.3.1/../../../../arm-none-eabi/lib/thumb/v7e-m+fp/hard/crt0.o (exit)
D:/Software/CubeCLT/STM32CubeCLT_1.20.0/GNU-tools-for-STM32/bin/../lib/gcc/arm-none-eabi/13.3.1/../../../../arm-none-eabi/lib/thumb/v7e-m+fp/hard\libg_nano.a(libc_a-findfp.o)
                              D:/Software/CubeCLT/STM32CubeCLT_1.20.0/GNU-tools-for-STM32/bin/../lib/gcc/arm-none-eabi/13.3.1/../../../../arm-none-eabi/lib/thumb/v7e-m+fp/hard\libg_nano.a(libc_a-exit.o) (__stdio_exit_handler)
D:/Software/CubeCLT/STM32CubeCLT_1.20.0/GNU-tools-for-STM32/bin/../lib/gcc/arm-none-eabi/13.3.1/../../../../arm-none-eabi/lib/thumb/v7e-m+fp/hard\libg_nano.a(libc_a-fwalk.o)
                              D:/Software/CubeCLT/STM32CubeCLT_1.20.0/GNU-tools-for-STM32/bin/../lib/gcc/arm-none-eabi/13.3.1/../../../../arm-none-eabi/lib/thumb/v7e-m+fp/hard\libg_nano.a(libc_a-findfp.o) (_fwalk_sglue)
D:/Software/CubeCLT/STM32CubeCLT_1.20.0/GNU-tools-for-STM32/bin/../lib/gcc/arm-none-eabi/13.3.1/../../../../arm-none-eabi/lib/thumb/v7e-m+fp/hard\libg_nano.a(libc_a-stdio.o)
                              D:/Software/CubeCLT/STM32CubeCLT_1.20.0/GNU-tools-for-STM32/bin/../lib/gcc/arm-none-eabi/13.3.1/../../../../arm-none-eabi/lib/thumb/v7e-m+fp/hard\libg_nano.a(libc_a-findfp.o) (__sread)
D:/Software/CubeCLT/STM32CubeCLT_1.20.0/GNU-tools-for-STM32/bin/../lib/gcc/arm-none-eabi/13.3.1/../../../../arm-none-eabi/lib/thumb/v7e-m+fp/hard\libg_nano.a(libc_a-memset.o)
                              D:/Software/CubeCLT/STM32CubeCLT_1.20.0/GNU-tools-for-STM32/bin/../lib/gcc/arm-none-eabi/13.3.1/../../../../arm-none-eabi/lib/thumb/v7e-m+fp/hard/crt0.o (memset)
D:/Software/CubeCLT/STM32CubeCLT_1.20.0/GNU-tools-for-STM32/bin/../lib/gcc/arm-none-eabi/13.3.1/../../../../arm-none-eabi/lib/thumb/v7e-m+fp/hard\libg_nano.a(libc_a-closer.o)
                              D:/Software/CubeCLT/STM32CubeCLT_1.20.0/GNU-tools-for-STM32/bin/../lib/gcc/arm-none-eabi/13.3.1/../../../../arm-none-eabi/lib/thumb/v7e-m+fp/hard\libg_nano.a(libc_a-stdio.o) (_close_r)
D:/Software/CubeCLT/STM32CubeCLT_1.20.0/GNU-tools-for-STM32/bin/../lib/gcc/arm-none-eabi/13.3.1/../../../../arm-none-eabi/lib/thumb/v7e-m+fp/hard\libg_nano.a(libc_a-reent.o)
                              D:/Software/CubeCLT/STM32CubeCLT_1.20.0/GNU-tools-for-STM32/bin/../lib/gcc/arm-none-eabi/13.3.1/../../../../arm-none-eabi/lib/thumb/v7e-m+fp/hard\libg_nano.a(libc_a-closer.o) (errno)
D:/Software/CubeCLT/STM32CubeCLT_1.20.0/GNU-tools-for-STM32/bin/../lib/gcc/arm-none-eabi/13.3.1/../../../../arm-none-eabi/lib/thumb/v7e-m+fp/hard\libg_nano.a(libc_a-impure.o)
                              D:/Software/CubeCLT/STM32CubeCLT_1.20.0/GNU-tools-for-STM32/bin/../lib/gcc/arm-none-eabi/13.3.1/../../../../arm-none-eabi/lib/thumb/v7e-m+fp/hard\libg_nano.a(libc_a-reent.o) (_impure_ptr)
D:/Software/CubeCLT/STM32CubeCLT_1.20.0/GNU-tools-for-STM32/bin/../lib/gcc/arm-none-eabi/13.3.1/../../../../arm-none-eabi/lib/thumb/v7e-m+fp/hard\libg_nano.a(libc_a-lseekr.o)
                              D:/Software/CubeCLT/STM32CubeCLT_1.20.0/GNU-tools-for-STM32/bin/../lib/gcc/arm-none-eabi/13.3.1/../../../../arm-none-eabi/lib/thumb/v7e-m+fp/hard\libg_nano.a(libc_a-stdio.o) (_lseek_r)
D:/Software/CubeCLT/STM32CubeCLT_1.20.0/GNU-tools-for-STM32/bin/../lib/gcc/arm-none-eabi/13.3.1/../../../../arm-none-eabi/lib/thumb/v7e-m+fp/hard\libg_nano.a(libc_a-readr.o)
                              D:/Software/CubeCLT/STM32CubeCLT_1.20.0/GNU-tools-for-STM32/bin/../lib/gcc/arm-none-eabi/13.3.1/../../../../arm-none-eabi/lib/thumb/v7e-m+fp/hard\libg_nano.a(libc_a-stdio.o) (_read_r)
[...]
Memory Configuration

Name             Origin             Length             Attributes
RAM              0x20000000         0x00020000         xrw
FLASH            0x08000000         0x00080000         xr
*default*        0x00000000         0xffffffff

Linker script and memory map

LOAD D:/Software/CubeCLT/STM32CubeCLT_1.20.0/GNU-tools-for-STM32/bin/../lib/gcc/arm-none-eabi/13.3.1/thumb/v7e-m+fp/hard/crti.o
LOAD D:/Software/CubeCLT/STM32CubeCLT_1.20.0/GNU-tools-for-STM32/bin/../lib/gcc/arm-none-eabi/13.3.1/thumb/v7e-m+fp/hard/crtbegin.o
LOAD D:/Software/CubeCLT/STM32CubeCLT_1.20.0/GNU-tools-for-STM32/bin/../lib/gcc/arm-none-eabi/13.3.1/../../../../arm-none-eabi/lib/thumb/v7e-m+fp/hard/crt0.o
LOAD cmake/stm32cubemx/CMakeFiles/STM32_Drivers.dir/__/__/Core/Src/system_stm32f4xx.c.obj
LOAD cmake/stm32cubemx/CMakeFiles/STM32_Drivers.dir/__/__/Drivers/STM32F4xx_HAL_Driver/Src/stm32f4xx_ll_gpio.c.obj
LOAD cmake/stm32cubemx/CMakeFiles/STM32_Drivers.dir/__/__/Drivers/STM32F4xx_HAL_Driver/Src/stm32f4xx_hal_adc.c.obj
LOAD cmake/stm32cubemx/CMakeFiles/STM32_Drivers.dir/__/__/Drivers/STM32F4xx_HAL_Driver/Src/stm32f4xx_hal_adc_ex.c.obj
LOAD cmake/stm32cubemx/CMakeFiles/STM32_Drivers.dir/__/__/Drivers/STM32F4xx_HAL_Driver/Src/stm32f4xx_ll_rcc.c.obj
LOAD cmake/stm32cubemx/CMakeFiles/STM32_Drivers.dir/__/__/Drivers/STM32F4xx_HAL_Driver/Src/stm32f4xx_ll_utils.c.obj
LOAD cmake/stm32cubemx/CMakeFiles/STM32_Drivers.dir/__/__/Drivers/STM32F4xx_HAL_Driver/Src/stm32f4xx_ll_exti.c.obj
LOAD cmake/stm32cubemx/CMakeFiles/STM32_Drivers.dir/__/__/Drivers/STM32F4xx_HAL_Driver/Src/stm32f4xx_hal_rcc.c.obj
LOAD cmake/stm32cubemx/CMakeFiles/STM32_Drivers.dir/__/__/Drivers/STM32F4xx_HAL_Driver/Src/stm32f4xx_hal_rcc_ex.c.obj
LOAD cmake/stm32cubemx/CMakeFiles/STM32_Drivers.dir/__/__/Drivers/STM32F4xx_HAL_Driver/Src/stm32f4xx_hal_flash.c.obj
LOAD cmake/stm32cubemx/CMakeFiles/STM32_Drivers.dir/__/__/Drivers/STM32F4xx_HAL_Driver/Src/stm32f4xx_hal_flash_ex.c.obj
LOAD cmake/stm32cubemx/CMakeFiles/STM32_Drivers.dir/__/__/Drivers/STM32F4xx_HAL_Driver/Src/stm32f4xx_hal_flash_ramfunc.c.obj
LOAD cmake/stm32cubemx/CMakeFiles/STM32_Drivers.dir/__/__/Drivers/STM32F4xx_HAL_Driver/Src/stm32f4xx_hal_gpio.c.obj
LOAD cmake/stm32cubemx/CMakeFiles/STM32_Drivers.dir/__/__/Drivers/STM32F4xx_HAL_Driver/Src/stm32f4xx_hal_dma_ex.c.obj
LOAD cmake/stm32cubemx/CMakeFiles/STM32_Drivers.dir/__/__/Drivers/STM32F4xx_HAL_Driver/Src/stm32f4xx_hal_dma.c.obj
LOAD cmake/stm32cubemx/CMakeFiles/STM32_Drivers.dir/__/__/Drivers/STM32F4xx_HAL_Driver/Src/stm32f4xx_hal_pwr.c.obj
LOAD cmake/stm32cubemx/CMakeFiles/STM32_Drivers.dir/__/__/Drivers/STM32F4xx_HAL_Driver/Src/stm32f4xx_hal_pwr_ex.c.obj
LOAD cmake/stm32cubemx/CMakeFiles/STM32_Drivers.dir/__/__/Drivers/STM32F4xx_HAL_Driver/Src/stm32f4xx_hal_cortex.c.obj
LOAD cmake/stm32cubemx/CMakeFiles/STM32_Drivers.dir/__/__/Drivers/STM32F4xx_HAL_Driver/Src/stm32f4xx_hal.c.obj
LOAD cmake/stm32cubemx/CMakeFiles/STM32_Drivers.dir/__/__/Drivers/STM32F4xx_HAL_Driver/Src/stm32f4xx_hal_exti.c.obj
LOAD cmake/stm32cubemx/CMakeFiles/STM32_Drivers.dir/__/__/Drivers/STM32F4xx_HAL_Driver/Src/stm32f4xx_ll_dma.c.obj
LOAD cmake/stm32cubemx/CMakeFiles/STM32_Drivers.dir/__/__/Drivers/STM32F4xx_HAL_Driver/Src/stm32f4xx_hal_i2s.c.obj
LOAD cmake/stm32cubemx/CMakeFiles/STM32_Drivers.dir/__/__/Drivers/STM32F4xx_HAL_Driver/Src/stm32f4xx_hal_i2s_ex.c.obj
LOAD CMakeFiles/stm32LLreverb.dir/Core/Src/main.c.obj
LOAD CMakeFiles/stm32LLreverb.dir/Core/Src/stm32f4xx_it.c.obj
LOAD CMakeFiles/stm32LLreverb.dir/Core/Src/stm32f4xx_hal_msp.c.obj
LOAD CMakeFiles/stm32LLreverb.dir/Core/Src/sysmem.c.obj
LOAD CMakeFiles/stm32LLreverb.dir/Core/Src/syscalls.c.obj
LOAD CMakeFiles/stm32LLreverb.dir/startup_stm32f411xe.s.obj
LOAD CMakeFiles/stm32LLreverb.dir/Core/Src/reverb_dsp.c.obj
LOAD D:/Software/CubeCLT/STM32CubeCLT_1.20.0/GNU-tools-for-STM32/bin/../lib/gcc/arm-none-eabi/13.3.1/../../../../arm-none-eabi/lib/thumb/v7e-m+fp/hard\libm.a
START GROUP
LOAD D:/Software/CubeCLT/STM32CubeCLT_1.20.0/GNU-tools-for-STM32/bin/../lib/gcc/arm-none-eabi/13.3.1/thumb/v7e-m+fp/hard\libgcc.a
LOAD D:/Software/CubeCLT/STM32CubeCLT_1.20.0/GNU-tools-for-STM32/bin/../lib/gcc/arm-none-eabi/13.3.1/../../../../arm-none-eabi/lib/thumb/v7e-m+fp/hard\libg_nano.a
LOAD D:/Software/CubeCLT/STM32CubeCLT_1.20.0/GNU-tools-for-STM32/bin/../lib/gcc/arm-none-eabi/13.3.1/../../../../arm-none-eabi/lib/thumb/v7e-m+fp/hard\libc_nano.a
END GROUP
START GROUP
LOAD D:/Software/CubeCLT/STM32CubeCLT_1.20.0/GNU-tools-for-STM32/bin/../lib/gcc/arm-none-eabi/13.3.1/thumb/v7e-m+fp/hard\libgcc.a
LOAD D:/Software/CubeCLT/STM32CubeCLT_1.20.0/GNU-tools-for-STM32/bin/../lib/gcc/arm-none-eabi/13.3.1/../../../../arm-none-eabi/lib/thumb/v7e-m+fp/hard\libc_nano.a
END GROUP
LOAD D:/Software/CubeCLT/STM32CubeCLT_1.20.0/GNU-tools-for-STM32/bin/../lib/gcc/arm-none-eabi/13.3.1/thumb/v7e-m+fp/hard/crtend.o
LOAD D:/Software/CubeCLT/STM32CubeCLT_1.20.0/GNU-tools-for-STM32/bin/../lib/gcc/arm-none-eabi/13.3.1/thumb/v7e-m+fp/hard/crtn.o
                0x20020000                        _estack = (ORIGIN (RAM) + LENGTH (RAM))
                0x00000200                        _Min_Heap_Size = 0x200
                0x00000400                        _Min_Stack_Size = 0x400

.isr_vector     0x08000000      0x198
                0x08000000                        . = ALIGN (0x4)
 *(.isr_vector)
 .isr_vector    0x08000000      0x198 CMakeFiles/stm32LLreverb.dir/startup_stm32f411xe.s.obj
                0x08000000                g_pfnVectors
                0x08000198                        . = ALIGN (0x4)

.text           0x08000198     0x3da4
                0x08000198                        . = ALIGN (0x4)
 *(.text)
 .text          0x08000198       0x40 D:/Software/CubeCLT/STM32CubeCLT_1.20.0/GNU-tools-for-STM32/bin/../lib/gcc/arm-none-eabi/13.3.1/thumb/v7e-m+fp/hard/crtbegin.o
 *(.text*)
 .text.SystemInit
                0x080001d8       0x24 cmake/stm32cubemx/CMakeFiles/STM32_Drivers.dir/__/__/Core/Src/system_stm32f4xx.c.obj
                0x080001d8                SystemInit
 .text.LL_GPIO_SetPinMode
                0x080001fc       0x7a cmake/stm32cubemx/CMakeFiles/STM32_Drivers.dir/__/__/Drivers/STM32F4xx_HAL_Driver/Src/stm32f4xx_ll_gpio.c.obj
 .text.LL_GPIO_SetPinOutputType
                0x08000276       0x30 cmake/stm32cubemx/CMakeFiles/STM32_Drivers.dir/__/__/Drivers/STM32F4xx_HAL_Driver/Src/stm32f4xx_ll_gpio.c.obj
 .text.LL_GPIO_SetPinSpeed
                0x080002a6       0x7a cmake/stm32cubemx/CMakeFiles/STM32_Drivers.dir/__/__/Drivers/STM32F4xx_HAL_Driver/Src/stm32f4xx_ll_gpio.c.obj
 .text.LL_GPIO_SetPinPull
                0x08000320       0x7a cmake/stm32cubemx/CMakeFiles/STM32_Drivers.dir/__/__/Drivers/STM32F4xx_HAL_Driver/Src/stm32f4xx_ll_gpio.c.obj
 .text.LL_GPIO_SetAFPin_0_7
                0x0800039a       0x7a cmake/stm32cubemx/CMakeFiles/STM32_Drivers.dir/__/__/Drivers/STM32F4xx_HAL_Driver/Src/stm32f4xx_ll_gpio.c.obj
 .text.LL_GPIO_SetAFPin_8_15
                0x08000414       0x7e cmake/stm32cubemx/CMakeFiles/STM32_Drivers.dir/__/__/Drivers/STM32F4xx_HAL_Driver/Src/stm32f4xx_ll_gpio.c.obj
 .text.LL_GPIO_Init
                0x08000492      0x102 cmake/stm32cubemx/CMakeFiles/STM32_Drivers.dir/__/__/Drivers/STM32F4xx_HAL_Driver/Src/stm32f4xx_ll_gpio.c.obj
                0x08000492                LL_GPIO_Init
 .text.HAL_ADC_Init
                0x08000594       0x86 cmake/stm32cubemx/CMakeFiles/STM32_Drivers.dir/__/__/Drivers/STM32F4xx_HAL_Driver/Src/stm32f4xx_hal_adc.c.obj
                0x08000594                HAL_ADC_Init
 *fill*         0x0800061a        0x2 
 .text.HAL_ADC_Start_DMA
                0x0800061c      0x1e8 cmake/stm32cubemx/CMakeFiles/STM32_Drivers.dir/__/__/Drivers/STM32F4xx_HAL_Driver/Src/stm32f4xx_hal_adc.c.obj
                0x0800061c                HAL_ADC_Start_DMA
 .text.HAL_ADC_ConvCpltCallback
                0x08000804       0x14 cmake/stm32cubemx/CMakeFiles/STM32_Drivers.dir/__/__/Drivers/STM32F4xx_HAL_Driver/Src/stm32f4xx_hal_adc.c.obj
                0x08000804                HAL_ADC_ConvCpltCallback
 .text.HAL_ADC_ConvHalfCpltCallback
                0x08000818       0x14 cmake/stm32cubemx/CMakeFiles/STM32_Drivers.dir/__/__/Drivers/STM32F4xx_HAL_Driver/Src/stm32f4xx_hal_adc.c.obj
                0x08000818                HAL_ADC_ConvHalfCpltCallback
 .text.HAL_ADC_ErrorCallback
                0x0800082c       0x14 cmake/stm32cubemx/CMakeFiles/STM32_Drivers.dir/__/__/Drivers/STM32F4xx_HAL_Driver/Src/stm32f4xx_hal_adc.c.obj
                0x0800082c                HAL_ADC_ErrorCallback
 .text.HAL_ADC_ConfigChannel
                0x08000840      0x264 cmake/stm32cubemx/CMakeFiles/STM32_Drivers.dir/__/__/Drivers/STM32F4xx_HAL_Driver/Src/stm32f4xx_hal_adc.c.obj
                0x08000840                HAL_ADC_ConfigChannel
 .text.ADC_Init
                0x08000aa4      0x1f8 cmake/stm32cubemx/CMakeFiles/STM32_Drivers.dir/__/__/Drivers/STM32F4xx_HAL_Driver/Src/stm32f4xx_hal_adc.c.obj
 .text.ADC_DMAConvCplt
                0x08000c9c       0xba cmake/stm32cubemx/CMakeFiles/STM32_Drivers.dir/__/__/Drivers/STM32F4xx_HAL_Driver/Src/stm32f4xx_hal_adc.c.obj
 .text.ADC_DMAHalfConvCplt
                0x08000d56       0x1c cmake/stm32cubemx/CMakeFiles/STM32_Drivers.dir/__/__/Drivers/STM32F4xx_HAL_Driver/Src/stm32f4xx_hal_adc.c.obj
 .text.ADC_DMAError
                0x08000d72       0x2e cmake/stm32cubemx/CMakeFiles/STM32_Drivers.dir/__/__/Drivers/STM32F4xx_HAL_Driver/Src/stm32f4xx_hal_adc.c.obj
 .text.LL_SetSystemCoreClock
                0x08000da0       0x20 cmake/stm32cubemx/CMakeFiles/STM32_Drivers.dir/__/__/Drivers/STM32F4xx_HAL_Driver/Src/stm32f4xx_ll_utils.c.obj
                0x08000da0                LL_SetSystemCoreClock
 .text.HAL_RCCEx_GetPeriphCLKFreq
                0x08000dc0       0xc4 cmake/stm32cubemx/CMakeFiles/STM32_Drivers.dir/__/__/Drivers/STM32F4xx_HAL_Driver/Src/stm32f4xx_hal_rcc_ex.c.obj
                0x08000dc0                HAL_RCCEx_GetPeriphCLKFreq
 .text.HAL_GPIO_Init
                0x08000e84      0x308 cmake/stm32cubemx/CMakeFiles/STM32_Drivers.dir/__/__/Drivers/STM32F4xx_HAL_Driver/Src/stm32f4xx_hal_gpio.c.obj
                0x08000e84                HAL_GPIO_Init
 .text.HAL_DMA_Init
                0x0800118c      0x15c cmake/stm32cubemx/CMakeFiles/STM32_Drivers.dir/__/__/Drivers/STM32F4xx_HAL_Driver/Src/stm32f4xx_hal_dma.c.obj
                0x0800118c                HAL_DMA_Init
 .text.HAL_DMA_Start_IT
                0x080012e8       0xb0 cmake/stm32cubemx/CMakeFiles/STM32_Drivers.dir/__/__/Drivers/STM32F4xx_HAL_Driver/Src/stm32f4xx_hal_dma.c.obj
                0x080012e8                HAL_DMA_Start_IT
 .text.HAL_DMA_IRQHandler
                0x08001398      0x314 cmake/stm32cubemx/CMakeFiles/STM32_Drivers.dir/__/__/Drivers/STM32F4xx_HAL_Driver/Src/stm32f4xx_hal_dma.c.obj
                0x08001398                HAL_DMA_IRQHandler
 .text.DMA_SetConfig
                0x080016ac       0x5c cmake/stm32cubemx/CMakeFiles/STM32_Drivers.dir/__/__/Drivers/STM32F4xx_HAL_Driver/Src/stm32f4xx_hal_dma.c.obj
 .text.DMA_CalcBaseAndBitshift
                0x08001708       0x6c cmake/stm32cubemx/CMakeFiles/STM32_Drivers.dir/__/__/Drivers/STM32F4xx_HAL_Driver/Src/stm32f4xx_hal_dma.c.obj
 .text.DMA_CheckFifoParam
                0x08001774       0xf8 cmake/stm32cubemx/CMakeFiles/STM32_Drivers.dir/__/__/Drivers/STM32F4xx_HAL_Driver/Src/stm32f4xx_hal_dma.c.obj
 .text.__NVIC_SetPriorityGrouping
                0x0800186c       0x48 cmake/stm32cubemx/CMakeFiles/STM32_Drivers.dir/__/__/Drivers/STM32F4xx_HAL_Driver/Src/stm32f4xx_hal_cortex.c.obj
 .text.__NVIC_GetPriorityGrouping
                0x080018b4       0x1c cmake/stm32cubemx/CMakeFiles/STM32_Drivers.dir/__/__/Drivers/STM32F4xx_HAL_Driver/Src/stm32f4xx_hal_cortex.c.obj
 .text.__NVIC_EnableIRQ
                0x080018d0       0x3c cmake/stm32cubemx/CMakeFiles/STM32_Drivers.dir/__/__/Drivers/STM32F4xx_HAL_Driver/Src/stm32f4xx_hal_cortex.c.obj
 .text.__NVIC_DisableIRQ
                0x0800190c       0x48 cmake/stm32cubemx/CMakeFiles/STM32_Drivers.dir/__/__/Drivers/STM32F4xx_HAL_Driver/Src/stm32f4xx_hal_cortex.c.obj
 .text.__NVIC_SetPriority
                0x08001954       0x54 cmake/stm32cubemx/CMakeFiles/STM32_Drivers.dir/__/__/Drivers/STM32F4xx_HAL_Driver/Src/stm32f4xx_hal_cortex.c.obj
 .text.NVIC_EncodePriority
                0x080019a8       0x66 cmake/stm32cubemx/CMakeFiles/STM32_Drivers.dir/__/__/Drivers/STM32F4xx_HAL_Driver/Src/stm32f4xx_hal_cortex.c.obj
 *fill*         0x08001a0e        0x2 
 .text.SysTick_Config
                0x08001a10       0x44 cmake/stm32cubemx/CMakeFiles/STM32_Drivers.dir/__/__/Drivers/STM32F4xx_HAL_Driver/Src/stm32f4xx_hal_cortex.c.obj
 .text.HAL_NVIC_SetPriorityGrouping
                0x08001a54       0x16 cmake/stm32cubemx/CMakeFiles/STM32_Drivers.dir/__/__/Drivers/STM32F4xx_HAL_Driver/Src/stm32f4xx_hal_cortex.c.obj
                0x08001a54                HAL_NVIC_SetPriorityGrouping
 .text.HAL_NVIC_SetPriority
                0x08001a6a       0x38 cmake/stm32cubemx/CMakeFiles/STM32_Drivers.dir/__/__/Drivers/STM32F4xx_HAL_Driver/Src/stm32f4xx_hal_cortex.c.obj
                0x08001a6a                HAL_NVIC_SetPriority
 .text.HAL_NVIC_EnableIRQ
                0x08001aa2       0x1c cmake/stm32cubemx/CMakeFiles/STM32_Drivers.dir/__/__/Drivers/STM32F4xx_HAL_Driver/Src/stm32f4xx_hal_cortex.c.obj
                0x08001aa2                HAL_NVIC_EnableIRQ
 .text.HAL_NVIC_DisableIRQ
                0x08001abe       0x1c cmake/stm32cubemx/CMakeFiles/STM32_Drivers.dir/__/__/Drivers/STM32F4xx_HAL_Driver/Src/stm32f4xx_hal_cortex.c.obj
                0x08001abe                HAL_NVIC_DisableIRQ
 .text.HAL_SYSTICK_Config
                0x08001ada       0x18 cmake/stm32cubemx/CMakeFiles/STM32_Drivers.dir/__/__/Drivers/STM32F4xx_HAL_Driver/Src/stm32f4xx_hal_cortex.c.obj
                0x08001ada                HAL_SYSTICK_Config
 *fill*         0x08001af2        0x2 
 .text.HAL_Init
                0x08001af4       0x44 cmake/stm32cubemx/CMakeFiles/STM32_Drivers.dir/__/__/Drivers/STM32F4xx_HAL_Driver/Src/stm32f4xx_hal.c.obj
                0x08001af4                HAL_Init
 .text.HAL_InitTick
                0x08001b38       0x60 cmake/stm32cubemx/CMakeFiles/STM32_Drivers.dir/__/__/Drivers/STM32F4xx_HAL_Driver/Src/stm32f4xx_hal.c.obj
                0x08001b38                HAL_InitTick
 .text.HAL_IncTick
                0x08001b98       0x28 cmake/stm32cubemx/CMakeFiles/STM32_Drivers.dir/__/__/Drivers/STM32F4xx_HAL_Driver/Src/stm32f4xx_hal.c.obj
                0x08001b98                HAL_IncTick
 .text.HAL_GetTick
                0x08001bc0       0x18 cmake/stm32cubemx/CMakeFiles/STM32_Drivers.dir/__/__/Drivers/STM32F4xx_HAL_Driver/Src/stm32f4xx_hal.c.obj
                0x08001bc0                HAL_GetTick
 .text.HAL_I2S_Init
                0x08001bd8      0x280 cmake/stm32cubemx/CMakeFiles/STM32_Drivers.dir/__/__/Drivers/STM32F4xx_HAL_Driver/Src/stm32f4xx_hal_i2s.c.obj
                0x08001bd8                HAL_I2S_Init
 .text.HAL_I2S_TxCpltCallback
                0x08001e58       0x14 cmake/stm32cubemx/CMakeFiles/STM32_Drivers.dir/__/__/Drivers/STM32F4xx_HAL_Driver/Src/stm32f4xx_hal_i2s.c.obj
                0x08001e58                HAL_I2S_TxCpltCallback
 .text.HAL_I2S_RxCpltCallback
                0x08001e6c       0x14 cmake/stm32cubemx/CMakeFiles/STM32_Drivers.dir/__/__/Drivers/STM32F4xx_HAL_Driver/Src/stm32f4xx_hal_i2s.c.obj
                0x08001e6c                HAL_I2S_RxCpltCallback
 .text.HAL_I2S_ErrorCallback
                0x08001e80       0x14 cmake/stm32cubemx/CMakeFiles/STM32_Drivers.dir/__/__/Drivers/STM32F4xx_HAL_Driver/Src/stm32f4xx_hal_i2s.c.obj
                0x08001e80                HAL_I2S_ErrorCallback
 .text.I2S_Transmit_IT
                0x08001e94       0x5c cmake/stm32cubemx/CMakeFiles/STM32_Drivers.dir/__/__/Drivers/STM32F4xx_HAL_Driver/Src/stm32f4xx_hal_i2s.c.obj
 .text.I2S_Receive_IT
                0x08001ef0       0x5e cmake/stm32cubemx/CMakeFiles/STM32_Drivers.dir/__/__/Drivers/STM32F4xx_HAL_Driver/Src/stm32f4xx_hal_i2s.c.obj
 .text.I2S_IRQHandler
                0x08001f4e      0x114 cmake/stm32cubemx/CMakeFiles/STM32_Drivers.dir/__/__/Drivers/STM32F4xx_HAL_Driver/Src/stm32f4xx_hal_i2s.c.obj
 *fill*         0x08002062        0x2 
 .text.HAL_I2SEx_FullDuplex_IRQHandler
                0x08002064      0x2a8 cmake/stm32cubemx/CMakeFiles/STM32_Drivers.dir/__/__/Drivers/STM32F4xx_HAL_Driver/Src/stm32f4xx_hal_i2s_ex.c.obj
                0x08002064                HAL_I2SEx_FullDuplex_IRQHandler
 .text.HAL_I2SEx_TxRxCpltCallback
                0x0800230c       0x14 cmake/stm32cubemx/CMakeFiles/STM32_Drivers.dir/__/__/Drivers/STM32F4xx_HAL_Driver/Src/stm32f4xx_hal_i2s_ex.c.obj
                0x0800230c                HAL_I2SEx_TxRxCpltCallback
 .text.I2SEx_TxISR_I2S
                0x08002320       0x62 cmake/stm32cubemx/CMakeFiles/STM32_Drivers.dir/__/__/Drivers/STM32F4xx_HAL_Driver/Src/stm32f4xx_hal_i2s_ex.c.obj
 *fill*         0x08002382        0x2 
 .text.I2SEx_TxISR_I2SExt
                0x08002384       0x98 cmake/stm32cubemx/CMakeFiles/STM32_Drivers.dir/__/__/Drivers/STM32F4xx_HAL_Driver/Src/stm32f4xx_hal_i2s_ex.c.obj
 .text.I2SEx_RxISR_I2S
                0x0800241c       0x64 cmake/stm32cubemx/CMakeFiles/STM32_Drivers.dir/__/__/Drivers/STM32F4xx_HAL_Driver/Src/stm32f4xx_hal_i2s_ex.c.obj
 .text.I2SEx_RxISR_I2SExt
                0x08002480       0x98 cmake/stm32cubemx/CMakeFiles/STM32_Drivers.dir/__/__/Drivers/STM32F4xx_HAL_Driver/Src/stm32f4xx_hal_i2s_ex.c.obj
 .text.LL_DMA_EnableStream
                0x08002518       0x40 CMakeFiles/stm32LLreverb.dir/Core/Src/main.c.obj
 .text.LL_DMA_SetDataLength
                0x08002558       0x48 CMakeFiles/stm32LLreverb.dir/Core/Src/main.c.obj
 .text.LL_DMA_ConfigAddresses
                0x080025a0       0x78 CMakeFiles/stm32LLreverb.dir/Core/Src/main.c.obj
 .text.LL_DMA_IsActiveFlag_HT0
                0x08002618       0x26 CMakeFiles/stm32LLreverb.dir/Core/Src/main.c.obj
 .text.LL_DMA_IsActiveFlag_TC0
                0x0800263e       0x26 CMakeFiles/stm32LLreverb.dir/Core/Src/main.c.obj
 .text.LL_DMA_ClearFlag_HT0
                0x08002664       0x1a CMakeFiles/stm32LLreverb.dir/Core/Src/main.c.obj
 .text.LL_DMA_ClearFlag_TC0
                0x0800267e       0x1a CMakeFiles/stm32LLreverb.dir/Core/Src/main.c.obj
 .text.LL_RCC_HSE_EnableCSS
                0x08002698       0x20 CMakeFiles/stm32LLreverb.dir/Core/Src/main.c.obj
 .text.LL_RCC_HSE_Enable
                0x080026b8       0x20 CMakeFiles/stm32LLreverb.dir/Core/Src/main.c.obj
 .text.LL_RCC_HSE_IsReady
                0x080026d8       0x28 CMakeFiles/stm32LLreverb.dir/Core/Src/main.c.obj
 .text.LL_RCC_HSI_Enable
                0x08002700       0x20 CMakeFiles/stm32LLreverb.dir/Core/Src/main.c.obj
 .text.LL_RCC_HSI_IsReady
                0x08002720       0x24 CMakeFiles/stm32LLreverb.dir/Core/Src/main.c.obj
 .text.LL_RCC_HSI_SetCalibTrimming
                0x08002744       0x2c CMakeFiles/stm32LLreverb.dir/Core/Src/main.c.obj
 .text.LL_RCC_SetSysClkSource
                0x08002770       0x28 CMakeFiles/stm32LLreverb.dir/Core/Src/main.c.obj
 .text.LL_RCC_GetSysClkSource
                0x08002798       0x1c CMakeFiles/stm32LLreverb.dir/Core/Src/main.c.obj
 .text.LL_RCC_SetAHBPrescaler
                0x080027b4       0x28 CMakeFiles/stm32LLreverb.dir/Core/Src/main.c.obj
 .text.LL_RCC_SetAPB1Prescaler
                0x080027dc       0x28 CMakeFiles/stm32LLreverb.dir/Core/Src/main.c.obj
 .text.LL_RCC_SetAPB2Prescaler
                0x08002804       0x28 CMakeFiles/stm32LLreverb.dir/Core/Src/main.c.obj
 .text.LL_RCC_ConfigMCO
                0x0800282c       0x3c CMakeFiles/stm32LLreverb.dir/Core/Src/main.c.obj
 .text.LL_RCC_SetTIMPrescaler
                0x08002868       0x2c CMakeFiles/stm32LLreverb.dir/Core/Src/main.c.obj
 .text.LL_RCC_PLL_Enable
                0x08002894       0x20 CMakeFiles/stm32LLreverb.dir/Core/Src/main.c.obj
 .text.LL_RCC_PLL_IsReady
                0x080028b4       0x28 CMakeFiles/stm32LLreverb.dir/Core/Src/main.c.obj
 .text.LL_RCC_PLL_ConfigDomain_SYS
                0x080028dc       0x4c CMakeFiles/stm32LLreverb.dir/Core/Src/main.c.obj
 .text.LL_RCC_PLLI2S_Enable
                0x08002928       0x20 CMakeFiles/stm32LLreverb.dir/Core/Src/main.c.obj
 .text.LL_RCC_PLLI2S_IsReady
                0x08002948       0x28 CMakeFiles/stm32LLreverb.dir/Core/Src/main.c.obj
 .text.LL_RCC_PLLI2S_ConfigDomain_I2S
                0x08002970       0x74 CMakeFiles/stm32LLreverb.dir/Core/Src/main.c.obj
 .text.LL_AHB1_GRP1_EnableClock
                0x080029e4       0x30 CMakeFiles/stm32LLreverb.dir/Core/Src/main.c.obj
 .text.LL_APB1_GRP1_EnableClock
                0x08002a14       0x30 CMakeFiles/stm32LLreverb.dir/Core/Src/main.c.obj
 .text.LL_FLASH_SetLatency
                0x08002a44       0x28 CMakeFiles/stm32LLreverb.dir/Core/Src/main.c.obj
 .text.LL_FLASH_GetLatency
                0x08002a6c       0x1c CMakeFiles/stm32LLreverb.dir/Core/Src/main.c.obj
 .text.LL_PWR_SetRegulVoltageScaling
                0x08002a88       0x28 CMakeFiles/stm32LLreverb.dir/Core/Src/main.c.obj
 .text.LL_PWR_IsActiveFlag_VOS
                0x08002ab0       0x28 CMakeFiles/stm32LLreverb.dir/Core/Src/main.c.obj
 .text.LL_GPIO_SetPinMode
                0x08002ad8       0x7a CMakeFiles/stm32LLreverb.dir/Core/Src/main.c.obj
 .text.LL_GPIO_SetPinOutputType
                0x08002b52       0x30 CMakeFiles/stm32LLreverb.dir/Core/Src/main.c.obj
 .text.LL_GPIO_SetPinSpeed
                0x08002b82       0x7a CMakeFiles/stm32LLreverb.dir/Core/Src/main.c.obj
 .text.LL_GPIO_IsInputPinSet
                0x08002bfc       0x2a CMakeFiles/stm32LLreverb.dir/Core/Src/main.c.obj
 .text.LL_SPI_EnableDMAReq_RX
                0x08002c26       0x20 CMakeFiles/stm32LLreverb.dir/Core/Src/main.c.obj
 .text.LL_SPI_EnableDMAReq_TX
                0x08002c46       0x20 CMakeFiles/stm32LLreverb.dir/Core/Src/main.c.obj
 .text.LL_I2S_Enable
                0x08002c66       0x20 CMakeFiles/stm32LLreverb.dir/Core/Src/main.c.obj
 .text.LL_I2S_Disable
                0x08002c86       0x20 CMakeFiles/stm32LLreverb.dir/Core/Src/main.c.obj
 .text.LL_I2S_EnableDMAReq_RX
                0x08002ca6       0x16 CMakeFiles/stm32LLreverb.dir/Core/Src/main.c.obj
 .text.LL_I2S_EnableDMAReq_TX
                0x08002cbc       0x16 CMakeFiles/stm32LLreverb.dir/Core/Src/main.c.obj
 *fill*         0x08002cd2        0x2 
 .text.Read_Pots_And_Smooth
                0x08002cd4       0xcc CMakeFiles/stm32LLreverb.dir/Core/Src/main.c.obj
                0x08002cd4                Read_Pots_And_Smooth
 .text.Update_Physical_Controls
                0x08002da0       0x40 CMakeFiles/stm32LLreverb.dir/Core/Src/main.c.obj
                0x08002da0                Update_Physical_Controls
 .text.Process_Audio_Block
                0x08002de0      0x158 CMakeFiles/stm32LLreverb.dir/Core/Src/main.c.obj
                0x08002de0                Process_Audio_Block
 .text.main     0x08002f38      0x254 CMakeFiles/stm32LLreverb.dir/Core/Src/main.c.obj
                0x08002f38                main
 .text.SystemClock_Config
                0x0800318c       0xc8 CMakeFiles/stm32LLreverb.dir/Core/Src/main.c.obj
                0x0800318c                SystemClock_Config
 .text.PeriphCommonClock_Config
                0x08003254       0x2c CMakeFiles/stm32LLreverb.dir/Core/Src/main.c.obj
                0x08003254                PeriphCommonClock_Config
 .text.MX_ADC1_Init
                0x08003280       0xdc CMakeFiles/stm32LLreverb.dir/Core/Src/main.c.obj
 .text.MX_I2S3_Init
                0x0800335c       0x5c CMakeFiles/stm32LLreverb.dir/Core/Src/main.c.obj
 .text.MX_DMA_Init
                0x080033b8       0x48 CMakeFiles/stm32LLreverb.dir/Core/Src/main.c.obj
 .text.MX_GPIO_Init
                0x08003400       0xc0 CMakeFiles/stm32LLreverb.dir/Core/Src/main.c.obj
 .text.Error_Handler
                0x080034c0        0xc CMakeFiles/stm32LLreverb.dir/Core/Src/main.c.obj
                0x080034c0                Error_Handler
 .text.NMI_Handler
                0x080034cc        0x8 CMakeFiles/stm32LLreverb.dir/Core/Src/stm32f4xx_it.c.obj
                0x080034cc                NMI_Handler
 .text.HardFault_Handler
                0x080034d4        0x8 CMakeFiles/stm32LLreverb.dir/Core/Src/stm32f4xx_it.c.obj
                0x080034d4                HardFault_Handler
 .text.MemManage_Handler
                0x080034dc        0x8 CMakeFiles/stm32LLreverb.dir/Core/Src/stm32f4xx_it.c.obj
                0x080034dc                MemManage_Handler
 .text.BusFault_Handler
                0x080034e4        0x8 CMakeFiles/stm32LLreverb.dir/Core/Src/stm32f4xx_it.c.obj
                0x080034e4                BusFault_Handler
 .text.UsageFault_Handler
                0x080034ec        0x8 CMakeFiles/stm32LLreverb.dir/Core/Src/stm32f4xx_it.c.obj
                0x080034ec                UsageFault_Handler
 .text.SVC_Handler
                0x080034f4        0xe CMakeFiles/stm32LLreverb.dir/Core/Src/stm32f4xx_it.c.obj
                0x080034f4                SVC_Handler
 .text.DebugMon_Handler
                0x08003502        0xe CMakeFiles/stm32LLreverb.dir/Core/Src/stm32f4xx_it.c.obj
                0x08003502                DebugMon_Handler
 .text.PendSV_Handler
                0x08003510        0xe CMakeFiles/stm32LLreverb.dir/Core/Src/stm32f4xx_it.c.obj
                0x08003510                PendSV_Handler
 .text.SysTick_Handler
                0x0800351e        0xc CMakeFiles/stm32LLreverb.dir/Core/Src/stm32f4xx_it.c.obj
                0x0800351e                SysTick_Handler
 *fill*         0x0800352a        0x2 
 .text.DMA1_Stream0_IRQHandler
                0x0800352c       0x14 CMakeFiles/stm32LLreverb.dir/Core/Src/stm32f4xx_it.c.obj
                0x0800352c                DMA1_Stream0_IRQHandler
 .text.DMA1_Stream5_IRQHandler
                0x08003540       0x14 CMakeFiles/stm32LLreverb.dir/Core/Src/stm32f4xx_it.c.obj
                0x08003540                DMA1_Stream5_IRQHandler
 .text.DMA2_Stream0_IRQHandler
                0x08003554       0x14 CMakeFiles/stm32LLreverb.dir/Core/Src/stm32f4xx_it.c.obj
                0x08003554                DMA2_Stream0_IRQHandler
 .text.LL_RCC_SetI2SClockSource
                0x08003568       0x28 CMakeFiles/stm32LLreverb.dir/Core/Src/stm32f4xx_hal_msp.c.obj
 .text.HAL_MspInit
                0x08003590       0x50 CMakeFiles/stm32LLreverb.dir/Core/Src/stm32f4xx_hal_msp.c.obj
                0x08003590                HAL_MspInit
 .text.HAL_ADC_MspInit
                0x080035e0       0xf0 CMakeFiles/stm32LLreverb.dir/Core/Src/stm32f4xx_hal_msp.c.obj
                0x080035e0                HAL_ADC_MspInit
 .text.HAL_I2S_MspInit
                0x080036d0      0x1ec CMakeFiles/stm32LLreverb.dir/Core/Src/stm32f4xx_hal_msp.c.obj
                0x080036d0                HAL_I2S_MspInit
 .text.Reset_Handler
                0x080038bc       0x50 CMakeFiles/stm32LLreverb.dir/startup_stm32f411xe.s.obj
                0x080038bc                Reset_Handler
 .text.Default_Handler
                0x0800390c        0x2 CMakeFiles/stm32LLreverb.dir/startup_stm32f411xe.s.obj
                0x0800390c                RTC_Alarm_IRQHandler
                0x0800390c                EXTI2_IRQHandler
                0x0800390c                SPI4_IRQHandler
                0x0800390c                TIM1_CC_IRQHandler
                0x0800390c                DMA2_Stream5_IRQHandler
                0x0800390c                PVD_IRQHandler
                0x0800390c                SDIO_IRQHandler
                0x0800390c                TAMP_STAMP_IRQHandler
                0x0800390c                EXTI3_IRQHandler
                0x0800390c                TIM1_UP_TIM10_IRQHandler
                0x0800390c                I2C3_ER_IRQHandler
                0x0800390c                EXTI0_IRQHandler
                0x0800390c                I2C2_EV_IRQHandler
                0x0800390c                DMA1_Stream2_IRQHandler
                0x0800390c                FPU_IRQHandler
                0x0800390c                DMA2_Stream2_IRQHandler
                0x0800390c                SPI1_IRQHandler
                0x0800390c                TIM1_BRK_TIM9_IRQHandler
                0x0800390c                DMA2_Stream3_IRQHandler
                0x0800390c                USART6_IRQHandler
                0x0800390c                TIM4_IRQHandler
                0x0800390c                I2C1_EV_IRQHandler
                0x0800390c                DMA1_Stream6_IRQHandler
                0x0800390c                DMA1_Stream1_IRQHandler
                0x0800390c                TIM3_IRQHandler
                0x0800390c                RCC_IRQHandler
                0x0800390c                Default_Handler
                0x0800390c                EXTI15_10_IRQHandler
                0x0800390c                ADC_IRQHandler
                0x0800390c                DMA1_Stream7_IRQHandler
                0x0800390c                SPI5_IRQHandler
                0x0800390c                TIM5_IRQHandler
                0x0800390c                DMA2_Stream7_IRQHandler
                0x0800390c                I2C3_EV_IRQHandler
                0x0800390c                EXTI9_5_IRQHandler
                0x0800390c                RTC_WKUP_IRQHandler
                0x0800390c                SPI2_IRQHandler
                0x0800390c                EXTI4_IRQHandler
                0x0800390c                WWDG_IRQHandler
                0x0800390c                TIM2_IRQHandler
                0x0800390c                OTG_FS_WKUP_IRQHandler
                0x0800390c                TIM1_TRG_COM_TIM11_IRQHandler
                0x0800390c                EXTI1_IRQHandler
                0x0800390c                USART2_IRQHandler
                0x0800390c                I2C2_ER_IRQHandler
                0x0800390c                DMA2_Stream1_IRQHandler
                0x0800390c                FLASH_IRQHandler
                0x0800390c                DMA2_Stream4_IRQHandler
                0x0800390c                USART1_IRQHandler
                0x0800390c                OTG_FS_IRQHandler
                0x0800390c                SPI3_IRQHandler
                0x0800390c                DMA1_Stream4_IRQHandler
                0x0800390c                I2C1_ER_IRQHandler
                0x0800390c                DMA2_Stream6_IRQHandler
                0x0800390c                DMA1_Stream3_IRQHandler
 .text.Delay_Filter_Init
                0x0800390e       0x56 CMakeFiles/stm32LLreverb.dir/Core/Src/reverb_dsp.c.obj
                0x0800390e                Delay_Filter_Init
 .text.LPF_Init
                0x08003964       0x24 CMakeFiles/stm32LLreverb.dir/Core/Src/reverb_dsp.c.obj
                0x08003964                LPF_Init
 .text.Delay_Line_Init
                0x08003988       0x4e CMakeFiles/stm32LLreverb.dir/Core/Src/reverb_dsp.c.obj
                0x08003988                Delay_Line_Init
 *fill*         0x080039d6        0x2 
 .text.LPF_Process
                0x080039d8       0x74 CMakeFiles/stm32LLreverb.dir/Core/Src/reverb_dsp.c.obj
                0x080039d8                LPF_Process
 .text.Comb_Process
                0x08003a4c       0x98 CMakeFiles/stm32LLreverb.dir/Core/Src/reverb_dsp.c.obj
                0x08003a4c                Comb_Process
 .text.AllPass_Process
                0x08003ae4       0xc8 CMakeFiles/stm32LLreverb.dir/Core/Src/reverb_dsp.c.obj
                0x08003ae4                AllPass_Process
 .text.Delay_Line_Process
                0x08003bac       0x58 CMakeFiles/stm32LLreverb.dir/Core/Src/reverb_dsp.c.obj
                0x08003bac                Delay_Line_Process
 .text.Hall_Process
                0x08003c04      0x100 CMakeFiles/stm32LLreverb.dir/Core/Src/reverb_dsp.c.obj
                0x08003c04                Hall_Process
 .text.PitchShift_OctaveUp
                0x08003d04      0x1d8 CMakeFiles/stm32LLreverb.dir/Core/Src/reverb_dsp.c.obj
                0x08003d04                PitchShift_OctaveUp
 .text.__libc_init_array
                0x08003edc       0x48 D:/Software/CubeCLT/STM32CubeCLT_1.20.0/GNU-tools-for-STM32/bin/../lib/gcc/arm-none-eabi/13.3.1/../../../../arm-none-eabi/lib/thumb/v7e-m+fp/hard\libg_nano.a(libc_a-init.o)
                0x08003edc                __libc_init_array
 *(.glue_7)
 .glue_7        0x08003f24        0x0 linker stubs
 *(.glue_7t)
 .glue_7t       0x08003f24        0x0 linker stubs
 *(.eh_frame)
 .eh_frame      0x08003f24        0x0 D:/Software/CubeCLT/STM32CubeCLT_1.20.0/GNU-tools-for-STM32/bin/../lib/gcc/arm-none-eabi/13.3.1/thumb/v7e-m+fp/hard/crtbegin.o
 *(.init)
 .init          0x08003f24        0x4 D:/Software/CubeCLT/STM32CubeCLT_1.20.0/GNU-tools-for-STM32/bin/../lib/gcc/arm-none-eabi/13.3.1/thumb/v7e-m+fp/hard/crti.o
                0x08003f24                _init
 .init          0x08003f28        0x8 D:/Software/CubeCLT/STM32CubeCLT_1.20.0/GNU-tools-for-STM32/bin/../lib/gcc/arm-none-eabi/13.3.1/thumb/v7e-m+fp/hard/crtn.o
 *(.fini)
 .fini          0x08003f30        0x4 D:/Software/CubeCLT/STM32CubeCLT_1.20.0/GNU-tools-for-STM32/bin/../lib/gcc/arm-none-eabi/13.3.1/thumb/v7e-m+fp/hard/crti.o
                0x08003f30                _fini
 .fini          0x08003f34        0x8 D:/Software/CubeCLT/STM32CubeCLT_1.20.0/GNU-tools-for-STM32/bin/../lib/gcc/arm-none-eabi/13.3.1/thumb/v7e-m+fp/hard/crtn.o
                0x08003f3c                        . = ALIGN (0x4)
                0x08003f3c                        _etext = .

.vfp11_veneer   0x08003f3c        0x0
 .vfp11_veneer  0x08003f3c        0x0 linker stubs

.v4_bx          0x08003f3c        0x0
 .v4_bx         0x08003f3c        0x0 linker stubs

.iplt           0x08003f3c        0x0
 .iplt          0x08003f3c        0x0 D:/Software/CubeCLT/STM32CubeCLT_1.20.0/GNU-tools-for-STM32/bin/../lib/gcc/arm-none-eabi/13.3.1/thumb/v7e-m+fp/hard/crtbegin.o

.rodata         0x08003f3c       0x28
                0x08003f3c                        . = ALIGN (0x4)
 *(.rodata)
 *(.rodata*)
 .rodata.flagBitshiftOffset.0
                0x08003f3c        0x8 cmake/stm32cubemx/CMakeFiles/STM32_Drivers.dir/__/__/Drivers/STM32F4xx_HAL_Driver/Src/stm32f4xx_hal_dma.c.obj
 .rodata.STREAM_OFFSET_TAB
                0x08003f44        0x8 CMakeFiles/stm32LLreverb.dir/Core/Src/main.c.obj
 .rodata.h_comb_sizes
                0x08003f4c       0x10 CMakeFiles/stm32LLreverb.dir/Core/Src/main.c.obj
                0x08003f4c                h_comb_sizes
 .rodata.h_ap_sizes
                0x08003f5c        0x8 CMakeFiles/stm32LLreverb.dir/Core/Src/main.c.obj
                0x08003f5c                h_ap_sizes
                0x08003f64                        . = ALIGN (0x4)

.rel.dyn        0x08003f64        0x0
 .rel.iplt      0x08003f64        0x0 D:/Software/CubeCLT/STM32CubeCLT_1.20.0/GNU-tools-for-STM32/bin/../lib/gcc/arm-none-eabi/13.3.1/thumb/v7e-m+fp/hard/crtbegin.o

.ARM.extab      0x08003f64        0x0
                0x08003f64                        . = ALIGN (0x4)
 *(.ARM.extab* .gnu.linkonce.armextab.*)
                0x08003f64                        . = ALIGN (0x4)

.ARM            0x08003f64        0x0
                0x08003f64                        . = ALIGN (0x4)
                0x08003f64                        __exidx_start = .
 *(.ARM.exidx*)
                0x08003f64                        __exidx_end = .
                0x08003f64                        . = ALIGN (0x4)

.preinit_array  0x08003f64        0x0
                0x08003f64                        . = ALIGN (0x4)
                0x08003f64                        PROVIDE (__preinit_array_start = .)
 *(.preinit_array*)
                0x08003f64                        PROVIDE (__preinit_array_end = .)
                0x08003f64                        . = ALIGN (0x4)

.init_array     0x08003f64        0x4
                0x08003f64                        . = ALIGN (0x4)
                0x08003f64                        PROVIDE (__init_array_start = .)
 *(SORT_BY_NAME(.init_array.*))
 *(.init_array*)
 .init_array    0x08003f64        0x4 D:/Software/CubeCLT/STM32CubeCLT_1.20.0/GNU-tools-for-STM32/bin/../lib/gcc/arm-none-eabi/13.3.1/thumb/v7e-m+fp/hard/crtbegin.o
                0x08003f68                        PROVIDE (__init_array_end = .)
                0x08003f68                        . = ALIGN (0x4)

.fini_array     0x08003f68        0x4
                0x08003f68                        . = ALIGN (0x4)
                [!provide]                        PROVIDE (__fini_array_start = .)
 *(SORT_BY_NAME(.fini_array.*))
 *(.fini_array*)
 .fini_array    0x08003f68        0x4 D:/Software/CubeCLT/STM32CubeCLT_1.20.0/GNU-tools-for-STM32/bin/../lib/gcc/arm-none-eabi/13.3.1/thumb/v7e-m+fp/hard/crtbegin.o
                [!provide]                        PROVIDE (__fini_array_end = .)
                0x08003f6c                        . = ALIGN (0x4)
                0x08003f6c                        _sidata = LOADADDR (.data)

.data           0x20000000        0xc load address 0x08003f6c
                0x20000000                        . = ALIGN (0x4)
                0x20000000                        _sdata = .
 *(.data)
 *(.data*)
 .data.SystemCoreClock
                0x20000000        0x4 cmake/stm32cubemx/CMakeFiles/STM32_Drivers.dir/__/__/Core/Src/system_stm32f4xx.c.obj
                0x20000000                SystemCoreClock
 .data.uwTickPrio
                0x20000004        0x4 cmake/stm32cubemx/CMakeFiles/STM32_Drivers.dir/__/__/Drivers/STM32F4xx_HAL_Driver/Src/stm32f4xx_hal.c.obj
                0x20000004                uwTickPrio
 .data.uwTickFreq
                0x20000008        0x1 cmake/stm32cubemx/CMakeFiles/STM32_Drivers.dir/__/__/Drivers/STM32F4xx_HAL_Driver/Src/stm32f4xx_hal.c.obj
                0x20000008                uwTickFreq
 *(.RamFunc)
 *(.RamFunc*)
                0x2000000c                        . = ALIGN (0x4)
 *fill*         0x20000009        0x3 

.igot.plt       0x2000000c        0x0 load address 0x08003f78
 .igot.plt      0x2000000c        0x0 D:/Software/CubeCLT/STM32CubeCLT_1.20.0/GNU-tools-for-STM32/bin/../lib/gcc/arm-none-eabi/13.3.1/thumb/v7e-m+fp/hard/crtbegin.o

.tdata          0x2000000c        0x0 load address 0x08003f78
 *(.tdata .tdata.* .gnu.linkonce.td.*)
                0x2000000c                        . = ALIGN (0x4)
                0x2000000c                        _edata = .
                [!provide]                        PROVIDE (__data_end = .)
                [!provide]                        PROVIDE (__tdata_end = .)
                [!provide]                        PROVIDE (__tdata_start = ADDR (.tdata))
                [!provide]                        PROVIDE (__tdata_size = (__tdata_end - __tdata_start))
                [!provide]                        PROVIDE (__data_start = ADDR (.data))
                [!provide]                        PROVIDE (__data_size = (__data_end - __data_start))
                [!provide]                        PROVIDE (__tdata_source = LOADADDR (.tdata))
                [!provide]                        PROVIDE (__tdata_source_end = (LOADADDR (.tdata) + SIZEOF (.tdata)))
                [!provide]                        PROVIDE (__tdata_source_size = (__tdata_source_end - __tdata_source))
                [!provide]                        PROVIDE (__data_source = LOADADDR (.data))
                [!provide]                        PROVIDE (__data_source_end = __tdata_source_end)
                [!provide]                        PROVIDE (__data_source_size = (__data_source_end - __data_source))

.tbss           0x2000000c        0x0 load address 0x08003f78
                0x2000000c                        _sbss = .
                0x2000000c                        __bss_start__ = _sbss
 *(.tbss .tbss.*)
                0x2000000c                        . = ALIGN (0x4)
                [!provide]                        PROVIDE (__tbss_end = .)
                [!provide]                        PROVIDE (__tbss_start = ADDR (.tbss))
                [!provide]                        PROVIDE (__tbss_size = (__tbss_end - __tbss_start))
                [!provide]                        PROVIDE (__tbss_offset = (ADDR (.tbss) - ADDR (.tdata)))
                [!provide]                        PROVIDE (__tls_base = __tdata_start)
                [!provide]                        PROVIDE (__tls_end = __tbss_end)
                [!provide]                        PROVIDE (__tls_size = (__tls_end - __tls_base))
                [!provide]                        PROVIDE (__tls_align = MAX (ALIGNOF (.tdata), ALIGNOF (.tbss)))
                [!provide]                        PROVIDE (__tls_size_align = (((__tls_size + __tls_align) - 0x1) & ~ ((__tls_align - 0x1))))
                [!provide]                        PROVIDE (__arm32_tls_tcb_offset = MAX (0x8, __tls_align))
                [!provide]                        PROVIDE (__arm64_tls_tcb_offset = MAX (0x10, __tls_align))

.bss            0x2000000c     0xfee8 load address 0x08003f78
 *(.bss)
 .bss           0x2000000c       0x1c D:/Software/CubeCLT/STM32CubeCLT_1.20.0/GNU-tools-for-STM32/bin/../lib/gcc/arm-none-eabi/13.3.1/thumb/v7e-m+fp/hard/crtbegin.o
 *(.bss*)
 .bss.uwTick    0x20000028        0x4 cmake/stm32cubemx/CMakeFiles/STM32_Drivers.dir/__/__/Drivers/STM32F4xx_HAL_Driver/Src/stm32f4xx_hal.c.obj
                0x20000028                uwTick
 .bss.hadc1     0x2000002c       0x48 CMakeFiles/stm32LLreverb.dir/Core/Src/main.c.obj
                0x2000002c                hadc1
 .bss.hdma_adc1
                0x20000074       0x60 CMakeFiles/stm32LLreverb.dir/Core/Src/main.c.obj
                0x20000074                hdma_adc1
 .bss.hi2s3     0x200000d4       0x48 CMakeFiles/stm32LLreverb.dir/Core/Src/main.c.obj
                0x200000d4                hi2s3
 .bss.hdma_i2s3_ext_rx
                0x2000011c       0x60 CMakeFiles/stm32LLreverb.dir/Core/Src/main.c.obj
                0x2000011c                hdma_i2s3_ext_rx
 .bss.hdma_spi3_tx
                0x2000017c       0x60 CMakeFiles/stm32LLreverb.dir/Core/Src/main.c.obj
                0x2000017c                hdma_spi3_tx
 .bss.alg_mode  0x200001dc        0x1 CMakeFiles/stm32LLreverb.dir/Core/Src/main.c.obj
                0x200001dc                alg_mode
 .bss.shimmer_active
                0x200001dd        0x1 CMakeFiles/stm32LLreverb.dir/Core/Src/main.c.obj
                0x200001dd                shimmer_active
 *fill*         0x200001de        0x2 
 .bss.p_diff_bufs
                0x200001e0      0x960 CMakeFiles/stm32LLreverb.dir/Core/Src/main.c.obj
                0x200001e0                p_diff_bufs
 .bss.p_tank_ap_buf
                0x20000b40      0x4b0 CMakeFiles/stm32LLreverb.dir/Core/Src/main.c.obj
                0x20000b40                p_tank_ap_buf
 .bss.p_main_delay_buf
                0x20000ff0     0x2328 CMakeFiles/stm32LLreverb.dir/Core/Src/main.c.obj
                0x20000ff0                p_main_delay_buf
 .bss.h_pre_delay_buf
                0x20003318     0x12c0 CMakeFiles/stm32LLreverb.dir/Core/Src/main.c.obj
                0x20003318                h_pre_delay_buf
 .bss.h_comb_bufs
                0x200045d8     0x7d00 CMakeFiles/stm32LLreverb.dir/Core/Src/main.c.obj
                0x200045d8                h_comb_bufs
 .bss.h_ap_bufs
                0x2000c2d8     0x12c0 CMakeFiles/stm32LLreverb.dir/Core/Src/main.c.obj
                0x2000c2d8                h_ap_bufs
 .bss.myPlate   0x2000d598       0x68 CMakeFiles/stm32LLreverb.dir/Core/Src/main.c.obj
                0x2000d598                myPlate
 .bss.myHall    0x2000d600       0xd4 CMakeFiles/stm32LLreverb.dir/Core/Src/main.c.obj
                0x2000d600                myHall
 .bss.adc_values
                0x2000d6d4        0x6 CMakeFiles/stm32LLreverb.dir/Core/Src/main.c.obj
                0x2000d6d4                adc_values
 *fill*         0x2000d6da        0x2 
 .bss.mix_val   0x2000d6dc        0x4 CMakeFiles/stm32LLreverb.dir/Core/Src/main.c.obj
                0x2000d6dc                mix_val
 .bss.decay_val
                0x2000d6e0        0x4 CMakeFiles/stm32LLreverb.dir/Core/Src/main.c.obj
                0x2000d6e0                decay_val
 .bss.tone_val  0x2000d6e4        0x4 CMakeFiles/stm32LLreverb.dir/Core/Src/main.c.obj
                0x2000d6e4                tone_val
 .bss.rx_buf    0x2000d6e8      0x400 CMakeFiles/stm32LLreverb.dir/Core/Src/main.c.obj
                0x2000d6e8                rx_buf
 .bss.tx_buf    0x2000dae8      0x400 CMakeFiles/stm32LLreverb.dir/Core/Src/main.c.obj
                0x2000dae8                tx_buf
 .bss.ps_buffer
                0x2000dee8     0x2000 CMakeFiles/stm32LLreverb.dir/Core/Src/reverb_dsp.c.obj
 .bss.ps_write_ptr
                0x2000fee8        0x4 CMakeFiles/stm32LLreverb.dir/Core/Src/reverb_dsp.c.obj
 .bss.ps_phase  0x2000feec        0x4 CMakeFiles/stm32LLreverb.dir/Core/Src/reverb_dsp.c.obj
 .bss.shimmer_lpf_state
                0x2000fef0        0x4 CMakeFiles/stm32LLreverb.dir/Core/Src/reverb_dsp.c.obj
 *(COMMON)
                0x2000fef4                        . = ALIGN (0x4)
                0x2000fef4                        _ebss = .
                0x2000fef4                        __bss_end__ = _ebss
                [!provide]                        PROVIDE (__bss_end = .)
                [!provide]                        PROVIDE (__non_tls_bss_start = ADDR (.bss))
                [!provide]                        PROVIDE (__bss_start = __tbss_start)
                [!provide]                        PROVIDE (__bss_size = (__bss_end - __bss_start))

._user_heap_stack
                0x2000fef4      0x604 load address 0x08003f78
                0x2000fef8                        . = ALIGN (0x8)
 *fill*         0x2000fef4        0x4 
                [!provide]                        PROVIDE (end = .)
                0x2000fef8                        PROVIDE (_end = .)
                0x200100f8                        . = (. + _Min_Heap_Size)
 *fill*         0x2000fef8      0x200 
                0x200104f8                        . = (. + _Min_Stack_Size)
 *fill*         0x200100f8      0x400 
                0x200104f8                        . = ALIGN (0x8)

/DISCARD/
 libc.a:*(*)
 libm.a:*(*)
 libgcc.a:*(*)
OUTPUT(stm32LLreverb.elf elf32-littlearm)
LOAD linker stubs

.ARM.attributes
                0x00000000       0x30
 .ARM.attributes
                0x00000000       0x22 D:/Software/CubeCLT/STM32CubeCLT_1.20.0/GNU-tools-for-STM32/bin/../lib/gcc/arm-none-eabi/13.3.1/thumb/v7e-m+fp/hard/crti.o
 .ARM.attributes
                0x00000022       0x34 D:/Software/CubeCLT/STM32CubeCLT_1.20.0/GNU-tools-for-STM32/bin/../lib/gcc/arm-none-eabi/13.3.1/thumb/v7e-m+fp/hard/crtbegin.o
 .ARM.attributes
                0x00000056       0x34 cmake/stm32cubemx/CMakeFiles/STM32_Drivers.dir/__/__/Core/Src/system_stm32f4xx.c.obj
 .ARM.attributes
                0x0000008a       0x34 cmake/stm32cubemx/CMakeFiles/STM32_Drivers.dir/__/__/Drivers/STM32F4xx_HAL_Driver/Src/stm32f4xx_ll_gpio.c.obj
 .ARM.attributes
                0x000000be       0x34 cmake/stm32cubemx/CMakeFiles/STM32_Drivers.dir/__/__/Drivers/STM32F4xx_HAL_Driver/Src/stm32f4xx_hal_adc.c.obj
 .ARM.attributes
                0x000000f2       0x34 cmake/stm32cubemx/CMakeFiles/STM32_Drivers.dir/__/__/Drivers/STM32F4xx_HAL_Driver/Src/stm32f4xx_ll_utils.c.obj
 .ARM.attributes
                0x00000126       0x34 cmake/stm32cubemx/CMakeFiles/STM32_Drivers.dir/__/__/Drivers/STM32F4xx_HAL_Driver/Src/stm32f4xx_hal_rcc_ex.c.obj
 .ARM.attributes
                0x0000015a       0x34 cmake/stm32cubemx/CMakeFiles/STM32_Drivers.dir/__/__/Drivers/STM32F4xx_HAL_Driver/Src/stm32f4xx_hal_gpio.c.obj
 .ARM.attributes
                0x0000018e       0x34 cmake/stm32cubemx/CMakeFiles/STM32_Drivers.dir/__/__/Drivers/STM32F4xx_HAL_Driver/Src/stm32f4xx_hal_dma.c.obj
 .ARM.attributes
                0x000001c2       0x34 cmake/stm32cubemx/CMakeFiles/STM32_Drivers.dir/__/__/Drivers/STM32F4xx_HAL_Driver/Src/stm32f4xx_hal_cortex.c.obj
 .ARM.attributes
                0x000001f6       0x34 cmake/stm32cubemx/CMakeFiles/STM32_Drivers.dir/__/__/Drivers/STM32F4xx_HAL_Driver/Src/stm32f4xx_hal.c.obj
 .ARM.attributes
                0x0000022a       0x34 cmake/stm32cubemx/CMakeFiles/STM32_Drivers.dir/__/__/Drivers/STM32F4xx_HAL_Driver/Src/stm32f4xx_hal_i2s.c.obj
 .ARM.attributes
                0x0000025e       0x34 cmake/stm32cubemx/CMakeFiles/STM32_Drivers.dir/__/__/Drivers/STM32F4xx_HAL_Driver/Src/stm32f4xx_hal_i2s_ex.c.obj
 .ARM.attributes
                0x00000292       0x34 CMakeFiles/stm32LLreverb.dir/Core/Src/main.c.obj
 .ARM.attributes
                0x000002c6       0x34 CMakeFiles/stm32LLreverb.dir/Core/Src/stm32f4xx_it.c.obj
 .ARM.attributes
                0x000002fa       0x34 CMakeFiles/stm32LLreverb.dir/Core/Src/stm32f4xx_hal_msp.c.obj
 .ARM.attributes
                0x0000032e       0x21 CMakeFiles/stm32LLreverb.dir/startup_stm32f411xe.s.obj
 .ARM.attributes
                0x0000034f       0x34 CMakeFiles/stm32LLreverb.dir/Core/Src/reverb_dsp.c.obj
 .ARM.attributes
                0x00000383       0x34 D:/Software/CubeCLT/STM32CubeCLT_1.20.0/GNU-tools-for-STM32/bin/../lib/gcc/arm-none-eabi/13.3.1/../../../../arm-none-eabi/lib/thumb/v7e-m+fp/hard\libg_nano.a(libc_a-init.o)
 .ARM.attributes
                0x000003b7       0x22 D:/Software/CubeCLT/STM32CubeCLT_1.20.0/GNU-tools-for-STM32/bin/../lib/gcc/arm-none-eabi/13.3.1/thumb/v7e-m+fp/hard/crtn.o

.comment        0x00000000       0x43
 .comment       0x00000000       0x43 cmake/stm32cubemx/CMakeFiles/STM32_Drivers.dir/__/__/Core/Src/system_stm32f4xx.c.obj
                                 0x44 (size before relaxing)
 .comment       0x00000043        0x0 cmake/stm32cubemx/CMakeFiles/STM32_Drivers.dir/__/__/Drivers/STM32F4xx_HAL_Driver/Src/stm32f4xx_ll_gpio.c.obj
                                 0x44 (size before relaxing)
 .comment       0x00000043        0x0 cmake/stm32cubemx/CMakeFiles/STM32_Drivers.dir/__/__/Drivers/STM32F4xx_HAL_Driver/Src/stm32f4xx_hal_adc.c.obj
                                 0x44 (size before relaxing)
 .comment       0x00000043        0x0 cmake/stm32cubemx/CMakeFiles/STM32_Drivers.dir/__/__/Drivers/STM32F4xx_HAL_Driver/Src/stm32f4xx_ll_utils.c.obj
                                 0x44 (size before relaxing)
 .comment       0x00000043        0x0 cmake/stm32cubemx/CMakeFiles/STM32_Drivers.dir/__/__/Drivers/STM32F4xx_HAL_Driver/Src/stm32f4xx_hal_rcc_ex.c.obj
                                 0x44 (size before relaxing)
 .comment       0x00000043        0x0 cmake/stm32cubemx/CMakeFiles/STM32_Drivers.dir/__/__/Drivers/STM32F4xx_HAL_Driver/Src/stm32f4xx_hal_gpio.c.obj
                                 0x44 (size before relaxing)
 .comment       0x00000043        0x0 cmake/stm32cubemx/CMakeFiles/STM32_Drivers.dir/__/__/Drivers/STM32F4xx_HAL_Driver/Src/stm32f4xx_hal_dma.c.obj
                                 0x44 (size before relaxing)
 .comment       0x00000043        0x0 cmake/stm32cubemx/CMakeFiles/STM32_Drivers.dir/__/__/Drivers/STM32F4xx_HAL_Driver/Src/stm32f4xx_hal_cortex.c.obj
                                 0x44 (size before relaxing)
 .comment       0x00000043        0x0 cmake/stm32cubemx/CMakeFiles/STM32_Drivers.dir/__/__/Drivers/STM32F4xx_HAL_Driver/Src/stm32f4xx_hal.c.obj
                                 0x44 (size before relaxing)
 .comment       0x00000043        0x0 cmake/stm32cubemx/CMakeFiles/STM32_Drivers.dir/__/__/Drivers/STM32F4xx_HAL_Driver/Src/stm32f4xx_hal_i2s.c.obj
                                 0x44 (size before relaxing)
 .comment       0x00000043        0x0 cmake/stm32cubemx/CMakeFiles/STM32_Drivers.dir/__/__/Drivers/STM32F4xx_HAL_Driver/Src/stm32f4xx_hal_i2s_ex.c.obj
                                 0x44 (size before relaxing)
 .comment       0x00000043        0x0 CMakeFiles/stm32LLreverb.dir/Core/Src/main.c.obj
                                 0x44 (size before relaxing)
 .comment       0x00000043        0x0 CMakeFiles/stm32LLreverb.dir/Core/Src/stm32f4xx_it.c.obj
                                 0x44 (size before relaxing)
 .comment       0x00000043        0x0 CMakeFiles/stm32LLreverb.dir/Core/Src/stm32f4xx_hal_msp.c.obj
                                 0x44 (size before relaxing)
 .comment       0x00000043        0x0 CMakeFiles/stm32LLreverb.dir/Core/Src/reverb_dsp.c.obj
                                 0x44 (size before relaxing)
 .comment       0x00000043        0x0 D:/Software/CubeCLT/STM32CubeCLT_1.20.0/GNU-tools-for-STM32/bin/../lib/gcc/arm-none-eabi/13.3.1/../../../../arm-none-eabi/lib/thumb/v7e-m+fp/hard\libg_nano.a(libc_a-init.o)
                                 0x44 (size before relaxing)

.debug_info     0x00000000     0xa06d
 .debug_info    0x00000000      0x53e cmake/stm32cubemx/CMakeFiles/STM32_Drivers.dir/__/__/Core/Src/system_stm32f4xx.c.obj
 .debug_info    0x0000053e      0x951 cmake/stm32cubemx/CMakeFiles/STM32_Drivers.dir/__/__/Drivers/STM32F4xx_HAL_Driver/Src/stm32f4xx_ll_gpio.c.obj
 .debug_info    0x00000e8f      0xce0 cmake/stm32cubemx/CMakeFiles/STM32_Drivers.dir/__/__/Drivers/STM32F4xx_HAL_Driver/Src/stm32f4xx_hal_adc.c.obj
 .debug_info    0x00001b6f      0x92f cmake/stm32cubemx/CMakeFiles/STM32_Drivers.dir/__/__/Drivers/STM32F4xx_HAL_Driver/Src/stm32f4xx_ll_utils.c.obj
 .debug_info    0x0000249e      0x5a1 cmake/stm32cubemx/CMakeFiles/STM32_Drivers.dir/__/__/Drivers/STM32F4xx_HAL_Driver/Src/stm32f4xx_hal_rcc_ex.c.obj
 .debug_info    0x00002a3f      0x6f9 cmake/stm32cubemx/CMakeFiles/STM32_Drivers.dir/__/__/Drivers/STM32F4xx_HAL_Driver/Src/stm32f4xx_hal_gpio.c.obj
 .debug_info    0x00003138      0x8e6 cmake/stm32cubemx/CMakeFiles/STM32_Drivers.dir/__/__/Drivers/STM32F4xx_HAL_Driver/Src/stm32f4xx_hal_dma.c.obj
 .debug_info    0x00003a1e      0xcfc cmake/stm32cubemx/CMakeFiles/STM32_Drivers.dir/__/__/Drivers/STM32F4xx_HAL_Driver/Src/stm32f4xx_hal_cortex.c.obj
 .debug_info    0x0000471a      0x8c4 cmake/stm32cubemx/CMakeFiles/STM32_Drivers.dir/__/__/Drivers/STM32F4xx_HAL_Driver/Src/stm32f4xx_hal.c.obj
 .debug_info    0x00004fde      0xe07 cmake/stm32cubemx/CMakeFiles/STM32_Drivers.dir/__/__/Drivers/STM32F4xx_HAL_Driver/Src/stm32f4xx_hal_i2s.c.obj
 .debug_info    0x00005de5      0xab3 cmake/stm32cubemx/CMakeFiles/STM32_Drivers.dir/__/__/Drivers/STM32F4xx_HAL_Driver/Src/stm32f4xx_hal_i2s_ex.c.obj
 .debug_info    0x00006898     0x1e4b CMakeFiles/stm32LLreverb.dir/Core/Src/main.c.obj
 .debug_info    0x000086e3      0x435 CMakeFiles/stm32LLreverb.dir/Core/Src/stm32f4xx_it.c.obj
 .debug_info    0x00008b18      0xcff CMakeFiles/stm32LLreverb.dir/Core/Src/stm32f4xx_hal_msp.c.obj
 .debug_info    0x00009817       0x30 CMakeFiles/stm32LLreverb.dir/startup_stm32f411xe.s.obj
 .debug_info    0x00009847      0x71b CMakeFiles/stm32LLreverb.dir/Core/Src/reverb_dsp.c.obj
 .debug_info    0x00009f62      0x10b D:/Software/CubeCLT/STM32CubeCLT_1.20.0/GNU-tools-for-STM32/bin/../lib/gcc/arm-none-eabi/13.3.1/../../../../arm-none-eabi/lib/thumb/v7e-m+fp/hard\libg_nano.a(libc_a-init.o)

.debug_abbrev   0x00000000     0x218e
 .debug_abbrev  0x00000000      0x11a cmake/stm32cubemx/CMakeFiles/STM32_Drivers.dir/__/__/Core/Src/system_stm32f4xx.c.obj
 .debug_abbrev  0x0000011a      0x236 cmake/stm32cubemx/CMakeFiles/STM32_Drivers.dir/__/__/Drivers/STM32F4xx_HAL_Driver/Src/stm32f4xx_ll_gpio.c.obj
 .debug_abbrev  0x00000350      0x20e cmake/stm32cubemx/CMakeFiles/STM32_Drivers.dir/__/__/Drivers/STM32F4xx_HAL_Driver/Src/stm32f4xx_hal_adc.c.obj
 .debug_abbrev  0x0000055e      0x232 cmake/stm32cubemx/CMakeFiles/STM32_Drivers.dir/__/__/Drivers/STM32F4xx_HAL_Driver/Src/stm32f4xx_ll_utils.c.obj
 .debug_abbrev  0x00000790      0x1b2 cmake/stm32cubemx/CMakeFiles/STM32_Drivers.dir/__/__/Drivers/STM32F4xx_HAL_Driver/Src/stm32f4xx_hal_rcc_ex.c.obj
 .debug_abbrev  0x00000942      0x1d3 cmake/stm32cubemx/CMakeFiles/STM32_Drivers.dir/__/__/Drivers/STM32F4xx_HAL_Driver/Src/stm32f4xx_hal_gpio.c.obj
 .debug_abbrev  0x00000b15      0x221 cmake/stm32cubemx/CMakeFiles/STM32_Drivers.dir/__/__/Drivers/STM32F4xx_HAL_Driver/Src/stm32f4xx_hal_dma.c.obj
 .debug_abbrev  0x00000d36      0x31d cmake/stm32cubemx/CMakeFiles/STM32_Drivers.dir/__/__/Drivers/STM32F4xx_HAL_Driver/Src/stm32f4xx_hal_cortex.c.obj
 .debug_abbrev  0x00001053      0x24b cmake/stm32cubemx/CMakeFiles/STM32_Drivers.dir/__/__/Drivers/STM32F4xx_HAL_Driver/Src/stm32f4xx_hal.c.obj
 .debug_abbrev  0x0000129e      0x26c cmake/stm32cubemx/CMakeFiles/STM32_Drivers.dir/__/__/Drivers/STM32F4xx_HAL_Driver/Src/stm32f4xx_hal_i2s.c.obj
 .debug_abbrev  0x0000150a      0x285 cmake/stm32cubemx/CMakeFiles/STM32_Drivers.dir/__/__/Drivers/STM32F4xx_HAL_Driver/Src/stm32f4xx_hal_i2s_ex.c.obj
 .debug_abbrev  0x0000178f      0x418 CMakeFiles/stm32LLreverb.dir/Core/Src/main.c.obj
 .debug_abbrev  0x00001ba7      0x164 CMakeFiles/stm32LLreverb.dir/Core/Src/stm32f4xx_it.c.obj
 .debug_abbrev  0x00001d0b      0x231 CMakeFiles/stm32LLreverb.dir/Core/Src/stm32f4xx_hal_msp.c.obj
 .debug_abbrev  0x00001f3c       0x24 CMakeFiles/stm32LLreverb.dir/startup_stm32f411xe.s.obj
 .debug_abbrev  0x00001f60      0x165 CMakeFiles/stm32LLreverb.dir/Core/Src/reverb_dsp.c.obj
 .debug_abbrev  0x000020c5       0xc9 D:/Software/CubeCLT/STM32CubeCLT_1.20.0/GNU-tools-for-STM32/bin/../lib/gcc/arm-none-eabi/13.3.1/../../../../arm-none-eabi/lib/thumb/v7e-m+fp/hard\libg_nano.a(libc_a-init.o)

.debug_aranges  0x00000000      0xa90
 .debug_aranges
                0x00000000       0x28 cmake/stm32cubemx/CMakeFiles/STM32_Drivers.dir/__/__/Core/Src/system_stm32f4xx.c.obj
 .debug_aranges
                0x00000028       0x70 cmake/stm32cubemx/CMakeFiles/STM32_Drivers.dir/__/__/Drivers/STM32F4xx_HAL_Driver/Src/stm32f4xx_ll_gpio.c.obj
 .debug_aranges
                0x00000098       0xe8 cmake/stm32cubemx/CMakeFiles/STM32_Drivers.dir/__/__/Drivers/STM32F4xx_HAL_Driver/Src/stm32f4xx_hal_adc.c.obj
 .debug_aranges
                0x00000180       0xf8 cmake/stm32cubemx/CMakeFiles/STM32_Drivers.dir/__/__/Drivers/STM32F4xx_HAL_Driver/Src/stm32f4xx_ll_utils.c.obj
 .debug_aranges
                0x00000278       0x50 cmake/stm32cubemx/CMakeFiles/STM32_Drivers.dir/__/__/Drivers/STM32F4xx_HAL_Driver/Src/stm32f4xx_hal_rcc_ex.c.obj
 .debug_aranges
                0x000002c8       0x58 cmake/stm32cubemx/CMakeFiles/STM32_Drivers.dir/__/__/Drivers/STM32F4xx_HAL_Driver/Src/stm32f4xx_hal_gpio.c.obj
 .debug_aranges
                0x00000320       0x90 cmake/stm32cubemx/CMakeFiles/STM32_Drivers.dir/__/__/Drivers/STM32F4xx_HAL_Driver/Src/stm32f4xx_hal_dma.c.obj
 .debug_aranges
                0x000003b0      0x130 cmake/stm32cubemx/CMakeFiles/STM32_Drivers.dir/__/__/Drivers/STM32F4xx_HAL_Driver/Src/stm32f4xx_hal_cortex.c.obj
 .debug_aranges
                0x000004e0       0xf0 cmake/stm32cubemx/CMakeFiles/STM32_Drivers.dir/__/__/Drivers/STM32F4xx_HAL_Driver/Src/stm32f4xx_hal.c.obj
 .debug_aranges
                0x000005d0      0x108 cmake/stm32cubemx/CMakeFiles/STM32_Drivers.dir/__/__/Drivers/STM32F4xx_HAL_Driver/Src/stm32f4xx_hal_i2s.c.obj
 .debug_aranges
                0x000006d8       0x88 cmake/stm32cubemx/CMakeFiles/STM32_Drivers.dir/__/__/Drivers/STM32F4xx_HAL_Driver/Src/stm32f4xx_hal_i2s_ex.c.obj
 .debug_aranges
                0x00000760      0x1c0 CMakeFiles/stm32LLreverb.dir/Core/Src/main.c.obj
 .debug_aranges
                0x00000920       0x78 CMakeFiles/stm32LLreverb.dir/Core/Src/stm32f4xx_it.c.obj
 .debug_aranges
                0x00000998       0x48 CMakeFiles/stm32LLreverb.dir/Core/Src/stm32f4xx_hal_msp.c.obj
 .debug_aranges
                0x000009e0       0x28 CMakeFiles/stm32LLreverb.dir/startup_stm32f411xe.s.obj
 .debug_aranges
                0x00000a08       0x68 CMakeFiles/stm32LLreverb.dir/Core/Src/reverb_dsp.c.obj
 .debug_aranges
                0x00000a70       0x20 D:/Software/CubeCLT/STM32CubeCLT_1.20.0/GNU-tools-for-STM32/bin/../lib/gcc/arm-none-eabi/13.3.1/../../../../arm-none-eabi/lib/thumb/v7e-m+fp/hard\libg_nano.a(libc_a-init.o)

.debug_rnglists
                0x00000000      0x7db
 .debug_rnglists
                0x00000000       0x1a cmake/stm32cubemx/CMakeFiles/STM32_Drivers.dir/__/__/Core/Src/system_stm32f4xx.c.obj
 .debug_rnglists
                0x0000001a       0x51 cmake/stm32cubemx/CMakeFiles/STM32_Drivers.dir/__/__/Drivers/STM32F4xx_HAL_Driver/Src/stm32f4xx_ll_gpio.c.obj
 .debug_rnglists
                0x0000006b       0xb5 cmake/stm32cubemx/CMakeFiles/STM32_Drivers.dir/__/__/Drivers/STM32F4xx_HAL_Driver/Src/stm32f4xx_hal_adc.c.obj
 .debug_rnglists
                0x00000120       0xb8 cmake/stm32cubemx/CMakeFiles/STM32_Drivers.dir/__/__/Drivers/STM32F4xx_HAL_Driver/Src/stm32f4xx_ll_utils.c.obj
 .debug_rnglists
                0x000001d8       0x3c cmake/stm32cubemx/CMakeFiles/STM32_Drivers.dir/__/__/Drivers/STM32F4xx_HAL_Driver/Src/stm32f4xx_hal_rcc_ex.c.obj
 .debug_rnglists
                0x00000214       0x3f cmake/stm32cubemx/CMakeFiles/STM32_Drivers.dir/__/__/Drivers/STM32F4xx_HAL_Driver/Src/stm32f4xx_hal_gpio.c.obj
 .debug_rnglists
                0x00000253       0x70 cmake/stm32cubemx/CMakeFiles/STM32_Drivers.dir/__/__/Drivers/STM32F4xx_HAL_Driver/Src/stm32f4xx_hal_dma.c.obj
 .debug_rnglists
                0x000002c3       0xe0 cmake/stm32cubemx/CMakeFiles/STM32_Drivers.dir/__/__/Drivers/STM32F4xx_HAL_Driver/Src/stm32f4xx_hal_cortex.c.obj
 .debug_rnglists
                0x000003a3       0xaf cmake/stm32cubemx/CMakeFiles/STM32_Drivers.dir/__/__/Drivers/STM32F4xx_HAL_Driver/Src/stm32f4xx_hal.c.obj
 .debug_rnglists
                0x00000452       0xcc cmake/stm32cubemx/CMakeFiles/STM32_Drivers.dir/__/__/Drivers/STM32F4xx_HAL_Driver/Src/stm32f4xx_hal_i2s.c.obj
 .debug_rnglists
                0x0000051e       0x6a cmake/stm32cubemx/CMakeFiles/STM32_Drivers.dir/__/__/Drivers/STM32F4xx_HAL_Driver/Src/stm32f4xx_hal_i2s_ex.c.obj
 .debug_rnglists
                0x00000588      0x151 CMakeFiles/stm32LLreverb.dir/Core/Src/main.c.obj
 .debug_rnglists
                0x000006d9       0x55 CMakeFiles/stm32LLreverb.dir/Core/Src/stm32f4xx_it.c.obj
 .debug_rnglists
                0x0000072e       0x33 CMakeFiles/stm32LLreverb.dir/Core/Src/stm32f4xx_hal_msp.c.obj
 .debug_rnglists
                0x00000761       0x19 CMakeFiles/stm32LLreverb.dir/startup_stm32f411xe.s.obj
 .debug_rnglists
                0x0000077a       0x4e CMakeFiles/stm32LLreverb.dir/Core/Src/reverb_dsp.c.obj
 .debug_rnglists
                0x000007c8       0x13 D:/Software/CubeCLT/STM32CubeCLT_1.20.0/GNU-tools-for-STM32/bin/../lib/gcc/arm-none-eabi/13.3.1/../../../../arm-none-eabi/lib/thumb/v7e-m+fp/hard\libg_nano.a(libc_a-init.o)

.debug_macro    0x00000000    0x17dc5
 .debug_macro   0x00000000      0x1f1 cmake/stm32cubemx/CMakeFiles/STM32_Drivers.dir/__/__/Core/Src/system_stm32f4xx.c.obj
 .debug_macro   0x000001f1      0xade cmake/stm32cubemx/CMakeFiles/STM32_Drivers.dir/__/__/Core/Src/system_stm32f4xx.c.obj
 .debug_macro   0x00000ccf       0x2e cmake/stm32cubemx/CMakeFiles/STM32_Drivers.dir/__/__/Core/Src/system_stm32f4xx.c.obj
 .debug_macro   0x00000cfd       0x28 cmake/stm32cubemx/CMakeFiles/STM32_Drivers.dir/__/__/Core/Src/system_stm32f4xx.c.obj
 .debug_macro   0x00000d25       0x22 cmake/stm32cubemx/CMakeFiles/STM32_Drivers.dir/__/__/Core/Src/system_stm32f4xx.c.obj
 .debug_macro   0x00000d47       0x8e cmake/stm32cubemx/CMakeFiles/STM32_Drivers.dir/__/__/Core/Src/system_stm32f4xx.c.obj
 .debug_macro   0x00000dd5       0x51 cmake/stm32cubemx/CMakeFiles/STM32_Drivers.dir/__/__/Core/Src/system_stm32f4xx.c.obj
 .debug_macro   0x00000e26      0x103 cmake/stm32cubemx/CMakeFiles/STM32_Drivers.dir/__/__/Core/Src/system_stm32f4xx.c.obj
 .debug_macro   0x00000f29       0x6a cmake/stm32cubemx/CMakeFiles/STM32_Drivers.dir/__/__/Core/Src/system_stm32f4xx.c.obj
 .debug_macro   0x00000f93      0x1df cmake/stm32cubemx/CMakeFiles/STM32_Drivers.dir/__/__/Core/Src/system_stm32f4xx.c.obj
 .debug_macro   0x00001172       0x1c cmake/stm32cubemx/CMakeFiles/STM32_Drivers.dir/__/__/Core/Src/system_stm32f4xx.c.obj
 .debug_macro   0x0000118e       0x22 cmake/stm32cubemx/CMakeFiles/STM32_Drivers.dir/__/__/Core/Src/system_stm32f4xx.c.obj
 .debug_macro   0x000011b0       0xfb cmake/stm32cubemx/CMakeFiles/STM32_Drivers.dir/__/__/Core/Src/system_stm32f4xx.c.obj
 .debug_macro   0x000012ab     0x1011 cmake/stm32cubemx/CMakeFiles/STM32_Drivers.dir/__/__/Core/Src/system_stm32f4xx.c.obj
 .debug_macro   0x000022bc      0x11f cmake/stm32cubemx/CMakeFiles/STM32_Drivers.dir/__/__/Core/Src/system_stm32f4xx.c.obj
 .debug_macro   0x000023db     0xb968 cmake/stm32cubemx/CMakeFiles/STM32_Drivers.dir/__/__/Core/Src/system_stm32f4xx.c.obj
 .debug_macro   0x0000dd43       0x6d cmake/stm32cubemx/CMakeFiles/STM32_Drivers.dir/__/__/Core/Src/system_stm32f4xx.c.obj
 .debug_macro   0x0000ddb0      0x29b cmake/stm32cubemx/CMakeFiles/STM32_Drivers.dir/__/__/Core/Src/system_stm32f4xx.c.obj
 .debug_macro   0x0000e04b     0x3693 cmake/stm32cubemx/CMakeFiles/STM32_Drivers.dir/__/__/Core/Src/system_stm32f4xx.c.obj
 .debug_macro   0x000116de      0x190 cmake/stm32cubemx/CMakeFiles/STM32_Drivers.dir/__/__/Core/Src/system_stm32f4xx.c.obj
 .debug_macro   0x0001186e       0x5c cmake/stm32cubemx/CMakeFiles/STM32_Drivers.dir/__/__/Core/Src/system_stm32f4xx.c.obj
 .debug_macro   0x000118ca      0x45c cmake/stm32cubemx/CMakeFiles/STM32_Drivers.dir/__/__/Core/Src/system_stm32f4xx.c.obj
 .debug_macro   0x00011d26      0x9e9 cmake/stm32cubemx/CMakeFiles/STM32_Drivers.dir/__/__/Core/Src/system_stm32f4xx.c.obj
 .debug_macro   0x0001270f      0x115 cmake/stm32cubemx/CMakeFiles/STM32_Drivers.dir/__/__/Core/Src/system_stm32f4xx.c.obj
 .debug_macro   0x00012824      0x11b cmake/stm32cubemx/CMakeFiles/STM32_Drivers.dir/__/__/Core/Src/system_stm32f4xx.c.obj
 .debug_macro   0x0001293f       0xa5 cmake/stm32cubemx/CMakeFiles/STM32_Drivers.dir/__/__/Core/Src/system_stm32f4xx.c.obj
 .debug_macro   0x000129e4      0x15f cmake/stm32cubemx/CMakeFiles/STM32_Drivers.dir/__/__/Core/Src/system_stm32f4xx.c.obj
 .debug_macro   0x00012b43      0x287 cmake/stm32cubemx/CMakeFiles/STM32_Drivers.dir/__/__/Core/Src/system_stm32f4xx.c.obj
 .debug_macro   0x00012dca       0x5f cmake/stm32cubemx/CMakeFiles/STM32_Drivers.dir/__/__/Core/Src/system_stm32f4xx.c.obj
 .debug_macro   0x00012e29      0x236 cmake/stm32cubemx/CMakeFiles/STM32_Drivers.dir/__/__/Core/Src/system_stm32f4xx.c.obj
 .debug_macro   0x0001305f      0x9e1 cmake/stm32cubemx/CMakeFiles/STM32_Drivers.dir/__/__/Core/Src/system_stm32f4xx.c.obj
 .debug_macro   0x00013a40      0x38b cmake/stm32cubemx/CMakeFiles/STM32_Drivers.dir/__/__/Core/Src/system_stm32f4xx.c.obj
 .debug_macro   0x00013dcb      0x17d cmake/stm32cubemx/CMakeFiles/STM32_Drivers.dir/__/__/Core/Src/system_stm32f4xx.c.obj
 .debug_macro   0x00013f48       0xf9 cmake/stm32cubemx/CMakeFiles/STM32_Drivers.dir/__/__/Core/Src/system_stm32f4xx.c.obj
 .debug_macro   0x00014041      0x132 cmake/stm32cubemx/CMakeFiles/STM32_Drivers.dir/__/__/Core/Src/system_stm32f4xx.c.obj
 .debug_macro   0x00014173      0x264 cmake/stm32cubemx/CMakeFiles/STM32_Drivers.dir/__/__/Core/Src/system_stm32f4xx.c.obj
 .debug_macro   0x000143d7       0x2e cmake/stm32cubemx/CMakeFiles/STM32_Drivers.dir/__/__/Core/Src/system_stm32f4xx.c.obj
 .debug_macro   0x00014405      0x1a7 cmake/stm32cubemx/CMakeFiles/STM32_Drivers.dir/__/__/Core/Src/system_stm32f4xx.c.obj
 .debug_macro   0x000145ac       0x46 cmake/stm32cubemx/CMakeFiles/STM32_Drivers.dir/__/__/Core/Src/system_stm32f4xx.c.obj
 .debug_macro   0x000145f2       0x4a cmake/stm32cubemx/CMakeFiles/STM32_Drivers.dir/__/__/Core/Src/system_stm32f4xx.c.obj
 .debug_macro   0x0001463c      0x127 cmake/stm32cubemx/CMakeFiles/STM32_Drivers.dir/__/__/Core/Src/system_stm32f4xx.c.obj
 .debug_macro   0x00014763       0x85 cmake/stm32cubemx/CMakeFiles/STM32_Drivers.dir/__/__/Core/Src/system_stm32f4xx.c.obj
 .debug_macro   0x000147e8       0x89 cmake/stm32cubemx/CMakeFiles/STM32_Drivers.dir/__/__/Core/Src/system_stm32f4xx.c.obj
 .debug_macro   0x00014871      0x126 cmake/stm32cubemx/CMakeFiles/STM32_Drivers.dir/__/__/Core/Src/system_stm32f4xx.c.obj
 .debug_macro   0x00014997      0x233 cmake/stm32cubemx/CMakeFiles/STM32_Drivers.dir/__/__/Drivers/STM32F4xx_HAL_Driver/Src/stm32f4xx_ll_gpio.c.obj
 .debug_macro   0x00014bca      0x143 cmake/stm32cubemx/CMakeFiles/STM32_Drivers.dir/__/__/Drivers/STM32F4xx_HAL_Driver/Src/stm32f4xx_ll_gpio.c.obj
 .debug_macro   0x00014d0d      0x11d cmake/stm32cubemx/CMakeFiles/STM32_Drivers.dir/__/__/Drivers/STM32F4xx_HAL_Driver/Src/stm32f4xx_ll_gpio.c.obj
 .debug_macro   0x00014e2a      0x1f2 cmake/stm32cubemx/CMakeFiles/STM32_Drivers.dir/__/__/Drivers/STM32F4xx_HAL_Driver/Src/stm32f4xx_hal_adc.c.obj
 .debug_macro   0x0001501c      0x2cb cmake/stm32cubemx/CMakeFiles/STM32_Drivers.dir/__/__/Drivers/STM32F4xx_HAL_Driver/Src/stm32f4xx_ll_utils.c.obj
 .debug_macro   0x000152e7       0x5b cmake/stm32cubemx/CMakeFiles/STM32_Drivers.dir/__/__/Drivers/STM32F4xx_HAL_Driver/Src/stm32f4xx_ll_utils.c.obj
 .debug_macro   0x00015342      0x788 cmake/stm32cubemx/CMakeFiles/STM32_Drivers.dir/__/__/Drivers/STM32F4xx_HAL_Driver/Src/stm32f4xx_ll_utils.c.obj
 .debug_macro   0x00015aca      0x1ab cmake/stm32cubemx/CMakeFiles/STM32_Drivers.dir/__/__/Drivers/STM32F4xx_HAL_Driver/Src/stm32f4xx_ll_utils.c.obj
 .debug_macro   0x00015c75       0xbc cmake/stm32cubemx/CMakeFiles/STM32_Drivers.dir/__/__/Drivers/STM32F4xx_HAL_Driver/Src/stm32f4xx_ll_utils.c.obj
 .debug_macro   0x00015d31      0x1f1 cmake/stm32cubemx/CMakeFiles/STM32_Drivers.dir/__/__/Drivers/STM32F4xx_HAL_Driver/Src/stm32f4xx_hal_rcc_ex.c.obj
 .debug_macro   0x00015f22      0x1f7 cmake/stm32cubemx/CMakeFiles/STM32_Drivers.dir/__/__/Drivers/STM32F4xx_HAL_Driver/Src/stm32f4xx_hal_gpio.c.obj
 .debug_macro   0x00016119      0x1f7 cmake/stm32cubemx/CMakeFiles/STM32_Drivers.dir/__/__/Drivers/STM32F4xx_HAL_Driver/Src/stm32f4xx_hal_dma.c.obj
 .debug_macro   0x00016310      0x1f1 cmake/stm32cubemx/CMakeFiles/STM32_Drivers.dir/__/__/Drivers/STM32F4xx_HAL_Driver/Src/stm32f4xx_hal_cortex.c.obj
 .debug_macro   0x00016501      0x251 cmake/stm32cubemx/CMakeFiles/STM32_Drivers.dir/__/__/Drivers/STM32F4xx_HAL_Driver/Src/stm32f4xx_hal.c.obj
 .debug_macro   0x00016752      0x1f9 cmake/stm32cubemx/CMakeFiles/STM32_Drivers.dir/__/__/Drivers/STM32F4xx_HAL_Driver/Src/stm32f4xx_hal_i2s.c.obj
 .debug_macro   0x0001694b      0x1f1 cmake/stm32cubemx/CMakeFiles/STM32_Drivers.dir/__/__/Drivers/STM32F4xx_HAL_Driver/Src/stm32f4xx_hal_i2s_ex.c.obj
 .debug_macro   0x00016b3c      0x265 CMakeFiles/stm32LLreverb.dir/Core/Src/main.c.obj
 .debug_macro   0x00016da1      0x1e6 CMakeFiles/stm32LLreverb.dir/Core/Src/main.c.obj
 .debug_macro   0x00016f87       0xe8 CMakeFiles/stm32LLreverb.dir/Core/Src/main.c.obj
 .debug_macro   0x0001706f      0x1a6 CMakeFiles/stm32LLreverb.dir/Core/Src/main.c.obj
 .debug_macro   0x00017215       0x61 CMakeFiles/stm32LLreverb.dir/Core/Src/main.c.obj
 .debug_macro   0x00017276      0x149 CMakeFiles/stm32LLreverb.dir/Core/Src/main.c.obj
 .debug_macro   0x000173bf      0x241 CMakeFiles/stm32LLreverb.dir/Core/Src/main.c.obj
 .debug_macro   0x00017600      0x256 CMakeFiles/stm32LLreverb.dir/Core/Src/stm32f4xx_it.c.obj
 .debug_macro   0x00017856      0x24c CMakeFiles/stm32LLreverb.dir/Core/Src/stm32f4xx_hal_msp.c.obj
 .debug_macro   0x00017aa2      0x114 CMakeFiles/stm32LLreverb.dir/Core/Src/reverb_dsp.c.obj
 .debug_macro   0x00017bb6       0x74 CMakeFiles/stm32LLreverb.dir/Core/Src/reverb_dsp.c.obj
 .debug_macro   0x00017c2a      0x19b CMakeFiles/stm32LLreverb.dir/Core/Src/reverb_dsp.c.obj

.debug_line     0x00000000     0xc1a8
 .debug_line    0x00000000      0x7c1 cmake/stm32cubemx/CMakeFiles/STM32_Drivers.dir/__/__/Core/Src/system_stm32f4xx.c.obj
 .debug_line    0x000007c1      0xb06 cmake/stm32cubemx/CMakeFiles/STM32_Drivers.dir/__/__/Drivers/STM32F4xx_HAL_Driver/Src/stm32f4xx_ll_gpio.c.obj
 .debug_line    0x000012c7     0x1194 cmake/stm32cubemx/CMakeFiles/STM32_Drivers.dir/__/__/Drivers/STM32F4xx_HAL_Driver/Src/stm32f4xx_hal_adc.c.obj
 .debug_line    0x0000245b      0xc66 cmake/stm32cubemx/CMakeFiles/STM32_Drivers.dir/__/__/Drivers/STM32F4xx_HAL_Driver/Src/stm32f4xx_ll_utils.c.obj
 .debug_line    0x000030c1      0xaf4 cmake/stm32cubemx/CMakeFiles/STM32_Drivers.dir/__/__/Drivers/STM32F4xx_HAL_Driver/Src/stm32f4xx_hal_rcc_ex.c.obj
 .debug_line    0x00003bb5      0xb59 cmake/stm32cubemx/CMakeFiles/STM32_Drivers.dir/__/__/Drivers/STM32F4xx_HAL_Driver/Src/stm32f4xx_hal_gpio.c.obj
 .debug_line    0x0000470e      0xfa9 cmake/stm32cubemx/CMakeFiles/STM32_Drivers.dir/__/__/Drivers/STM32F4xx_HAL_Driver/Src/stm32f4xx_hal_dma.c.obj
 .debug_line    0x000056b7      0xd0d cmake/stm32cubemx/CMakeFiles/STM32_Drivers.dir/__/__/Drivers/STM32F4xx_HAL_Driver/Src/stm32f4xx_hal_cortex.c.obj
 .debug_line    0x000063c4      0xa3d cmake/stm32cubemx/CMakeFiles/STM32_Drivers.dir/__/__/Drivers/STM32F4xx_HAL_Driver/Src/stm32f4xx_hal.c.obj
 .debug_line    0x00006e01     0x1395 cmake/stm32cubemx/CMakeFiles/STM32_Drivers.dir/__/__/Drivers/STM32F4xx_HAL_Driver/Src/stm32f4xx_hal_i2s.c.obj
 .debug_line    0x00008196     0x1295 cmake/stm32cubemx/CMakeFiles/STM32_Drivers.dir/__/__/Drivers/STM32F4xx_HAL_Driver/Src/stm32f4xx_hal_i2s_ex.c.obj
 .debug_line    0x0000942b     0x11ca CMakeFiles/stm32LLreverb.dir/Core/Src/main.c.obj
 .debug_line    0x0000a5f5      0x8fa CMakeFiles/stm32LLreverb.dir/Core/Src/stm32f4xx_it.c.obj
 .debug_line    0x0000aeef      0x968 CMakeFiles/stm32LLreverb.dir/Core/Src/stm32f4xx_hal_msp.c.obj
 .debug_line    0x0000b857       0x7a CMakeFiles/stm32LLreverb.dir/startup_stm32f411xe.s.obj
 .debug_line    0x0000b8d1      0x767 CMakeFiles/stm32LLreverb.dir/Core/Src/reverb_dsp.c.obj
 .debug_line    0x0000c038      0x170 D:/Software/CubeCLT/STM32CubeCLT_1.20.0/GNU-tools-for-STM32/bin/../lib/gcc/arm-none-eabi/13.3.1/../../../../arm-none-eabi/lib/thumb/v7e-m+fp/hard\libg_nano.a(libc_a-init.o)

.debug_str      0x00000000    0x9d1fe
 .debug_str     0x00000000    0x9d1fe cmake/stm32cubemx/CMakeFiles/STM32_Drivers.dir/__/__/Core/Src/system_stm32f4xx.c.obj
                              0x8b220 (size before relaxing)
 .debug_str     0x0009d1fe        0x0 cmake/stm32cubemx/CMakeFiles/STM32_Drivers.dir/__/__/Drivers/STM32F4xx_HAL_Driver/Src/stm32f4xx_ll_gpio.c.obj
                              0x8c70d (size before relaxing)
 .debug_str     0x0009d1fe        0x0 cmake/stm32cubemx/CMakeFiles/STM32_Drivers.dir/__/__/Drivers/STM32F4xx_HAL_Driver/Src/stm32f4xx_hal_adc.c.obj
                              0x8b7fb (size before relaxing)
 .debug_str     0x0009d1fe        0x0 cmake/stm32cubemx/CMakeFiles/STM32_Drivers.dir/__/__/Drivers/STM32F4xx_HAL_Driver/Src/stm32f4xx_ll_utils.c.obj
                              0x92ca6 (size before relaxing)
 .debug_str     0x0009d1fe        0x0 cmake/stm32cubemx/CMakeFiles/STM32_Drivers.dir/__/__/Drivers/STM32F4xx_HAL_Driver/Src/stm32f4xx_hal_rcc_ex.c.obj
                              0x8b3a8 (size before relaxing)
 .debug_str     0x0009d1fe        0x0 cmake/stm32cubemx/CMakeFiles/STM32_Drivers.dir/__/__/Drivers/STM32F4xx_HAL_Driver/Src/stm32f4xx_hal_gpio.c.obj
                              0x8b39b (size before relaxing)
 .debug_str     0x0009d1fe        0x0 cmake/stm32cubemx/CMakeFiles/STM32_Drivers.dir/__/__/Drivers/STM32F4xx_HAL_Driver/Src/stm32f4xx_hal_dma.c.obj
                              0x8b628 (size before relaxing)
 .debug_str     0x0009d1fe        0x0 cmake/stm32cubemx/CMakeFiles/STM32_Drivers.dir/__/__/Drivers/STM32F4xx_HAL_Driver/Src/stm32f4xx_hal_cortex.c.obj
                              0x8b9b6 (size before relaxing)
 .debug_str     0x0009d1fe        0x0 cmake/stm32cubemx/CMakeFiles/STM32_Drivers.dir/__/__/Drivers/STM32F4xx_HAL_Driver/Src/stm32f4xx_hal.c.obj
                              0x8bc4c (size before relaxing)
 .debug_str     0x0009d1fe        0x0 cmake/stm32cubemx/CMakeFiles/STM32_Drivers.dir/__/__/Drivers/STM32F4xx_HAL_Driver/Src/stm32f4xx_hal_i2s.c.obj
                              0x8b7ff (size before relaxing)
 .debug_str     0x0009d1fe        0x0 cmake/stm32cubemx/CMakeFiles/STM32_Drivers.dir/__/__/Drivers/STM32F4xx_HAL_Driver/Src/stm32f4xx_hal_i2s_ex.c.obj
                              0x8b701 (size before relaxing)
 .debug_str     0x0009d1fe        0x0 CMakeFiles/stm32LLreverb.dir/Core/Src/main.c.obj
                              0x96afe (size before relaxing)
 .debug_str     0x0009d1fe        0x0 CMakeFiles/stm32LLreverb.dir/Core/Src/stm32f4xx_it.c.obj
                              0x94d1e (size before relaxing)
 .debug_str     0x0009d1fe        0x0 CMakeFiles/stm32LLreverb.dir/Core/Src/stm32f4xx_hal_msp.c.obj
                              0x951f7 (size before relaxing)
 .debug_str     0x0009d1fe        0x0 CMakeFiles/stm32LLreverb.dir/startup_stm32f411xe.s.obj
                                 0x82 (size before relaxing)
 .debug_str     0x0009d1fe        0x0 CMakeFiles/stm32LLreverb.dir/Core/Src/reverb_dsp.c.obj
                               0x7735 (size before relaxing)
 .debug_str     0x0009d1fe        0x0 D:/Software/CubeCLT/STM32CubeCLT_1.20.0/GNU-tools-for-STM32/bin/../lib/gcc/arm-none-eabi/13.3.1/../../../../arm-none-eabi/lib/thumb/v7e-m+fp/hard\libg_nano.a(libc_a-init.o)
                                0x272 (size before relaxing)

.debug_frame    0x00000000     0x297c
 .debug_frame   0x00000000       0x58 cmake/stm32cubemx/CMakeFiles/STM32_Drivers.dir/__/__/Core/Src/system_stm32f4xx.c.obj
 .debug_frame   0x00000058      0x1c0 cmake/stm32cubemx/CMakeFiles/STM32_Drivers.dir/__/__/Drivers/STM32F4xx_HAL_Driver/Src/stm32f4xx_ll_gpio.c.obj
 .debug_frame   0x00000218      0x3fc cmake/stm32cubemx/CMakeFiles/STM32_Drivers.dir/__/__/Drivers/STM32F4xx_HAL_Driver/Src/stm32f4xx_hal_adc.c.obj
 .debug_frame   0x00000614      0x3f8 cmake/stm32cubemx/CMakeFiles/STM32_Drivers.dir/__/__/Drivers/STM32F4xx_HAL_Driver/Src/stm32f4xx_ll_utils.c.obj
 .debug_frame   0x00000a0c      0x118 cmake/stm32cubemx/CMakeFiles/STM32_Drivers.dir/__/__/Drivers/STM32F4xx_HAL_Driver/Src/stm32f4xx_hal_rcc_ex.c.obj
 .debug_frame   0x00000b24      0x14c cmake/stm32cubemx/CMakeFiles/STM32_Drivers.dir/__/__/Drivers/STM32F4xx_HAL_Driver/Src/stm32f4xx_hal_gpio.c.obj
 .debug_frame   0x00000c70      0x250 cmake/stm32cubemx/CMakeFiles/STM32_Drivers.dir/__/__/Drivers/STM32F4xx_HAL_Driver/Src/stm32f4xx_hal_dma.c.obj
 .debug_frame   0x00000ec0      0x508 cmake/stm32cubemx/CMakeFiles/STM32_Drivers.dir/__/__/Drivers/STM32F4xx_HAL_Driver/Src/stm32f4xx_hal_cortex.c.obj
 .debug_frame   0x000013c8      0x374 cmake/stm32cubemx/CMakeFiles/STM32_Drivers.dir/__/__/Drivers/STM32F4xx_HAL_Driver/Src/stm32f4xx_hal.c.obj
 .debug_frame   0x0000173c      0x484 cmake/stm32cubemx/CMakeFiles/STM32_Drivers.dir/__/__/Drivers/STM32F4xx_HAL_Driver/Src/stm32f4xx_hal_i2s.c.obj
 .debug_frame   0x00001bc0      0x220 cmake/stm32cubemx/CMakeFiles/STM32_Drivers.dir/__/__/Drivers/STM32F4xx_HAL_Driver/Src/stm32f4xx_hal_i2s_ex.c.obj
 .debug_frame   0x00001de0      0x790 CMakeFiles/stm32LLreverb.dir/Core/Src/main.c.obj
 .debug_frame   0x00002570      0x158 CMakeFiles/stm32LLreverb.dir/Core/Src/stm32f4xx_it.c.obj
 .debug_frame   0x000026c8       0xf0 CMakeFiles/stm32LLreverb.dir/Core/Src/stm32f4xx_hal_msp.c.obj
 .debug_frame   0x000027b8      0x198 CMakeFiles/stm32LLreverb.dir/Core/Src/reverb_dsp.c.obj
 .debug_frame   0x00002950       0x2c D:/Software/CubeCLT/STM32CubeCLT_1.20.0/GNU-tools-for-STM32/bin/../lib/gcc/arm-none-eabi/13.3.1/../../../../arm-none-eabi/lib/thumb/v7e-m+fp/hard\libg_nano.a(libc_a-init.o)

.debug_line_str
                0x00000000       0x66
 .debug_line_str
                0x00000000       0x66 CMakeFiles/stm32LLreverb.dir/startup_stm32f411xe.s.obj

.debug_loclists
                0x00000000       0x44
 .debug_loclists
                0x00000000       0x44 D:/Software/CubeCLT/STM32CubeCLT_1.20.0/GNU-tools-for-STM32/bin/../lib/gcc/arm-none-eabi/13.3.1/../../../../arm-none-eabi/lib/thumb/v7e-m+fp/hard\libg_nano.a(libc_a-init.o)
