Archive member included to satisfy reference by file (symbol)

/home/cybersortir936/.local/share/stm32cube/bundles/gnu-tools-for-stm32/14.3.1+st.2/bin/../lib/gcc/arm-none-eabi/14.3.1/thumb/v7e-m+fp/hard/libgcc.a(_aeabi_uldivmod.o)
                              cmake/stm32cubemx/CMakeFiles/STM32_Drivers.dir/__/__/Drivers/STM32F4xx_HAL_Driver/Src/stm32f4xx_hal_rcc.c.obj (__aeabi_uldivmod)
/home/cybersortir936/.local/share/stm32cube/bundles/gnu-tools-for-stm32/14.3.1+st.2/bin/../lib/gcc/arm-none-eabi/14.3.1/thumb/v7e-m+fp/hard/libgcc.a(_udivmoddi4.o)
                              /home/cybersortir936/.local/share/stm32cube/bundles/gnu-tools-for-stm32/14.3.1+st.2/bin/../lib/gcc/arm-none-eabi/14.3.1/thumb/v7e-m+fp/hard/libgcc.a(_aeabi_uldivmod.o) (__udivmoddi4)
/home/cybersortir936/.local/share/stm32cube/bundles/gnu-tools-for-stm32/14.3.1+st.2/bin/../lib/gcc/arm-none-eabi/14.3.1/thumb/v7e-m+fp/hard/libgcc.a(_dvmd_tls.o)
                              /home/cybersortir936/.local/share/stm32cube/bundles/gnu-tools-for-stm32/14.3.1+st.2/bin/../lib/gcc/arm-none-eabi/14.3.1/thumb/v7e-m+fp/hard/libgcc.a(_aeabi_uldivmod.o) (__aeabi_ldiv0)
/home/cybersortir936/.local/share/stm32cube/bundles/gnu-tools-for-stm32/14.3.1+st.2/bin/../lib/gcc/arm-none-eabi/14.3.1/../../../../arm-none-eabi/lib/thumb/v7e-m+fp/hard/libg_nano.a(libc_a-exit.o)
                              /home/cybersortir936/.local/share/stm32cube/bundles/gnu-tools-for-stm32/14.3.1+st.2/bin/../lib/gcc/arm-none-eabi/14.3.1/../../../../arm-none-eabi/lib/thumb/v7e-m+fp/hard/crt0.o (exit)
/home/cybersortir936/.local/share/stm32cube/bundles/gnu-tools-for-stm32/14.3.1+st.2/bin/../lib/gcc/arm-none-eabi/14.3.1/../../../../arm-none-eabi/lib/thumb/v7e-m+fp/hard/libg_nano.a(libc_a-findfp.o)
                              /home/cybersortir936/.local/share/stm32cube/bundles/gnu-tools-for-stm32/14.3.1+st.2/bin/../lib/gcc/arm-none-eabi/14.3.1/../../../../arm-none-eabi/lib/thumb/v7e-m+fp/hard/libg_nano.a(libc_a-exit.o) (__stdio_exit_handler)
/home/cybersortir936/.local/share/stm32cube/bundles/gnu-tools-for-stm32/14.3.1+st.2/bin/../lib/gcc/arm-none-eabi/14.3.1/../../../../arm-none-eabi/lib/thumb/v7e-m+fp/hard/libg_nano.a(libc_a-fwalk.o)
                              /home/cybersortir936/.local/share/stm32cube/bundles/gnu-tools-for-stm32/14.3.1+st.2/bin/../lib/gcc/arm-none-eabi/14.3.1/../../../../arm-none-eabi/lib/thumb/v7e-m+fp/hard/libg_nano.a(libc_a-findfp.o) (_fwalk_sglue)
/home/cybersortir936/.local/share/stm32cube/bundles/gnu-tools-for-stm32/14.3.1+st.2/bin/../lib/gcc/arm-none-eabi/14.3.1/../../../../arm-none-eabi/lib/thumb/v7e-m+fp/hard/libg_nano.a(libc_a-stdio.o)
                              /home/cybersortir936/.local/share/stm32cube/bundles/gnu-tools-for-stm32/14.3.1+st.2/bin/../lib/gcc/arm-none-eabi/14.3.1/../../../../arm-none-eabi/lib/thumb/v7e-m+fp/hard/libg_nano.a(libc_a-findfp.o) (__sread)
/home/cybersortir936/.local/share/stm32cube/bundles/gnu-tools-for-stm32/14.3.1+st.2/bin/../lib/gcc/arm-none-eabi/14.3.1/../../../../arm-none-eabi/lib/thumb/v7e-m+fp/hard/libg_nano.a(libc_a-memset.o)
                              /home/cybersortir936/.local/share/stm32cube/bundles/gnu-tools-for-stm32/14.3.1+st.2/bin/../lib/gcc/arm-none-eabi/14.3.1/../../../../arm-none-eabi/lib/thumb/v7e-m+fp/hard/crt0.o (memset)
/home/cybersortir936/.local/share/stm32cube/bundles/gnu-tools-for-stm32/14.3.1+st.2/bin/../lib/gcc/arm-none-eabi/14.3.1/../../../../arm-none-eabi/lib/thumb/v7e-m+fp/hard/libg_nano.a(libc_a-closer.o)
                              /home/cybersortir936/.local/share/stm32cube/bundles/gnu-tools-for-stm32/14.3.1+st.2/bin/../lib/gcc/arm-none-eabi/14.3.1/../../../../arm-none-eabi/lib/thumb/v7e-m+fp/hard/libg_nano.a(libc_a-stdio.o) (_close_r)
/home/cybersortir936/.local/share/stm32cube/bundles/gnu-tools-for-stm32/14.3.1+st.2/bin/../lib/gcc/arm-none-eabi/14.3.1/../../../../arm-none-eabi/lib/thumb/v7e-m+fp/hard/libg_nano.a(libc_a-reent.o)
                              /home/cybersortir936/.local/share/stm32cube/bundles/gnu-tools-for-stm32/14.3.1+st.2/bin/../lib/gcc/arm-none-eabi/14.3.1/../../../../arm-none-eabi/lib/thumb/v7e-m+fp/hard/libg_nano.a(libc_a-closer.o) (errno)
/home/cybersortir936/.local/share/stm32cube/bundles/gnu-tools-for-stm32/14.3.1+st.2/bin/../lib/gcc/arm-none-eabi/14.3.1/../../../../arm-none-eabi/lib/thumb/v7e-m+fp/hard/libg_nano.a(libc_a-impure.o)
                              /home/cybersortir936/.local/share/stm32cube/bundles/gnu-tools-for-stm32/14.3.1+st.2/bin/../lib/gcc/arm-none-eabi/14.3.1/../../../../arm-none-eabi/lib/thumb/v7e-m+fp/hard/libg_nano.a(libc_a-reent.o) (_impure_ptr)
/home/cybersortir936/.local/share/stm32cube/bundles/gnu-tools-for-stm32/14.3.1+st.2/bin/../lib/gcc/arm-none-eabi/14.3.1/../../../../arm-none-eabi/lib/thumb/v7e-m+fp/hard/libg_nano.a(libc_a-lseekr.o)
[...]
Memory Configuration

Name             Origin             Length             Attributes
RAM              0x20000000         0x00020000         xrw
FLASH            0x08000000         0x00080000         xr
*default*        0x00000000         0xffffffff

Linker script and memory map

LOAD /home/cybersortir936/.local/share/stm32cube/bundles/gnu-tools-for-stm32/14.3.1+st.2/bin/../lib/gcc/arm-none-eabi/14.3.1/thumb/v7e-m+fp/hard/crti.o
LOAD /home/cybersortir936/.local/share/stm32cube/bundles/gnu-tools-for-stm32/14.3.1+st.2/bin/../lib/gcc/arm-none-eabi/14.3.1/thumb/v7e-m+fp/hard/crtbegin.o
LOAD /home/cybersortir936/.local/share/stm32cube/bundles/gnu-tools-for-stm32/14.3.1+st.2/bin/../lib/gcc/arm-none-eabi/14.3.1/../../../../arm-none-eabi/lib/thumb/v7e-m+fp/hard/crt0.o
LOAD cmake/stm32cubemx/CMakeFiles/STM32_Drivers.dir/__/__/Core/Src/system_stm32f4xx.c.obj
LOAD cmake/stm32cubemx/CMakeFiles/STM32_Drivers.dir/__/__/Drivers/STM32F4xx_HAL_Driver/Src/stm32f4xx_ll_gpio.c.obj
LOAD cmake/stm32cubemx/CMakeFiles/STM32_Drivers.dir/__/__/Drivers/STM32F4xx_HAL_Driver/Src/stm32f4xx_hal_adc.c.obj
LOAD cmake/stm32cubemx/CMakeFiles/STM32_Drivers.dir/__/__/Drivers/STM32F4xx_HAL_Driver/Src/stm32f4xx_hal_adc_ex.c.obj
LOAD cmake/stm32cubemx/CMakeFiles/STM32_Drivers.dir/__/__/Drivers/STM32F4xx_HAL_Driver/Src/stm32f4xx_ll_rcc.c.obj
LOAD cmake/stm32cubemx/CMakeFiles/STM32_Drivers.dir/__/__/Drivers/STM32F4xx_HAL_Driver/Src/stm32f4xx_ll_utils.c.obj
LOAD cmake/stm32cubemx/CMakeFiles/STM32_Drivers.dir/__/__/Drivers/STM32F4xx_HAL_Driver/Src/stm32f4xx_ll_exti.c.obj
LOAD cmake/stm32cubemx/CMakeFiles/STM32_Drivers.dir/__/__/Drivers/STM32F4xx_HAL_Driver/Src/stm32f4xx_hal_rcc.c.obj
LOAD cmake/stm32cubemx/CMakeFiles/STM32_Drivers.dir/__/__/Drivers/STM32F4xx_HAL_Driver/Src/stm32f4xx_hal_rcc_ex.c.obj
LOAD cmake/stm32cubemx/CMakeFiles/STM32_Drivers.dir/__/__/Drivers/STM32F4xx_HAL_Driver/Src/stm32f4xx_hal_flash.c.obj
LOAD cmake/stm32cubemx/CMakeFiles/STM32_Drivers.dir/__/__/Drivers/STM32F4xx_HAL_Driver/Src/stm32f4xx_hal_flash_ex.c.obj
LOAD cmake/stm32cubemx/CMakeFiles/STM32_Drivers.dir/__/__/Drivers/STM32F4xx_HAL_Driver/Src/stm32f4xx_hal_flash_ramfunc.c.obj
LOAD cmake/stm32cubemx/CMakeFiles/STM32_Drivers.dir/__/__/Drivers/STM32F4xx_HAL_Driver/Src/stm32f4xx_hal_gpio.c.obj
LOAD cmake/stm32cubemx/CMakeFiles/STM32_Drivers.dir/__/__/Drivers/STM32F4xx_HAL_Driver/Src/stm32f4xx_hal_dma_ex.c.obj
LOAD cmake/stm32cubemx/CMakeFiles/STM32_Drivers.dir/__/__/Drivers/STM32F4xx_HAL_Driver/Src/stm32f4xx_hal_dma.c.obj
LOAD cmake/stm32cubemx/CMakeFiles/STM32_Drivers.dir/__/__/Drivers/STM32F4xx_HAL_Driver/Src/stm32f4xx_hal_pwr.c.obj
LOAD cmake/stm32cubemx/CMakeFiles/STM32_Drivers.dir/__/__/Drivers/STM32F4xx_HAL_Driver/Src/stm32f4xx_hal_pwr_ex.c.obj
LOAD cmake/stm32cubemx/CMakeFiles/STM32_Drivers.dir/__/__/Drivers/STM32F4xx_HAL_Driver/Src/stm32f4xx_hal_cortex.c.obj
LOAD cmake/stm32cubemx/CMakeFiles/STM32_Drivers.dir/__/__/Drivers/STM32F4xx_HAL_Driver/Src/stm32f4xx_hal.c.obj
LOAD cmake/stm32cubemx/CMakeFiles/STM32_Drivers.dir/__/__/Drivers/STM32F4xx_HAL_Driver/Src/stm32f4xx_hal_exti.c.obj
LOAD cmake/stm32cubemx/CMakeFiles/STM32_Drivers.dir/__/__/Drivers/STM32F4xx_HAL_Driver/Src/stm32f4xx_ll_dma.c.obj
LOAD cmake/stm32cubemx/CMakeFiles/STM32_Drivers.dir/__/__/Drivers/STM32F4xx_HAL_Driver/Src/stm32f4xx_hal_i2s.c.obj
LOAD cmake/stm32cubemx/CMakeFiles/STM32_Drivers.dir/__/__/Drivers/STM32F4xx_HAL_Driver/Src/stm32f4xx_hal_i2s_ex.c.obj
LOAD CMakeFiles/stm32LLreverb.dir/Core/Src/main.c.obj
LOAD CMakeFiles/stm32LLreverb.dir/Core/Src/stm32f4xx_it.c.obj
LOAD CMakeFiles/stm32LLreverb.dir/Core/Src/stm32f4xx_hal_msp.c.obj
LOAD CMakeFiles/stm32LLreverb.dir/Core/Src/sysmem.c.obj
LOAD CMakeFiles/stm32LLreverb.dir/Core/Src/syscalls.c.obj
LOAD CMakeFiles/stm32LLreverb.dir/startup_stm32f411xe.s.obj
LOAD CMakeFiles/stm32LLreverb.dir/Core/Src/reverb_dsp.c.obj
LOAD /home/cybersortir936/.local/share/stm32cube/bundles/gnu-tools-for-stm32/14.3.1+st.2/bin/../lib/gcc/arm-none-eabi/14.3.1/../../../../arm-none-eabi/lib/thumb/v7e-m+fp/hard/libm.a
START GROUP
LOAD /home/cybersortir936/.local/share/stm32cube/bundles/gnu-tools-for-stm32/14.3.1+st.2/bin/../lib/gcc/arm-none-eabi/14.3.1/thumb/v7e-m+fp/hard/libgcc.a
LOAD /home/cybersortir936/.local/share/stm32cube/bundles/gnu-tools-for-stm32/14.3.1+st.2/bin/../lib/gcc/arm-none-eabi/14.3.1/../../../../arm-none-eabi/lib/thumb/v7e-m+fp/hard/libg_nano.a
LOAD /home/cybersortir936/.local/share/stm32cube/bundles/gnu-tools-for-stm32/14.3.1+st.2/bin/../lib/gcc/arm-none-eabi/14.3.1/../../../../arm-none-eabi/lib/thumb/v7e-m+fp/hard/libc_nano.a
END GROUP
START GROUP
LOAD /home/cybersortir936/.local/share/stm32cube/bundles/gnu-tools-for-stm32/14.3.1+st.2/bin/../lib/gcc/arm-none-eabi/14.3.1/thumb/v7e-m+fp/hard/libgcc.a
LOAD /home/cybersortir936/.local/share/stm32cube/bundles/gnu-tools-for-stm32/14.3.1+st.2/bin/../lib/gcc/arm-none-eabi/14.3.1/../../../../arm-none-eabi/lib/thumb/v7e-m+fp/hard/libc_nano.a
END GROUP
LOAD /home/cybersortir936/.local/share/stm32cube/bundles/gnu-tools-for-stm32/14.3.1+st.2/bin/../lib/gcc/arm-none-eabi/14.3.1/thumb/v7e-m+fp/hard/crtend.o
LOAD /home/cybersortir936/.local/share/stm32cube/bundles/gnu-tools-for-stm32/14.3.1+st.2/bin/../lib/gcc/arm-none-eabi/14.3.1/thumb/v7e-m+fp/hard/crtn.o
                0x20020000                        _estack = (ORIGIN (RAM) + LENGTH (RAM))
                0x00000200                        _Min_Heap_Size = 0x200
                0x00000400                        _Min_Stack_Size = 0x400

.isr_vector     0x08000000      0x198
                0x08000000                        . = ALIGN (0x4)
 *(.isr_vector)
 .isr_vector    0x08000000      0x198 CMakeFiles/stm32LLreverb.dir/startup_stm32f411xe.s.obj
                0x08000000                g_pfnVectors
                0x08000198                        . = ALIGN (0x4)

.text           0x08000198     0x1e58
                0x08000198                        . = ALIGN (0x4)
 *(.text)
 .text          0x08000198       0x40 /home/cybersortir936/.local/share/stm32cube/bundles/gnu-tools-for-stm32/14.3.1+st.2/bin/../lib/gcc/arm-none-eabi/14.3.1/thumb/v7e-m+fp/hard/crtbegin.o
 *(.text*)
 .text.SystemInit
                0x080001d8       0x14 cmake/stm32cubemx/CMakeFiles/STM32_Drivers.dir/__/__/Core/Src/system_stm32f4xx.c.obj
                0x080001d8                SystemInit
 .text.LL_GPIO_Init
                0x080001ec      0x136 cmake/stm32cubemx/CMakeFiles/STM32_Drivers.dir/__/__/Drivers/STM32F4xx_HAL_Driver/Src/stm32f4xx_ll_gpio.c.obj
                0x080001ec                LL_GPIO_Init
 *fill*         0x08000322        0x2 
 .text.HAL_ADC_Init
                0x08000324      0x14c cmake/stm32cubemx/CMakeFiles/STM32_Drivers.dir/__/__/Drivers/STM32F4xx_HAL_Driver/Src/stm32f4xx_hal_adc.c.obj
                0x08000324                HAL_ADC_Init
 .text.HAL_ADC_Start_DMA
                0x08000470      0x11c cmake/stm32cubemx/CMakeFiles/STM32_Drivers.dir/__/__/Drivers/STM32F4xx_HAL_Driver/Src/stm32f4xx_hal_adc.c.obj
                0x08000470                HAL_ADC_Start_DMA
 .text.HAL_ADC_ConvCpltCallback
                0x0800058c        0x2 cmake/stm32cubemx/CMakeFiles/STM32_Drivers.dir/__/__/Drivers/STM32F4xx_HAL_Driver/Src/stm32f4xx_hal_adc.c.obj
                0x0800058c                HAL_ADC_ConvCpltCallback
 .text.HAL_ADC_ConvHalfCpltCallback
                0x0800058e        0x2 cmake/stm32cubemx/CMakeFiles/STM32_Drivers.dir/__/__/Drivers/STM32F4xx_HAL_Driver/Src/stm32f4xx_hal_adc.c.obj
                0x0800058e                HAL_ADC_ConvHalfCpltCallback
 .text.ADC_DMAHalfConvCplt
                0x08000590        0xa cmake/stm32cubemx/CMakeFiles/STM32_Drivers.dir/__/__/Drivers/STM32F4xx_HAL_Driver/Src/stm32f4xx_hal_adc.c.obj
 .text.HAL_ADC_ErrorCallback
                0x0800059a        0x2 cmake/stm32cubemx/CMakeFiles/STM32_Drivers.dir/__/__/Drivers/STM32F4xx_HAL_Driver/Src/stm32f4xx_hal_adc.c.obj
                0x0800059a                HAL_ADC_ErrorCallback
 .text.ADC_DMAError
                0x0800059c       0x16 cmake/stm32cubemx/CMakeFiles/STM32_Drivers.dir/__/__/Drivers/STM32F4xx_HAL_Driver/Src/stm32f4xx_hal_adc.c.obj
 .text.ADC_DMAConvCplt
                0x080005b2       0x6c cmake/stm32cubemx/CMakeFiles/STM32_Drivers.dir/__/__/Drivers/STM32F4xx_HAL_Driver/Src/stm32f4xx_hal_adc.c.obj
 *fill*         0x0800061e        0x2 
 .text.HAL_ADC_ConfigChannel
                0x08000620      0x138 cmake/stm32cubemx/CMakeFiles/STM32_Drivers.dir/__/__/Drivers/STM32F4xx_HAL_Driver/Src/stm32f4xx_hal_adc.c.obj
                0x08000620                HAL_ADC_ConfigChannel
 .text.LL_SetSystemCoreClock
                0x08000758        0xc cmake/stm32cubemx/CMakeFiles/STM32_Drivers.dir/__/__/Drivers/STM32F4xx_HAL_Driver/Src/stm32f4xx_ll_utils.c.obj
                0x08000758                LL_SetSystemCoreClock
 .text.HAL_RCCEx_GetPeriphCLKFreq
                0x08000764       0x58 cmake/stm32cubemx/CMakeFiles/STM32_Drivers.dir/__/__/Drivers/STM32F4xx_HAL_Driver/Src/stm32f4xx_hal_rcc_ex.c.obj
                0x08000764                HAL_RCCEx_GetPeriphCLKFreq
 .text.HAL_GPIO_Init
                0x080007bc      0x18c cmake/stm32cubemx/CMakeFiles/STM32_Drivers.dir/__/__/Drivers/STM32F4xx_HAL_Driver/Src/stm32f4xx_hal_gpio.c.obj
                0x080007bc                HAL_GPIO_Init
 .text.DMA_CalcBaseAndBitshift
                0x08000948       0x2c cmake/stm32cubemx/CMakeFiles/STM32_Drivers.dir/__/__/Drivers/STM32F4xx_HAL_Driver/Src/stm32f4xx_hal_dma.c.obj
 .text.HAL_DMA_Init
                0x08000974       0xfc cmake/stm32cubemx/CMakeFiles/STM32_Drivers.dir/__/__/Drivers/STM32F4xx_HAL_Driver/Src/stm32f4xx_hal_dma.c.obj
                0x08000974                HAL_DMA_Init
 .text.HAL_DMA_Start_IT
                0x08000a70       0x72 cmake/stm32cubemx/CMakeFiles/STM32_Drivers.dir/__/__/Drivers/STM32F4xx_HAL_Driver/Src/stm32f4xx_hal_dma.c.obj
                0x08000a70                HAL_DMA_Start_IT
 *fill*         0x08000ae2        0x2 
 .text.HAL_DMA_IRQHandler
                0x08000ae4      0x17c cmake/stm32cubemx/CMakeFiles/STM32_Drivers.dir/__/__/Drivers/STM32F4xx_HAL_Driver/Src/stm32f4xx_hal_dma.c.obj
                0x08000ae4                HAL_DMA_IRQHandler
 .text.HAL_NVIC_SetPriorityGrouping
                0x08000c60       0x24 cmake/stm32cubemx/CMakeFiles/STM32_Drivers.dir/__/__/Drivers/STM32F4xx_HAL_Driver/Src/stm32f4xx_hal_cortex.c.obj
                0x08000c60                HAL_NVIC_SetPriorityGrouping
 .text.HAL_NVIC_SetPriority
                0x08000c84       0x64 cmake/stm32cubemx/CMakeFiles/STM32_Drivers.dir/__/__/Drivers/STM32F4xx_HAL_Driver/Src/stm32f4xx_hal_cortex.c.obj
                0x08000c84                HAL_NVIC_SetPriority
 .text.HAL_NVIC_EnableIRQ
                0x08000ce8       0x1c cmake/stm32cubemx/CMakeFiles/STM32_Drivers.dir/__/__/Drivers/STM32F4xx_HAL_Driver/Src/stm32f4xx_hal_cortex.c.obj
                0x08000ce8                HAL_NVIC_EnableIRQ
 .text.HAL_NVIC_DisableIRQ
                0x08000d04       0x24 cmake/stm32cubemx/CMakeFiles/STM32_Drivers.dir/__/__/Drivers/STM32F4xx_HAL_Driver/Src/stm32f4xx_hal_cortex.c.obj
                0x08000d04                HAL_NVIC_DisableIRQ
 .text.HAL_SYSTICK_Config
                0x08000d28       0x28 cmake/stm32cubemx/CMakeFiles/STM32_Drivers.dir/__/__/Drivers/STM32F4xx_HAL_Driver/Src/stm32f4xx_hal_cortex.c.obj
                0x08000d28                HAL_SYSTICK_Config
 .text.HAL_InitTick
                0x08000d50       0x48 cmake/stm32cubemx/CMakeFiles/STM32_Drivers.dir/__/__/Drivers/STM32F4xx_HAL_Driver/Src/stm32f4xx_hal.c.obj
                0x08000d50                HAL_InitTick
 .text.HAL_Init
                0x08000d98       0x34 cmake/stm32cubemx/CMakeFiles/STM32_Drivers.dir/__/__/Drivers/STM32F4xx_HAL_Driver/Src/stm32f4xx_hal.c.obj
                0x08000d98                HAL_Init
 .text.HAL_IncTick
                0x08000dcc       0x18 cmake/stm32cubemx/CMakeFiles/STM32_Drivers.dir/__/__/Drivers/STM32F4xx_HAL_Driver/Src/stm32f4xx_hal.c.obj
                0x08000dcc                HAL_IncTick
 .text.HAL_GetTick
                0x08000de4        0xc cmake/stm32cubemx/CMakeFiles/STM32_Drivers.dir/__/__/Drivers/STM32F4xx_HAL_Driver/Src/stm32f4xx_hal.c.obj
                0x08000de4                HAL_GetTick
 .text.HAL_I2S_Init
                0x08000df0      0x148 cmake/stm32cubemx/CMakeFiles/STM32_Drivers.dir/__/__/Drivers/STM32F4xx_HAL_Driver/Src/stm32f4xx_hal_i2s.c.obj
                0x08000df0                HAL_I2S_Init
 .text.HAL_I2S_TxCpltCallback
                0x08000f38        0x2 cmake/stm32cubemx/CMakeFiles/STM32_Drivers.dir/__/__/Drivers/STM32F4xx_HAL_Driver/Src/stm32f4xx_hal_i2s.c.obj
                0x08000f38                HAL_I2S_TxCpltCallback
 .text.HAL_I2S_RxCpltCallback
                0x08000f3a        0x2 cmake/stm32cubemx/CMakeFiles/STM32_Drivers.dir/__/__/Drivers/STM32F4xx_HAL_Driver/Src/stm32f4xx_hal_i2s.c.obj
                0x08000f3a                HAL_I2S_RxCpltCallback
 .text.HAL_I2S_ErrorCallback
                0x08000f3c        0x2 cmake/stm32cubemx/CMakeFiles/STM32_Drivers.dir/__/__/Drivers/STM32F4xx_HAL_Driver/Src/stm32f4xx_hal_i2s.c.obj
                0x08000f3c                HAL_I2S_ErrorCallback
 .text.I2S_IRQHandler
                0x08000f3e       0xfa cmake/stm32cubemx/CMakeFiles/STM32_Drivers.dir/__/__/Drivers/STM32F4xx_HAL_Driver/Src/stm32f4xx_hal_i2s.c.obj
 .text.HAL_I2SEx_TxRxCpltCallback
                0x08001038        0x2 cmake/stm32cubemx/CMakeFiles/STM32_Drivers.dir/__/__/Drivers/STM32F4xx_HAL_Driver/Src/stm32f4xx_hal_i2s_ex.c.obj
                0x08001038                HAL_I2SEx_TxRxCpltCallback
 *fill*         0x0800103a        0x2 
 .text.HAL_I2SEx_FullDuplex_IRQHandler
                0x0800103c      0x248 cmake/stm32cubemx/CMakeFiles/STM32_Drivers.dir/__/__/Drivers/STM32F4xx_HAL_Driver/Src/stm32f4xx_hal_i2s_ex.c.obj
                0x0800103c                HAL_I2SEx_FullDuplex_IRQHandler
 .text.LL_AHB1_GRP1_EnableClock
                0x08001284       0x1c CMakeFiles/stm32LLreverb.dir/Core/Src/main.c.obj
 .text.Read_Pots_And_Smooth
                0x080012a0       0x90 CMakeFiles/stm32LLreverb.dir/Core/Src/main.c.obj
                0x080012a0                Read_Pots_And_Smooth
 .text.Update_Physical_Controls
                0x08001330       0x44 CMakeFiles/stm32LLreverb.dir/Core/Src/main.c.obj
                0x08001330                Update_Physical_Controls
 .text.Process_Audio_Block
                0x08001374      0x10c CMakeFiles/stm32LLreverb.dir/Core/Src/main.c.obj
                0x08001374                Process_Audio_Block
 .text.SystemClock_Config
                0x08001480       0xf8 CMakeFiles/stm32LLreverb.dir/Core/Src/main.c.obj
                0x08001480                SystemClock_Config
 .text.PeriphCommonClock_Config
                0x08001578       0x50 CMakeFiles/stm32LLreverb.dir/Core/Src/main.c.obj
                0x08001578                PeriphCommonClock_Config
 .text.startup.main
                0x080015c8      0x3c4 CMakeFiles/stm32LLreverb.dir/Core/Src/main.c.obj
                0x080015c8                main
 .text.Error_Handler
                0x0800198c        0x4 CMakeFiles/stm32LLreverb.dir/Core/Src/main.c.obj
                0x0800198c                Error_Handler
 .text.NMI_Handler
                0x08001990        0x2 CMakeFiles/stm32LLreverb.dir/Core/Src/stm32f4xx_it.c.obj
                0x08001990                NMI_Handler
 .text.HardFault_Handler
                0x08001992        0x2 CMakeFiles/stm32LLreverb.dir/Core/Src/stm32f4xx_it.c.obj
                0x08001992                HardFault_Handler
 .text.MemManage_Handler
                0x08001994        0x2 CMakeFiles/stm32LLreverb.dir/Core/Src/stm32f4xx_it.c.obj
                0x08001994                MemManage_Handler
 .text.BusFault_Handler
                0x08001996        0x2 CMakeFiles/stm32LLreverb.dir/Core/Src/stm32f4xx_it.c.obj
                0x08001996                BusFault_Handler
 .text.UsageFault_Handler
                0x08001998        0x2 CMakeFiles/stm32LLreverb.dir/Core/Src/stm32f4xx_it.c.obj
                0x08001998                UsageFault_Handler
 .text.SVC_Handler
                0x0800199a        0x2 CMakeFiles/stm32LLreverb.dir/Core/Src/stm32f4xx_it.c.obj
                0x0800199a                SVC_Handler
 .text.DebugMon_Handler
                0x0800199c        0x2 CMakeFiles/stm32LLreverb.dir/Core/Src/stm32f4xx_it.c.obj
                0x0800199c                DebugMon_Handler
 .text.PendSV_Handler
                0x0800199e        0x2 CMakeFiles/stm32LLreverb.dir/Core/Src/stm32f4xx_it.c.obj
                0x0800199e                PendSV_Handler
 .text.SysTick_Handler
                0x080019a0        0x4 CMakeFiles/stm32LLreverb.dir/Core/Src/stm32f4xx_it.c.obj
                0x080019a0                SysTick_Handler
 .text.DMA1_Stream0_IRQHandler
                0x080019a4        0xc CMakeFiles/stm32LLreverb.dir/Core/Src/stm32f4xx_it.c.obj
                0x080019a4                DMA1_Stream0_IRQHandler
 .text.DMA1_Stream5_IRQHandler
                0x080019b0        0xc CMakeFiles/stm32LLreverb.dir/Core/Src/stm32f4xx_it.c.obj
                0x080019b0                DMA1_Stream5_IRQHandler
 .text.DMA2_Stream0_IRQHandler
                0x080019bc        0xc CMakeFiles/stm32LLreverb.dir/Core/Src/stm32f4xx_it.c.obj
                0x080019bc                DMA2_Stream0_IRQHandler
 .text.HAL_MspInit
                0x080019c8       0x38 CMakeFiles/stm32LLreverb.dir/Core/Src/stm32f4xx_hal_msp.c.obj
                0x080019c8                HAL_MspInit
 .text.HAL_ADC_MspInit
                0x08001a00       0xa4 CMakeFiles/stm32LLreverb.dir/Core/Src/stm32f4xx_hal_msp.c.obj
                0x08001a00                HAL_ADC_MspInit
 .text.HAL_I2S_MspInit
                0x08001aa4      0x144 CMakeFiles/stm32LLreverb.dir/Core/Src/stm32f4xx_hal_msp.c.obj
                0x08001aa4                HAL_I2S_MspInit
 .text.Reset_Handler
                0x08001be8       0x50 CMakeFiles/stm32LLreverb.dir/startup_stm32f411xe.s.obj
                0x08001be8                Reset_Handler
 .text.Default_Handler
                0x08001c38        0x2 CMakeFiles/stm32LLreverb.dir/startup_stm32f411xe.s.obj
                0x08001c38                RTC_Alarm_IRQHandler
                0x08001c38                EXTI2_IRQHandler
                0x08001c38                SPI4_IRQHandler
                0x08001c38                TIM1_CC_IRQHandler
                0x08001c38                DMA2_Stream5_IRQHandler
                0x08001c38                PVD_IRQHandler
                0x08001c38                SDIO_IRQHandler
                0x08001c38                TAMP_STAMP_IRQHandler
                0x08001c38                EXTI3_IRQHandler
                0x08001c38                TIM1_UP_TIM10_IRQHandler
                0x08001c38                I2C3_ER_IRQHandler
                0x08001c38                EXTI0_IRQHandler
                0x08001c38                I2C2_EV_IRQHandler
                0x08001c38                DMA1_Stream2_IRQHandler
                0x08001c38                FPU_IRQHandler
                0x08001c38                DMA2_Stream2_IRQHandler
                0x08001c38                SPI1_IRQHandler
                0x08001c38                TIM1_BRK_TIM9_IRQHandler
                0x08001c38                DMA2_Stream3_IRQHandler
                0x08001c38                USART6_IRQHandler
                0x08001c38                TIM4_IRQHandler
                0x08001c38                I2C1_EV_IRQHandler
                0x08001c38                DMA1_Stream6_IRQHandler
                0x08001c38                DMA1_Stream1_IRQHandler
                0x08001c38                TIM3_IRQHandler
                0x08001c38                RCC_IRQHandler
                0x08001c38                Default_Handler
                0x08001c38                EXTI15_10_IRQHandler
                0x08001c38                ADC_IRQHandler
                0x08001c38                DMA1_Stream7_IRQHandler
                0x08001c38                SPI5_IRQHandler
                0x08001c38                TIM5_IRQHandler
                0x08001c38                DMA2_Stream7_IRQHandler
                0x08001c38                I2C3_EV_IRQHandler
                0x08001c38                EXTI9_5_IRQHandler
                0x08001c38                RTC_WKUP_IRQHandler
                0x08001c38                SPI2_IRQHandler
                0x08001c38                EXTI4_IRQHandler
                0x08001c38                WWDG_IRQHandler
                0x08001c38                TIM2_IRQHandler
                0x08001c38                OTG_FS_WKUP_IRQHandler
                0x08001c38                TIM1_TRG_COM_TIM11_IRQHandler
                0x08001c38                EXTI1_IRQHandler
                0x08001c38                USART2_IRQHandler
                0x08001c38                I2C2_ER_IRQHandler
                0x08001c38                DMA2_Stream1_IRQHandler
                0x08001c38                FLASH_IRQHandler
                0x08001c38                DMA2_Stream4_IRQHandler
                0x08001c38                USART1_IRQHandler
                0x08001c38                OTG_FS_IRQHandler
                0x08001c38                SPI3_IRQHandler
                0x08001c38                DMA1_Stream4_IRQHandler
                0x08001c38                I2C1_ER_IRQHandler
                0x08001c38                DMA2_Stream6_IRQHandler
                0x08001c38                DMA1_Stream3_IRQHandler
 .text.Delay_Filter_Init
                0x08001c3a       0x1c CMakeFiles/stm32LLreverb.dir/Core/Src/reverb_dsp.c.obj
                0x08001c3a                Delay_Filter_Init
 .text.LPF_Init
                0x08001c56        0x8 CMakeFiles/stm32LLreverb.dir/Core/Src/reverb_dsp.c.obj
                0x08001c56                LPF_Init
 .text.Delay_Line_Init
                0x08001c5e       0x18 CMakeFiles/stm32LLreverb.dir/Core/Src/reverb_dsp.c.obj
                0x08001c5e                Delay_Line_Init
 .text.LPF_Process
                0x08001c76       0x1c CMakeFiles/stm32LLreverb.dir/Core/Src/reverb_dsp.c.obj
                0x08001c76                LPF_Process
 .text.Comb_Process
                0x08001c92       0x2c CMakeFiles/stm32LLreverb.dir/Core/Src/reverb_dsp.c.obj
                0x08001c92                Comb_Process
 *fill*         0x08001cbe        0x2 
 .text.AllPass_Process
                0x08001cc0       0x54 CMakeFiles/stm32LLreverb.dir/Core/Src/reverb_dsp.c.obj
                0x08001cc0                AllPass_Process
 .text.Delay_Line_Process
                0x08001d14       0x1e CMakeFiles/stm32LLreverb.dir/Core/Src/reverb_dsp.c.obj
                0x08001d14                Delay_Line_Process
 *fill*         0x08001d32        0x2 
 .text.PitchShift_OctaveUp
                0x08001d34       0x88 CMakeFiles/stm32LLreverb.dir/Core/Src/reverb_dsp.c.obj
                0x08001d34                PitchShift_OctaveUp
 .text.Hall_Process
                0x08001dbc       0x78 CMakeFiles/stm32LLreverb.dir/Core/Src/reverb_dsp.c.obj
                0x08001dbc                Hall_Process
 .text.Plate_Process
                0x08001e34      0x14c CMakeFiles/stm32LLreverb.dir/Core/Src/reverb_dsp.c.obj
                0x08001e34                Plate_Process
 .text.memset   0x08001f80       0x10 /home/cybersortir936/.local/share/stm32cube/bundles/gnu-tools-for-stm32/14.3.1+st.2/bin/../lib/gcc/arm-none-eabi/14.3.1/../../../../arm-none-eabi/lib/thumb/v7e-m+fp/hard/libg_nano.a(libc_a-memset.o)
                0x08001f80                memset
 .text.__libc_init_array
                0x08001f90       0x48 /home/cybersortir936/.local/share/stm32cube/bundles/gnu-tools-for-stm32/14.3.1+st.2/bin/../lib/gcc/arm-none-eabi/14.3.1/../../../../arm-none-eabi/lib/thumb/v7e-m+fp/hard/libg_nano.a(libc_a-init.o)
                0x08001f90                __libc_init_array
 *(.glue_7)
 .glue_7        0x08001fd8        0x0 linker stubs
 *(.glue_7t)
 .glue_7t       0x08001fd8        0x0 linker stubs
 *(.eh_frame)
 .eh_frame      0x08001fd8        0x0 /home/cybersortir936/.local/share/stm32cube/bundles/gnu-tools-for-stm32/14.3.1+st.2/bin/../lib/gcc/arm-none-eabi/14.3.1/thumb/v7e-m+fp/hard/crtbegin.o
 *(.init)
 .init          0x08001fd8        0x4 /home/cybersortir936/.local/share/stm32cube/bundles/gnu-tools-for-stm32/14.3.1+st.2/bin/../lib/gcc/arm-none-eabi/14.3.1/thumb/v7e-m+fp/hard/crti.o
                0x08001fd8                _init
 .init          0x08001fdc        0x8 /home/cybersortir936/.local/share/stm32cube/bundles/gnu-tools-for-stm32/14.3.1+st.2/bin/../lib/gcc/arm-none-eabi/14.3.1/thumb/v7e-m+fp/hard/crtn.o
 *(.fini)
 .fini          0x08001fe4        0x4 /home/cybersortir936/.local/share/stm32cube/bundles/gnu-tools-for-stm32/14.3.1+st.2/bin/../lib/gcc/arm-none-eabi/14.3.1/thumb/v7e-m+fp/hard/crti.o
                0x08001fe4                _fini
 .fini          0x08001fe8        0x8 /home/cybersortir936/.local/share/stm32cube/bundles/gnu-tools-for-stm32/14.3.1+st.2/bin/../lib/gcc/arm-none-eabi/14.3.1/thumb/v7e-m+fp/hard/crtn.o
                0x08001ff0                        . = ALIGN (0x4)
                0x08001ff0                        _etext = .

.vfp11_veneer   0x08001ff0        0x0
 .vfp11_veneer  0x08001ff0        0x0 linker stubs

.v4_bx          0x08001ff0        0x0
 .v4_bx         0x08001ff0        0x0 linker stubs

.iplt           0x08001ff0        0x0
 .iplt          0x08001ff0        0x0 /home/cybersortir936/.local/share/stm32cube/bundles/gnu-tools-for-stm32/14.3.1+st.2/bin/../lib/gcc/arm-none-eabi/14.3.1/thumb/v7e-m+fp/hard/crtbegin.o

.rodata         0x08001ff0       0x20
                0x08001ff0                        . = ALIGN (0x4)
 *(.rodata)
 *(.rodata*)
 .rodata.flagBitshiftOffset.0
                0x08001ff0        0x8 cmake/stm32cubemx/CMakeFiles/STM32_Drivers.dir/__/__/Drivers/STM32F4xx_HAL_Driver/Src/stm32f4xx_hal_dma.c.obj
 .rodata.h_ap_sizes
                0x08001ff8        0x8 CMakeFiles/stm32LLreverb.dir/Core/Src/main.c.obj
                0x08001ff8                h_ap_sizes
 .rodata.h_comb_sizes
                0x08002000       0x10 CMakeFiles/stm32LLreverb.dir/Core/Src/main.c.obj
                0x08002000                h_comb_sizes
                0x08002010                        . = ALIGN (0x4)

.rel.dyn        0x08002010        0x0
 .rel.iplt      0x08002010        0x0 /home/cybersortir936/.local/share/stm32cube/bundles/gnu-tools-for-stm32/14.3.1+st.2/bin/../lib/gcc/arm-none-eabi/14.3.1/thumb/v7e-m+fp/hard/crtbegin.o

.ARM.extab      0x08002010        0x0
                0x08002010                        . = ALIGN (0x4)
 *(.ARM.extab* .gnu.linkonce.armextab.*)
                0x08002010                        . = ALIGN (0x4)

.ARM            0x08002010        0x0
                0x08002010                        . = ALIGN (0x4)
                0x08002010                        __exidx_start = .
 *(.ARM.exidx*)
                0x08002010                        __exidx_end = .
                0x08002010                        . = ALIGN (0x4)

.preinit_array  0x08002010        0x0
                0x08002010                        . = ALIGN (0x4)
                0x08002010                        PROVIDE (__preinit_array_start = .)
 *(.preinit_array*)
                0x08002010                        PROVIDE (__preinit_array_end = .)
                0x08002010                        . = ALIGN (0x4)

.init_array     0x08002010        0x4
                0x08002010                        . = ALIGN (0x4)
                0x08002010                        PROVIDE (__init_array_start = .)
 *(SORT_BY_NAME(.init_array.*))
 *(.init_array*)
 .init_array    0x08002010        0x4 /home/cybersortir936/.local/share/stm32cube/bundles/gnu-tools-for-stm32/14.3.1+st.2/bin/../lib/gcc/arm-none-eabi/14.3.1/thumb/v7e-m+fp/hard/crtbegin.o
                0x08002014                        PROVIDE (__init_array_end = .)
                0x08002014                        . = ALIGN (0x4)

.fini_array     0x08002014        0x4
                0x08002014                        . = ALIGN (0x4)
                [!provide]                        PROVIDE (__fini_array_start = .)
 *(SORT_BY_NAME(.fini_array.*))
 *(.fini_array*)
 .fini_array    0x08002014        0x4 /home/cybersortir936/.local/share/stm32cube/bundles/gnu-tools-for-stm32/14.3.1+st.2/bin/../lib/gcc/arm-none-eabi/14.3.1/thumb/v7e-m+fp/hard/crtbegin.o
                [!provide]                        PROVIDE (__fini_array_end = .)
                0x08002018                        . = ALIGN (0x4)
                0x08002018                        _sidata = LOADADDR (.data)

.data           0x20000000       0x10 load address 0x08002018
                0x20000000                        . = ALIGN (0x4)
                0x20000000                        _sdata = .
 *(.data)
 *(.data*)
 .data.SystemCoreClock
                0x20000000        0x4 cmake/stm32cubemx/CMakeFiles/STM32_Drivers.dir/__/__/Core/Src/system_stm32f4xx.c.obj
                0x20000000                SystemCoreClock
 .data.uwTickFreq
                0x20000004        0x1 cmake/stm32cubemx/CMakeFiles/STM32_Drivers.dir/__/__/Drivers/STM32F4xx_HAL_Driver/Src/stm32f4xx_hal.c.obj
                0x20000004                uwTickFreq
 *fill*         0x20000005        0x3 
 .data.uwTickPrio
                0x20000008        0x4 cmake/stm32cubemx/CMakeFiles/STM32_Drivers.dir/__/__/Drivers/STM32F4xx_HAL_Driver/Src/stm32f4xx_hal.c.obj
                0x20000008                uwTickPrio
 .data.alg_mode
                0x2000000c        0x1 CMakeFiles/stm32LLreverb.dir/Core/Src/main.c.obj
                0x2000000c                alg_mode
 *(.RamFunc)
 *(.RamFunc*)
                0x20000010                        . = ALIGN (0x4)
 *fill*         0x2000000d        0x3 

.igot.plt       0x20000010        0x0 load address 0x08002028
 .igot.plt      0x20000010        0x0 /home/cybersortir936/.local/share/stm32cube/bundles/gnu-tools-for-stm32/14.3.1+st.2/bin/../lib/gcc/arm-none-eabi/14.3.1/thumb/v7e-m+fp/hard/crtbegin.o

.tdata          0x20000010        0x0 load address 0x08002028
 *(.tdata .tdata.* .gnu.linkonce.td.*)
                0x20000010                        . = ALIGN (0x4)
                0x20000010                        _edata = .
                [!provide]                        PROVIDE (__data_end = .)
                [!provide]                        PROVIDE (__tdata_end = .)
                [!provide]                        PROVIDE (__tdata_start = ADDR (.tdata))
                [!provide]                        PROVIDE (__tdata_size = (__tdata_end - __tdata_start))
                [!provide]                        PROVIDE (__data_start = ADDR (.data))
                [!provide]                        PROVIDE (__data_size = (__data_end - __data_start))
                [!provide]                        PROVIDE (__tdata_source = LOADADDR (.tdata))
                [!provide]                        PROVIDE (__tdata_source_end = (LOADADDR (.tdata) + SIZEOF (.tdata)))
                [!provide]                        PROVIDE (__tdata_source_size = (__tdata_source_end - __tdata_source))
                [!provide]                        PROVIDE (__data_source = LOADADDR (.data))
                [!provide]                        PROVIDE (__data_source_end = __tdata_source_end)
                [!provide]                        PROVIDE (__data_source_size = (__data_source_end - __data_source))

.tbss           0x20000010        0x0 load address 0x08002028
                0x20000010                        _sbss = .
                0x20000010                        __bss_start__ = _sbss
 *(.tbss .tbss.*)
                0x20000010                        . = ALIGN (0x4)
                [!provide]                        PROVIDE (__tbss_end = .)
                [!provide]                        PROVIDE (__tbss_start = ADDR (.tbss))
                [!provide]                        PROVIDE (__tbss_size = (__tbss_end - __tbss_start))
                [!provide]                        PROVIDE (__tbss_offset = (ADDR (.tbss) - ADDR (.tdata)))
                [!provide]                        PROVIDE (__tls_base = __tdata_start)
                [!provide]                        PROVIDE (__tls_end = __tbss_end)
                [!provide]                        PROVIDE (__tls_size = (__tls_end - __tls_base))
                [!provide]                        PROVIDE (__tls_align = MAX (ALIGNOF (.tdata), ALIGNOF (.tbss)))
                [!provide]                        PROVIDE (__tls_size_align = (((__tls_size + __tls_align) - 0x1) & ~ ((__tls_align - 0x1))))
                [!provide]                        PROVIDE (__arm32_tls_tcb_offset = MAX (0x8, __tls_align))
                [!provide]                        PROVIDE (__arm64_tls_tcb_offset = MAX (0x10, __tls_align))

.bss            0x20000010    0x150fc load address 0x08002028
 *(.bss)
 .bss           0x20000010       0x1c /home/cybersortir936/.local/share/stm32cube/bundles/gnu-tools-for-stm32/14.3.1+st.2/bin/../lib/gcc/arm-none-eabi/14.3.1/thumb/v7e-m+fp/hard/crtbegin.o
 *(.bss*)
 .bss.uwTick    0x2000002c        0x4 cmake/stm32cubemx/CMakeFiles/STM32_Drivers.dir/__/__/Drivers/STM32F4xx_HAL_Driver/Src/stm32f4xx_hal.c.obj
                0x2000002c                uwTick
 .bss.last_check_time.0
                0x20000030        0x4 CMakeFiles/stm32LLreverb.dir/Core/Src/main.c.obj
 .bss.tx_buf    0x20000034      0x400 CMakeFiles/stm32LLreverb.dir/Core/Src/main.c.obj
                0x20000034                tx_buf
 .bss.rx_buf    0x20000434      0x400 CMakeFiles/stm32LLreverb.dir/Core/Src/main.c.obj
                0x20000434                rx_buf
 .bss.tone_val  0x20000834        0x4 CMakeFiles/stm32LLreverb.dir/Core/Src/main.c.obj
                0x20000834                tone_val
 .bss.decay_val
                0x20000838        0x4 CMakeFiles/stm32LLreverb.dir/Core/Src/main.c.obj
                0x20000838                decay_val
 .bss.mix_val   0x2000083c        0x4 CMakeFiles/stm32LLreverb.dir/Core/Src/main.c.obj
                0x2000083c                mix_val
 .bss.adc_values
                0x20000840        0x6 CMakeFiles/stm32LLreverb.dir/Core/Src/main.c.obj
                0x20000840                adc_values
 *fill*         0x20000846        0x2 
 .bss.myHall    0x20000848       0xd4 CMakeFiles/stm32LLreverb.dir/Core/Src/main.c.obj
                0x20000848                myHall
 .bss.myPlate   0x2000091c       0x68 CMakeFiles/stm32LLreverb.dir/Core/Src/main.c.obj
                0x2000091c                myPlate
 .bss.h_ap_bufs
                0x20000984     0x12c0 CMakeFiles/stm32LLreverb.dir/Core/Src/main.c.obj
                0x20000984                h_ap_bufs
 .bss.h_comb_bufs
                0x20001c44     0x7d00 CMakeFiles/stm32LLreverb.dir/Core/Src/main.c.obj
                0x20001c44                h_comb_bufs
 .bss.h_pre_delay_buf
                0x20009944     0x12c0 CMakeFiles/stm32LLreverb.dir/Core/Src/main.c.obj
                0x20009944                h_pre_delay_buf
 .bss.p_main_delay_buf
                0x2000ac04     0x7530 CMakeFiles/stm32LLreverb.dir/Core/Src/main.c.obj
                0x2000ac04                p_main_delay_buf
 .bss.p_tank_ap_buf
                0x20012134      0x4b0 CMakeFiles/stm32LLreverb.dir/Core/Src/main.c.obj
                0x20012134                p_tank_ap_buf
 .bss.p_diff_bufs
                0x200125e4      0x960 CMakeFiles/stm32LLreverb.dir/Core/Src/main.c.obj
                0x200125e4                p_diff_bufs
 .bss.shimmer_active
                0x20012f44        0x1 CMakeFiles/stm32LLreverb.dir/Core/Src/main.c.obj
                0x20012f44                shimmer_active
 *fill*         0x20012f45        0x3 
 .bss.hdma_spi3_tx
                0x20012f48       0x60 CMakeFiles/stm32LLreverb.dir/Core/Src/main.c.obj
                0x20012f48                hdma_spi3_tx
 .bss.hdma_i2s3_ext_rx
                0x20012fa8       0x60 CMakeFiles/stm32LLreverb.dir/Core/Src/main.c.obj
                0x20012fa8                hdma_i2s3_ext_rx
 .bss.hi2s3     0x20013008       0x48 CMakeFiles/stm32LLreverb.dir/Core/Src/main.c.obj
                0x20013008                hi2s3
 .bss.hdma_adc1
                0x20013050       0x60 CMakeFiles/stm32LLreverb.dir/Core/Src/main.c.obj
                0x20013050                hdma_adc1
 .bss.hadc1     0x200130b0       0x48 CMakeFiles/stm32LLreverb.dir/Core/Src/main.c.obj
                0x200130b0                hadc1
 .bss.dc_lpf.0  0x200130f8        0x4 CMakeFiles/stm32LLreverb.dir/Core/Src/reverb_dsp.c.obj
 .bss.plate_shim_lpf.1
                0x200130fc        0x4 CMakeFiles/stm32LLreverb.dir/Core/Src/reverb_dsp.c.obj
 .bss.shimmer_lpf_state
                0x20013100        0x4 CMakeFiles/stm32LLreverb.dir/Core/Src/reverb_dsp.c.obj
 .bss.ps_phase_int
                0x20013104        0x4 CMakeFiles/stm32LLreverb.dir/Core/Src/reverb_dsp.c.obj
 .bss.ps_write_ptr
                0x20013108        0x4 CMakeFiles/stm32LLreverb.dir/Core/Src/reverb_dsp.c.obj
 .bss.ps_buffer
                0x2001310c     0x2000 CMakeFiles/stm32LLreverb.dir/Core/Src/reverb_dsp.c.obj
 *(COMMON)
                0x2001510c                        . = ALIGN (0x4)
                0x2001510c                        _ebss = .
                0x2001510c                        __bss_end__ = _ebss
                [!provide]                        PROVIDE (__bss_end = .)
                [!provide]                        PROVIDE (__non_tls_bss_start = ADDR (.bss))
                [!provide]                        PROVIDE (__bss_start = __tbss_start)
                [!provide]                        PROVIDE (__bss_size = (__bss_end - __bss_start))

._user_heap_stack
                0x2001510c      0x604 load address 0x08002028
                0x20015110                        . = ALIGN (0x8)
 *fill*         0x2001510c        0x4 
                [!provide]                        PROVIDE (end = .)
                0x20015110                        PROVIDE (_end = .)
                0x20015310                        . = (. + _Min_Heap_Size)
 *fill*         0x20015110      0x200 
                0x20015710                        . = (. + _Min_Stack_Size)
 *fill*         0x20015310      0x400 
                0x20015710                        . = ALIGN (0x8)

/DISCARD/
 libc.a:*(*)
 libm.a:*(*)
 libgcc.a:*(*)
OUTPUT(stm32LLreverb.elf elf32-littlearm)
LOAD linker stubs

.ARM.attributes
                0x00000000       0x30
 .ARM.attributes
                0x00000000       0x22 /home/cybersortir936/.local/share/stm32cube/bundles/gnu-tools-for-stm32/14.3.1+st.2/bin/../lib/gcc/arm-none-eabi/14.3.1/thumb/v7e-m+fp/hard/crti.o
 .ARM.attributes
                0x00000022       0x34 /home/cybersortir936/.local/share/stm32cube/bundles/gnu-tools-for-stm32/14.3.1+st.2/bin/../lib/gcc/arm-none-eabi/14.3.1/thumb/v7e-m+fp/hard/crtbegin.o
 .ARM.attributes
                0x00000056       0x34 cmake/stm32cubemx/CMakeFiles/STM32_Drivers.dir/__/__/Core/Src/system_stm32f4xx.c.obj
 .ARM.attributes
                0x0000008a       0x34 cmake/stm32cubemx/CMakeFiles/STM32_Drivers.dir/__/__/Drivers/STM32F4xx_HAL_Driver/Src/stm32f4xx_ll_gpio.c.obj
 .ARM.attributes
                0x000000be       0x34 cmake/stm32cubemx/CMakeFiles/STM32_Drivers.dir/__/__/Drivers/STM32F4xx_HAL_Driver/Src/stm32f4xx_hal_adc.c.obj
 .ARM.attributes
                0x000000f2       0x34 cmake/stm32cubemx/CMakeFiles/STM32_Drivers.dir/__/__/Drivers/STM32F4xx_HAL_Driver/Src/stm32f4xx_ll_utils.c.obj
 .ARM.attributes
                0x00000126       0x34 cmake/stm32cubemx/CMakeFiles/STM32_Drivers.dir/__/__/Drivers/STM32F4xx_HAL_Driver/Src/stm32f4xx_hal_rcc_ex.c.obj
 .ARM.attributes
                0x0000015a       0x34 cmake/stm32cubemx/CMakeFiles/STM32_Drivers.dir/__/__/Drivers/STM32F4xx_HAL_Driver/Src/stm32f4xx_hal_gpio.c.obj
 .ARM.attributes
                0x0000018e       0x34 cmake/stm32cubemx/CMakeFiles/STM32_Drivers.dir/__/__/Drivers/STM32F4xx_HAL_Driver/Src/stm32f4xx_hal_dma.c.obj
 .ARM.attributes
                0x000001c2       0x34 cmake/stm32cubemx/CMakeFiles/STM32_Drivers.dir/__/__/Drivers/STM32F4xx_HAL_Driver/Src/stm32f4xx_hal_cortex.c.obj
 .ARM.attributes
                0x000001f6       0x34 cmake/stm32cubemx/CMakeFiles/STM32_Drivers.dir/__/__/Drivers/STM32F4xx_HAL_Driver/Src/stm32f4xx_hal.c.obj
 .ARM.attributes
                0x0000022a       0x34 cmake/stm32cubemx/CMakeFiles/STM32_Drivers.dir/__/__/Drivers/STM32F4xx_HAL_Driver/Src/stm32f4xx_hal_i2s.c.obj
 .ARM.attributes
                0x0000025e       0x34 cmake/stm32cubemx/CMakeFiles/STM32_Drivers.dir/__/__/Drivers/STM32F4xx_HAL_Driver/Src/stm32f4xx_hal_i2s_ex.c.obj
 .ARM.attributes
                0x00000292       0x34 CMakeFiles/stm32LLreverb.dir/Core/Src/main.c.obj
 .ARM.attributes
                0x000002c6       0x34 CMakeFiles/stm32LLreverb.dir/Core/Src/stm32f4xx_it.c.obj
 .ARM.attributes
                0x000002fa       0x34 CMakeFiles/stm32LLreverb.dir/Core/Src/stm32f4xx_hal_msp.c.obj
 .ARM.attributes
                0x0000032e       0x21 CMakeFiles/stm32LLreverb.dir/startup_stm32f411xe.s.obj
 .ARM.attributes
                0x0000034f       0x34 CMakeFiles/stm32LLreverb.dir/Core/Src/reverb_dsp.c.obj
 .ARM.attributes
                0x00000383       0x34 /home/cybersortir936/.local/share/stm32cube/bundles/gnu-tools-for-stm32/14.3.1+st.2/bin/../lib/gcc/arm-none-eabi/14.3.1/../../../../arm-none-eabi/lib/thumb/v7e-m+fp/hard/libg_nano.a(libc_a-memset.o)
 .ARM.attributes
                0x000003b7       0x34 /home/cybersortir936/.local/share/stm32cube/bundles/gnu-tools-for-stm32/14.3.1+st.2/bin/../lib/gcc/arm-none-eabi/14.3.1/../../../../arm-none-eabi/lib/thumb/v7e-m+fp/hard/libg_nano.a(libc_a-init.o)
 .ARM.attributes
                0x000003eb       0x22 /home/cybersortir936/.local/share/stm32cube/bundles/gnu-tools-for-stm32/14.3.1+st.2/bin/../lib/gcc/arm-none-eabi/14.3.1/thumb/v7e-m+fp/hard/crtn.o

.comment        0x00000000       0x43
 .comment       0x00000000       0x43 cmake/stm32cubemx/CMakeFiles/STM32_Drivers.dir/__/__/Core/Src/system_stm32f4xx.c.obj
                                 0x44 (size before relaxing)
 .comment       0x00000043       0x44 cmake/stm32cubemx/CMakeFiles/STM32_Drivers.dir/__/__/Drivers/STM32F4xx_HAL_Driver/Src/stm32f4xx_ll_gpio.c.obj
 .comment       0x00000043       0x44 cmake/stm32cubemx/CMakeFiles/STM32_Drivers.dir/__/__/Drivers/STM32F4xx_HAL_Driver/Src/stm32f4xx_hal_adc.c.obj
 .comment       0x00000043       0x44 cmake/stm32cubemx/CMakeFiles/STM32_Drivers.dir/__/__/Drivers/STM32F4xx_HAL_Driver/Src/stm32f4xx_ll_utils.c.obj
 .comment       0x00000043       0x44 cmake/stm32cubemx/CMakeFiles/STM32_Drivers.dir/__/__/Drivers/STM32F4xx_HAL_Driver/Src/stm32f4xx_hal_rcc_ex.c.obj
 .comment       0x00000043       0x44 cmake/stm32cubemx/CMakeFiles/STM32_Drivers.dir/__/__/Drivers/STM32F4xx_HAL_Driver/Src/stm32f4xx_hal_gpio.c.obj
 .comment       0x00000043       0x44 cmake/stm32cubemx/CMakeFiles/STM32_Drivers.dir/__/__/Drivers/STM32F4xx_HAL_Driver/Src/stm32f4xx_hal_dma.c.obj
 .comment       0x00000043       0x44 cmake/stm32cubemx/CMakeFiles/STM32_Drivers.dir/__/__/Drivers/STM32F4xx_HAL_Driver/Src/stm32f4xx_hal_cortex.c.obj
 .comment       0x00000043       0x44 cmake/stm32cubemx/CMakeFiles/STM32_Drivers.dir/__/__/Drivers/STM32F4xx_HAL_Driver/Src/stm32f4xx_hal.c.obj
 .comment       0x00000043       0x44 cmake/stm32cubemx/CMakeFiles/STM32_Drivers.dir/__/__/Drivers/STM32F4xx_HAL_Driver/Src/stm32f4xx_hal_i2s.c.obj
 .comment       0x00000043       0x44 cmake/stm32cubemx/CMakeFiles/STM32_Drivers.dir/__/__/Drivers/STM32F4xx_HAL_Driver/Src/stm32f4xx_hal_i2s_ex.c.obj
 .comment       0x00000043       0x44 CMakeFiles/stm32LLreverb.dir/Core/Src/main.c.obj
 .comment       0x00000043       0x44 CMakeFiles/stm32LLreverb.dir/Core/Src/stm32f4xx_it.c.obj
 .comment       0x00000043       0x44 CMakeFiles/stm32LLreverb.dir/Core/Src/stm32f4xx_hal_msp.c.obj
 .comment       0x00000043       0x44 CMakeFiles/stm32LLreverb.dir/Core/Src/reverb_dsp.c.obj
 .comment       0x00000043       0x44 /home/cybersortir936/.local/share/stm32cube/bundles/gnu-tools-for-stm32/14.3.1+st.2/bin/../lib/gcc/arm-none-eabi/14.3.1/../../../../arm-none-eabi/lib/thumb/v7e-m+fp/hard/libg_nano.a(libc_a-memset.o)
 .comment       0x00000043       0x44 /home/cybersortir936/.local/share/stm32cube/bundles/gnu-tools-for-stm32/14.3.1+st.2/bin/../lib/gcc/arm-none-eabi/14.3.1/../../../../arm-none-eabi/lib/thumb/v7e-m+fp/hard/libg_nano.a(libc_a-init.o)

.debug_info     0x00000000      0x1eb
 .debug_info    0x00000000       0xe0 /home/cybersortir936/.local/share/stm32cube/bundles/gnu-tools-for-stm32/14.3.1+st.2/bin/../lib/gcc/arm-none-eabi/14.3.1/../../../../arm-none-eabi/lib/thumb/v7e-m+fp/hard/libg_nano.a(libc_a-memset.o)
 .debug_info    0x000000e0      0x10b /home/cybersortir936/.local/share/stm32cube/bundles/gnu-tools-for-stm32/14.3.1+st.2/bin/../lib/gcc/arm-none-eabi/14.3.1/../../../../arm-none-eabi/lib/thumb/v7e-m+fp/hard/libg_nano.a(libc_a-init.o)

.debug_abbrev   0x00000000      0x167
 .debug_abbrev  0x00000000       0x9e /home/cybersortir936/.local/share/stm32cube/bundles/gnu-tools-for-stm32/14.3.1+st.2/bin/../lib/gcc/arm-none-eabi/14.3.1/../../../../arm-none-eabi/lib/thumb/v7e-m+fp/hard/libg_nano.a(libc_a-memset.o)
 .debug_abbrev  0x0000009e       0xc9 /home/cybersortir936/.local/share/stm32cube/bundles/gnu-tools-for-stm32/14.3.1+st.2/bin/../lib/gcc/arm-none-eabi/14.3.1/../../../../arm-none-eabi/lib/thumb/v7e-m+fp/hard/libg_nano.a(libc_a-init.o)

.debug_loclists
                0x00000000       0xa1
 .debug_loclists
                0x00000000       0x4d /home/cybersortir936/.local/share/stm32cube/bundles/gnu-tools-for-stm32/14.3.1+st.2/bin/../lib/gcc/arm-none-eabi/14.3.1/../../../../arm-none-eabi/lib/thumb/v7e-m+fp/hard/libg_nano.a(libc_a-memset.o)
 .debug_loclists
                0x0000004d       0x54 /home/cybersortir936/.local/share/stm32cube/bundles/gnu-tools-for-stm32/14.3.1+st.2/bin/../lib/gcc/arm-none-eabi/14.3.1/../../../../arm-none-eabi/lib/thumb/v7e-m+fp/hard/libg_nano.a(libc_a-init.o)

.debug_aranges  0x00000000       0x40
 .debug_aranges
                0x00000000       0x20 /home/cybersortir936/.local/share/stm32cube/bundles/gnu-tools-for-stm32/14.3.1+st.2/bin/../lib/gcc/arm-none-eabi/14.3.1/../../../../arm-none-eabi/lib/thumb/v7e-m+fp/hard/libg_nano.a(libc_a-memset.o)
 .debug_aranges
                0x00000020       0x20 /home/cybersortir936/.local/share/stm32cube/bundles/gnu-tools-for-stm32/14.3.1+st.2/bin/../lib/gcc/arm-none-eabi/14.3.1/../../../../arm-none-eabi/lib/thumb/v7e-m+fp/hard/libg_nano.a(libc_a-init.o)

.debug_rnglists
                0x00000000       0x26
 .debug_rnglists
                0x00000000       0x13 /home/cybersortir936/.local/share/stm32cube/bundles/gnu-tools-for-stm32/14.3.1+st.2/bin/../lib/gcc/arm-none-eabi/14.3.1/../../../../arm-none-eabi/lib/thumb/v7e-m+fp/hard/libg_nano.a(libc_a-memset.o)
 .debug_rnglists
                0x00000013       0x13 /home/cybersortir936/.local/share/stm32cube/bundles/gnu-tools-for-stm32/14.3.1+st.2/bin/../lib/gcc/arm-none-eabi/14.3.1/../../../../arm-none-eabi/lib/thumb/v7e-m+fp/hard/libg_nano.a(libc_a-init.o)

.debug_line     0x00000000      0x2e6
 .debug_line    0x00000000      0x17e /home/cybersortir936/.local/share/stm32cube/bundles/gnu-tools-for-stm32/14.3.1+st.2/bin/../lib/gcc/arm-none-eabi/14.3.1/../../../../arm-none-eabi/lib/thumb/v7e-m+fp/hard/libg_nano.a(libc_a-memset.o)
 .debug_line    0x0000017e      0x168 /home/cybersortir936/.local/share/stm32cube/bundles/gnu-tools-for-stm32/14.3.1+st.2/bin/../lib/gcc/arm-none-eabi/14.3.1/../../../../arm-none-eabi/lib/thumb/v7e-m+fp/hard/libg_nano.a(libc_a-init.o)

.debug_str      0x00000000      0x29a
 .debug_str     0x00000000      0x29a /home/cybersortir936/.local/share/stm32cube/bundles/gnu-tools-for-stm32/14.3.1+st.2/bin/../lib/gcc/arm-none-eabi/14.3.1/../../../../arm-none-eabi/lib/thumb/v7e-m+fp/hard/libg_nano.a(libc_a-memset.o)
                                0x211 (size before relaxing)
 .debug_str     0x0000029a      0x272 /home/cybersortir936/.local/share/stm32cube/bundles/gnu-tools-for-stm32/14.3.1+st.2/bin/../lib/gcc/arm-none-eabi/14.3.1/../../../../arm-none-eabi/lib/thumb/v7e-m+fp/hard/libg_nano.a(libc_a-init.o)

.debug_frame    0x00000000       0x4c
 .debug_frame   0x00000000       0x20 /home/cybersortir936/.local/share/stm32cube/bundles/gnu-tools-for-stm32/14.3.1+st.2/bin/../lib/gcc/arm-none-eabi/14.3.1/../../../../arm-none-eabi/lib/thumb/v7e-m+fp/hard/libg_nano.a(libc_a-memset.o)
 .debug_frame   0x00000020       0x2c /home/cybersortir936/.local/share/stm32cube/bundles/gnu-tools-for-stm32/14.3.1+st.2/bin/../lib/gcc/arm-none-eabi/14.3.1/../../../../arm-none-eabi/lib/thumb/v7e-m+fp/hard/libg_nano.a(libc_a-init.o)
