Archive member included to satisfy reference by file (symbol)

D:/Software/CubeCLT/STM32CubeCLT_1.20.0/GNU-tools-for-STM32/bin/../lib/gcc/arm-none-eabi/13.3.1/thumb/v7e-m+fp/hard\libgcc.a(_aeabi_ldivmod.o)
                              cmake/stm32cubemx/CMakeFiles/STM32_Drivers.dir/__/__/Drivers/STM32F4xx_HAL_Driver/Src/stm32f4xx_hal_rcc.c.obj (__aeabi_ldivmod)
D:/Software/CubeCLT/STM32CubeCLT_1.20.0/GNU-tools-for-STM32/bin/../lib/gcc/arm-none-eabi/13.3.1/thumb/v7e-m+fp/hard\libgcc.a(_aeabi_uldivmod.o)
                              cmake/stm32cubemx/CMakeFiles/STM32_Drivers.dir/__/__/Drivers/STM32F4xx_HAL_Driver/Src/stm32f4xx_hal_rcc.c.obj (__aeabi_uldivmod)
D:/Software/CubeCLT/STM32CubeCLT_1.20.0/GNU-tools-for-STM32/bin/../lib/gcc/arm-none-eabi/13.3.1/thumb/v7e-m+fp/hard\libgcc.a(_udivmoddi4.o)
                              D:/Software/CubeCLT/STM32CubeCLT_1.20.0/GNU-tools-for-STM32/bin/../lib/gcc/arm-none-eabi/13.3.1/thumb/v7e-m+fp/hard\libgcc.a(_aeabi_ldivmod.o) (__udivmoddi4)
D:/Software/CubeCLT/STM32CubeCLT_1.20.0/GNU-tools-for-STM32/bin/../lib/gcc/arm-none-eabi/13.3.1/thumb/v7e-m+fp/hard\libgcc.a(_dvmd_tls.o)
                              D:/Software/CubeCLT/STM32CubeCLT_1.20.0/GNU-tools-for-STM32/bin/../lib/gcc/arm-none-eabi/13.3.1/thumb/v7e-m+fp/hard\libgcc.a(_aeabi_ldivmod.o) (__aeabi_ldiv0)
D:/Software/CubeCLT/STM32CubeCLT_1.20.0/GNU-tools-for-STM32/bin/../lib/gcc/arm-none-eabi/13.3.1/../../../../arm-none-eabi/lib/thumb/v7e-m+fp/hard\libg_nano.a(libc_a-exit.o)
                              D:/Software/CubeCLT/STM32CubeCLT_1.20.0/GNU-tools-for-STM32/bin/../lib/gcc/arm-none-eabi/13.3.1/../../../../arm-none-eabi/lib/thumb/v7e-m+fp/hard/crt0.o (exit)
D:/Software/CubeCLT/STM32CubeCLT_1.20.0/GNU-tools-for-STM32/bin/../lib/gcc/arm-none-eabi/13.3.1/../../../../arm-none-eabi/lib/thumb/v7e-m+fp/hard\libg_nano.a(libc_a-findfp.o)
                              D:/Software/CubeCLT/STM32CubeCLT_1.20.0/GNU-tools-for-STM32/bin/../lib/gcc/arm-none-eabi/13.3.1/../../../../arm-none-eabi/lib/thumb/v7e-m+fp/hard\libg_nano.a(libc_a-exit.o) (__stdio_exit_handler)
D:/Software/CubeCLT/STM32CubeCLT_1.20.0/GNU-tools-for-STM32/bin/../lib/gcc/arm-none-eabi/13.3.1/../../../../arm-none-eabi/lib/thumb/v7e-m+fp/hard\libg_nano.a(libc_a-fwalk.o)
                              D:/Software/CubeCLT/STM32CubeCLT_1.20.0/GNU-tools-for-STM32/bin/../lib/gcc/arm-none-eabi/13.3.1/../../../../arm-none-eabi/lib/thumb/v7e-m+fp/hard\libg_nano.a(libc_a-findfp.o) (_fwalk_sglue)
D:/Software/CubeCLT/STM32CubeCLT_1.20.0/GNU-tools-for-STM32/bin/../lib/gcc/arm-none-eabi/13.3.1/../../../../arm-none-eabi/lib/thumb/v7e-m+fp/hard\libg_nano.a(libc_a-stdio.o)
                              D:/Software/CubeCLT/STM32CubeCLT_1.20.0/GNU-tools-for-STM32/bin/../lib/gcc/arm-none-eabi/13.3.1/../../../../arm-none-eabi/lib/thumb/v7e-m+fp/hard\libg_nano.a(libc_a-findfp.o) (__sread)
D:/Software/CubeCLT/STM32CubeCLT_1.20.0/GNU-tools-for-STM32/bin/../lib/gcc/arm-none-eabi/13.3.1/../../../../arm-none-eabi/lib/thumb/v7e-m+fp/hard\libg_nano.a(libc_a-memset.o)
                              D:/Software/CubeCLT/STM32CubeCLT_1.20.0/GNU-tools-for-STM32/bin/../lib/gcc/arm-none-eabi/13.3.1/../../../../arm-none-eabi/lib/thumb/v7e-m+fp/hard/crt0.o (memset)
D:/Software/CubeCLT/STM32CubeCLT_1.20.0/GNU-tools-for-STM32/bin/../lib/gcc/arm-none-eabi/13.3.1/../../../../arm-none-eabi/lib/thumb/v7e-m+fp/hard\libg_nano.a(libc_a-closer.o)
                              D:/Software/CubeCLT/STM32CubeCLT_1.20.0/GNU-tools-for-STM32/bin/../lib/gcc/arm-none-eabi/13.3.1/../../../../arm-none-eabi/lib/thumb/v7e-m+fp/hard\libg_nano.a(libc_a-stdio.o) (_close_r)
D:/Software/CubeCLT/STM32CubeCLT_1.20.0/GNU-tools-for-STM32/bin/../lib/gcc/arm-none-eabi/13.3.1/../../../../arm-none-eabi/lib/thumb/v7e-m+fp/hard\libg_nano.a(libc_a-reent.o)
                              D:/Software/CubeCLT/STM32CubeCLT_1.20.0/GNU-tools-for-STM32/bin/../lib/gcc/arm-none-eabi/13.3.1/../../../../arm-none-eabi/lib/thumb/v7e-m+fp/hard\libg_nano.a(libc_a-closer.o) (errno)
D:/Software/CubeCLT/STM32CubeCLT_1.20.0/GNU-tools-for-STM32/bin/../lib/gcc/arm-none-eabi/13.3.1/../../../../arm-none-eabi/lib/thumb/v7e-m+fp/hard\libg_nano.a(libc_a-impure.o)
                              D:/Software/CubeCLT/STM32CubeCLT_1.20.0/GNU-tools-for-STM32/bin/../lib/gcc/arm-none-eabi/13.3.1/../../../../arm-none-eabi/lib/thumb/v7e-m+fp/hard\libg_nano.a(libc_a-reent.o) (_impure_ptr)
D:/Software/CubeCLT/STM32CubeCLT_1.20.0/GNU-tools-for-STM32/bin/../lib/gcc/arm-none-eabi/13.3.1/../../../../arm-none-eabi/lib/thumb/v7e-m+fp/hard\libg_nano.a(libc_a-lseekr.o)
                              D:/Software/CubeCLT/STM32CubeCLT_1.20.0/GNU-tools-for-STM32/bin/../lib/gcc/arm-none-eabi/13.3.1/../../../../arm-none-eabi/lib/thumb/v7e-m+fp/hard\libg_nano.a(libc_a-stdio.o) (_lseek_r)
D:/Software/CubeCLT/STM32CubeCLT_1.20.0/GNU-tools-for-STM32/bin/../lib/gcc/arm-none-eabi/13.3.1/../../../../arm-none-eabi/lib/thumb/v7e-m+fp/hard\libg_nano.a(libc_a-readr.o)
[...]
Memory Configuration

Name             Origin             Length             Attributes
RAM              0x20000000         0x00020000         xrw
FLASH            0x08000000         0x00080000         xr
*default*        0x00000000         0xffffffff

Linker script and memory map

LOAD D:/Software/CubeCLT/STM32CubeCLT_1.20.0/GNU-tools-for-STM32/bin/../lib/gcc/arm-none-eabi/13.3.1/thumb/v7e-m+fp/hard/crti.o
LOAD D:/Software/CubeCLT/STM32CubeCLT_1.20.0/GNU-tools-for-STM32/bin/../lib/gcc/arm-none-eabi/13.3.1/thumb/v7e-m+fp/hard/crtbegin.o
LOAD D:/Software/CubeCLT/STM32CubeCLT_1.20.0/GNU-tools-for-STM32/bin/../lib/gcc/arm-none-eabi/13.3.1/../../../../arm-none-eabi/lib/thumb/v7e-m+fp/hard/crt0.o
LOAD cmake/stm32cubemx/CMakeFiles/STM32_Drivers.dir/__/__/Core/Src/system_stm32f4xx.c.obj
LOAD cmake/stm32cubemx/CMakeFiles/STM32_Drivers.dir/__/__/Drivers/STM32F4xx_HAL_Driver/Src/stm32f4xx_ll_gpio.c.obj
LOAD cmake/stm32cubemx/CMakeFiles/STM32_Drivers.dir/__/__/Drivers/STM32F4xx_HAL_Driver/Src/stm32f4xx_hal_adc.c.obj
LOAD cmake/stm32cubemx/CMakeFiles/STM32_Drivers.dir/__/__/Drivers/STM32F4xx_HAL_Driver/Src/stm32f4xx_hal_adc_ex.c.obj
LOAD cmake/stm32cubemx/CMakeFiles/STM32_Drivers.dir/__/__/Drivers/STM32F4xx_HAL_Driver/Src/stm32f4xx_ll_rcc.c.obj
LOAD cmake/stm32cubemx/CMakeFiles/STM32_Drivers.dir/__/__/Drivers/STM32F4xx_HAL_Driver/Src/stm32f4xx_ll_utils.c.obj
LOAD cmake/stm32cubemx/CMakeFiles/STM32_Drivers.dir/__/__/Drivers/STM32F4xx_HAL_Driver/Src/stm32f4xx_ll_exti.c.obj
LOAD cmake/stm32cubemx/CMakeFiles/STM32_Drivers.dir/__/__/Drivers/STM32F4xx_HAL_Driver/Src/stm32f4xx_hal_rcc.c.obj
LOAD cmake/stm32cubemx/CMakeFiles/STM32_Drivers.dir/__/__/Drivers/STM32F4xx_HAL_Driver/Src/stm32f4xx_hal_rcc_ex.c.obj
LOAD cmake/stm32cubemx/CMakeFiles/STM32_Drivers.dir/__/__/Drivers/STM32F4xx_HAL_Driver/Src/stm32f4xx_hal_flash.c.obj
LOAD cmake/stm32cubemx/CMakeFiles/STM32_Drivers.dir/__/__/Drivers/STM32F4xx_HAL_Driver/Src/stm32f4xx_hal_flash_ex.c.obj
LOAD cmake/stm32cubemx/CMakeFiles/STM32_Drivers.dir/__/__/Drivers/STM32F4xx_HAL_Driver/Src/stm32f4xx_hal_flash_ramfunc.c.obj
LOAD cmake/stm32cubemx/CMakeFiles/STM32_Drivers.dir/__/__/Drivers/STM32F4xx_HAL_Driver/Src/stm32f4xx_hal_gpio.c.obj
LOAD cmake/stm32cubemx/CMakeFiles/STM32_Drivers.dir/__/__/Drivers/STM32F4xx_HAL_Driver/Src/stm32f4xx_hal_dma_ex.c.obj
LOAD cmake/stm32cubemx/CMakeFiles/STM32_Drivers.dir/__/__/Drivers/STM32F4xx_HAL_Driver/Src/stm32f4xx_hal_dma.c.obj
LOAD cmake/stm32cubemx/CMakeFiles/STM32_Drivers.dir/__/__/Drivers/STM32F4xx_HAL_Driver/Src/stm32f4xx_hal_pwr.c.obj
LOAD cmake/stm32cubemx/CMakeFiles/STM32_Drivers.dir/__/__/Drivers/STM32F4xx_HAL_Driver/Src/stm32f4xx_hal_pwr_ex.c.obj
LOAD cmake/stm32cubemx/CMakeFiles/STM32_Drivers.dir/__/__/Drivers/STM32F4xx_HAL_Driver/Src/stm32f4xx_hal_cortex.c.obj
LOAD cmake/stm32cubemx/CMakeFiles/STM32_Drivers.dir/__/__/Drivers/STM32F4xx_HAL_Driver/Src/stm32f4xx_hal.c.obj
LOAD cmake/stm32cubemx/CMakeFiles/STM32_Drivers.dir/__/__/Drivers/STM32F4xx_HAL_Driver/Src/stm32f4xx_hal_exti.c.obj
LOAD cmake/stm32cubemx/CMakeFiles/STM32_Drivers.dir/__/__/Drivers/STM32F4xx_HAL_Driver/Src/stm32f4xx_ll_dma.c.obj
LOAD cmake/stm32cubemx/CMakeFiles/STM32_Drivers.dir/__/__/Drivers/STM32F4xx_HAL_Driver/Src/stm32f4xx_hal_i2s.c.obj
LOAD cmake/stm32cubemx/CMakeFiles/STM32_Drivers.dir/__/__/Drivers/STM32F4xx_HAL_Driver/Src/stm32f4xx_hal_i2s_ex.c.obj
LOAD CMakeFiles/stm32LLreverb.dir/Core/Src/main.c.obj
LOAD CMakeFiles/stm32LLreverb.dir/Core/Src/stm32f4xx_it.c.obj
LOAD CMakeFiles/stm32LLreverb.dir/Core/Src/stm32f4xx_hal_msp.c.obj
LOAD CMakeFiles/stm32LLreverb.dir/Core/Src/sysmem.c.obj
LOAD CMakeFiles/stm32LLreverb.dir/Core/Src/syscalls.c.obj
LOAD CMakeFiles/stm32LLreverb.dir/startup_stm32f411xe.s.obj
LOAD CMakeFiles/stm32LLreverb.dir/Core/Src/reverb_dsp.c.obj
LOAD D:/Software/CubeCLT/STM32CubeCLT_1.20.0/GNU-tools-for-STM32/bin/../lib/gcc/arm-none-eabi/13.3.1/../../../../arm-none-eabi/lib/thumb/v7e-m+fp/hard\libm.a
START GROUP
LOAD D:/Software/CubeCLT/STM32CubeCLT_1.20.0/GNU-tools-for-STM32/bin/../lib/gcc/arm-none-eabi/13.3.1/thumb/v7e-m+fp/hard\libgcc.a
LOAD D:/Software/CubeCLT/STM32CubeCLT_1.20.0/GNU-tools-for-STM32/bin/../lib/gcc/arm-none-eabi/13.3.1/../../../../arm-none-eabi/lib/thumb/v7e-m+fp/hard\libg_nano.a
LOAD D:/Software/CubeCLT/STM32CubeCLT_1.20.0/GNU-tools-for-STM32/bin/../lib/gcc/arm-none-eabi/13.3.1/../../../../arm-none-eabi/lib/thumb/v7e-m+fp/hard\libc_nano.a
END GROUP
START GROUP
LOAD D:/Software/CubeCLT/STM32CubeCLT_1.20.0/GNU-tools-for-STM32/bin/../lib/gcc/arm-none-eabi/13.3.1/thumb/v7e-m+fp/hard\libgcc.a
LOAD D:/Software/CubeCLT/STM32CubeCLT_1.20.0/GNU-tools-for-STM32/bin/../lib/gcc/arm-none-eabi/13.3.1/../../../../arm-none-eabi/lib/thumb/v7e-m+fp/hard\libc_nano.a
END GROUP
LOAD D:/Software/CubeCLT/STM32CubeCLT_1.20.0/GNU-tools-for-STM32/bin/../lib/gcc/arm-none-eabi/13.3.1/thumb/v7e-m+fp/hard/crtend.o
LOAD D:/Software/CubeCLT/STM32CubeCLT_1.20.0/GNU-tools-for-STM32/bin/../lib/gcc/arm-none-eabi/13.3.1/thumb/v7e-m+fp/hard/crtn.o
                0x20020000                        _estack = (ORIGIN (RAM) + LENGTH (RAM))
                0x00000200                        _Min_Heap_Size = 0x200
                0x00000400                        _Min_Stack_Size = 0x400

.isr_vector     0x08000000      0x198
                0x08000000                        . = ALIGN (0x4)
 *(.isr_vector)
 .isr_vector    0x08000000      0x198 CMakeFiles/stm32LLreverb.dir/startup_stm32f411xe.s.obj
                0x08000000                g_pfnVectors
                0x08000198                        . = ALIGN (0x4)

.text           0x08000198     0x1da4
                0x08000198                        . = ALIGN (0x4)
 *(.text)
 .text          0x08000198       0x40 D:/Software/CubeCLT/STM32CubeCLT_1.20.0/GNU-tools-for-STM32/bin/../lib/gcc/arm-none-eabi/13.3.1/thumb/v7e-m+fp/hard/crtbegin.o
 *(.text*)
 .text.SystemInit
                0x080001d8       0x14 cmake/stm32cubemx/CMakeFiles/STM32_Drivers.dir/__/__/Core/Src/system_stm32f4xx.c.obj
                0x080001d8                SystemInit
 .text.LL_GPIO_Init
                0x080001ec      0x136 cmake/stm32cubemx/CMakeFiles/STM32_Drivers.dir/__/__/Drivers/STM32F4xx_HAL_Driver/Src/stm32f4xx_ll_gpio.c.obj
                0x080001ec                LL_GPIO_Init
 *fill*         0x08000322        0x2 
 .text.HAL_ADC_Init
                0x08000324      0x14c cmake/stm32cubemx/CMakeFiles/STM32_Drivers.dir/__/__/Drivers/STM32F4xx_HAL_Driver/Src/stm32f4xx_hal_adc.c.obj
                0x08000324                HAL_ADC_Init
 .text.HAL_ADC_Start_DMA
                0x08000470      0x120 cmake/stm32cubemx/CMakeFiles/STM32_Drivers.dir/__/__/Drivers/STM32F4xx_HAL_Driver/Src/stm32f4xx_hal_adc.c.obj
                0x08000470                HAL_ADC_Start_DMA
 .text.HAL_ADC_ConvCpltCallback
                0x08000590        0x2 cmake/stm32cubemx/CMakeFiles/STM32_Drivers.dir/__/__/Drivers/STM32F4xx_HAL_Driver/Src/stm32f4xx_hal_adc.c.obj
                0x08000590                HAL_ADC_ConvCpltCallback
 .text.HAL_ADC_ConvHalfCpltCallback
                0x08000592        0x2 cmake/stm32cubemx/CMakeFiles/STM32_Drivers.dir/__/__/Drivers/STM32F4xx_HAL_Driver/Src/stm32f4xx_hal_adc.c.obj
                0x08000592                HAL_ADC_ConvHalfCpltCallback
 .text.ADC_DMAHalfConvCplt
                0x08000594        0xa cmake/stm32cubemx/CMakeFiles/STM32_Drivers.dir/__/__/Drivers/STM32F4xx_HAL_Driver/Src/stm32f4xx_hal_adc.c.obj
 .text.HAL_ADC_ErrorCallback
                0x0800059e        0x2 cmake/stm32cubemx/CMakeFiles/STM32_Drivers.dir/__/__/Drivers/STM32F4xx_HAL_Driver/Src/stm32f4xx_hal_adc.c.obj
                0x0800059e                HAL_ADC_ErrorCallback
 .text.ADC_DMAError
                0x080005a0       0x16 cmake/stm32cubemx/CMakeFiles/STM32_Drivers.dir/__/__/Drivers/STM32F4xx_HAL_Driver/Src/stm32f4xx_hal_adc.c.obj
 .text.ADC_DMAConvCplt
                0x080005b6       0x6c cmake/stm32cubemx/CMakeFiles/STM32_Drivers.dir/__/__/Drivers/STM32F4xx_HAL_Driver/Src/stm32f4xx_hal_adc.c.obj
 *fill*         0x08000622        0x2 
 .text.HAL_ADC_ConfigChannel
                0x08000624      0x138 cmake/stm32cubemx/CMakeFiles/STM32_Drivers.dir/__/__/Drivers/STM32F4xx_HAL_Driver/Src/stm32f4xx_hal_adc.c.obj
                0x08000624                HAL_ADC_ConfigChannel
 .text.LL_SetSystemCoreClock
                0x0800075c        0xc cmake/stm32cubemx/CMakeFiles/STM32_Drivers.dir/__/__/Drivers/STM32F4xx_HAL_Driver/Src/stm32f4xx_ll_utils.c.obj
                0x0800075c                LL_SetSystemCoreClock
 .text.HAL_RCCEx_GetPeriphCLKFreq
                0x08000768       0x58 cmake/stm32cubemx/CMakeFiles/STM32_Drivers.dir/__/__/Drivers/STM32F4xx_HAL_Driver/Src/stm32f4xx_hal_rcc_ex.c.obj
                0x08000768                HAL_RCCEx_GetPeriphCLKFreq
 .text.HAL_GPIO_Init
                0x080007c0      0x18c cmake/stm32cubemx/CMakeFiles/STM32_Drivers.dir/__/__/Drivers/STM32F4xx_HAL_Driver/Src/stm32f4xx_hal_gpio.c.obj
                0x080007c0                HAL_GPIO_Init
 .text.DMA_CalcBaseAndBitshift
                0x0800094c       0x2c cmake/stm32cubemx/CMakeFiles/STM32_Drivers.dir/__/__/Drivers/STM32F4xx_HAL_Driver/Src/stm32f4xx_hal_dma.c.obj
 .text.HAL_DMA_Init
                0x08000978       0xfc cmake/stm32cubemx/CMakeFiles/STM32_Drivers.dir/__/__/Drivers/STM32F4xx_HAL_Driver/Src/stm32f4xx_hal_dma.c.obj
                0x08000978                HAL_DMA_Init
 .text.HAL_DMA_Start_IT
                0x08000a74       0x72 cmake/stm32cubemx/CMakeFiles/STM32_Drivers.dir/__/__/Drivers/STM32F4xx_HAL_Driver/Src/stm32f4xx_hal_dma.c.obj
                0x08000a74                HAL_DMA_Start_IT
 *fill*         0x08000ae6        0x2 
 .text.HAL_DMA_IRQHandler
                0x08000ae8      0x17c cmake/stm32cubemx/CMakeFiles/STM32_Drivers.dir/__/__/Drivers/STM32F4xx_HAL_Driver/Src/stm32f4xx_hal_dma.c.obj
                0x08000ae8                HAL_DMA_IRQHandler
 .text.HAL_NVIC_SetPriorityGrouping
                0x08000c64       0x24 cmake/stm32cubemx/CMakeFiles/STM32_Drivers.dir/__/__/Drivers/STM32F4xx_HAL_Driver/Src/stm32f4xx_hal_cortex.c.obj
                0x08000c64                HAL_NVIC_SetPriorityGrouping
 .text.HAL_NVIC_SetPriority
                0x08000c88       0x64 cmake/stm32cubemx/CMakeFiles/STM32_Drivers.dir/__/__/Drivers/STM32F4xx_HAL_Driver/Src/stm32f4xx_hal_cortex.c.obj
                0x08000c88                HAL_NVIC_SetPriority
 .text.HAL_NVIC_EnableIRQ
                0x08000cec       0x1c cmake/stm32cubemx/CMakeFiles/STM32_Drivers.dir/__/__/Drivers/STM32F4xx_HAL_Driver/Src/stm32f4xx_hal_cortex.c.obj
                0x08000cec                HAL_NVIC_EnableIRQ
 .text.HAL_NVIC_DisableIRQ
                0x08000d08       0x24 cmake/stm32cubemx/CMakeFiles/STM32_Drivers.dir/__/__/Drivers/STM32F4xx_HAL_Driver/Src/stm32f4xx_hal_cortex.c.obj
                0x08000d08                HAL_NVIC_DisableIRQ
 .text.HAL_SYSTICK_Config
                0x08000d2c       0x28 cmake/stm32cubemx/CMakeFiles/STM32_Drivers.dir/__/__/Drivers/STM32F4xx_HAL_Driver/Src/stm32f4xx_hal_cortex.c.obj
                0x08000d2c                HAL_SYSTICK_Config
 .text.HAL_InitTick
                0x08000d54       0x48 cmake/stm32cubemx/CMakeFiles/STM32_Drivers.dir/__/__/Drivers/STM32F4xx_HAL_Driver/Src/stm32f4xx_hal.c.obj
                0x08000d54                HAL_InitTick
 .text.HAL_Init
                0x08000d9c       0x34 cmake/stm32cubemx/CMakeFiles/STM32_Drivers.dir/__/__/Drivers/STM32F4xx_HAL_Driver/Src/stm32f4xx_hal.c.obj
                0x08000d9c                HAL_Init
 .text.HAL_IncTick
                0x08000dd0       0x18 cmake/stm32cubemx/CMakeFiles/STM32_Drivers.dir/__/__/Drivers/STM32F4xx_HAL_Driver/Src/stm32f4xx_hal.c.obj
                0x08000dd0                HAL_IncTick
 .text.HAL_GetTick
                0x08000de8        0xc cmake/stm32cubemx/CMakeFiles/STM32_Drivers.dir/__/__/Drivers/STM32F4xx_HAL_Driver/Src/stm32f4xx_hal.c.obj
                0x08000de8                HAL_GetTick
 .text.HAL_I2S_Init
                0x08000df4      0x140 cmake/stm32cubemx/CMakeFiles/STM32_Drivers.dir/__/__/Drivers/STM32F4xx_HAL_Driver/Src/stm32f4xx_hal_i2s.c.obj
                0x08000df4                HAL_I2S_Init
 .text.HAL_I2S_TxCpltCallback
                0x08000f34        0x2 cmake/stm32cubemx/CMakeFiles/STM32_Drivers.dir/__/__/Drivers/STM32F4xx_HAL_Driver/Src/stm32f4xx_hal_i2s.c.obj
                0x08000f34                HAL_I2S_TxCpltCallback
 .text.HAL_I2S_RxCpltCallback
                0x08000f36        0x2 cmake/stm32cubemx/CMakeFiles/STM32_Drivers.dir/__/__/Drivers/STM32F4xx_HAL_Driver/Src/stm32f4xx_hal_i2s.c.obj
                0x08000f36                HAL_I2S_RxCpltCallback
 .text.HAL_I2S_ErrorCallback
                0x08000f38        0x2 cmake/stm32cubemx/CMakeFiles/STM32_Drivers.dir/__/__/Drivers/STM32F4xx_HAL_Driver/Src/stm32f4xx_hal_i2s.c.obj
                0x08000f38                HAL_I2S_ErrorCallback
 .text.I2S_IRQHandler
                0x08000f3a       0xfa cmake/stm32cubemx/CMakeFiles/STM32_Drivers.dir/__/__/Drivers/STM32F4xx_HAL_Driver/Src/stm32f4xx_hal_i2s.c.obj
 .text.HAL_I2SEx_TxRxCpltCallback
                0x08001034        0x2 cmake/stm32cubemx/CMakeFiles/STM32_Drivers.dir/__/__/Drivers/STM32F4xx_HAL_Driver/Src/stm32f4xx_hal_i2s_ex.c.obj
                0x08001034                HAL_I2SEx_TxRxCpltCallback
 *fill*         0x08001036        0x2 
 .text.HAL_I2SEx_FullDuplex_IRQHandler
                0x08001038      0x248 cmake/stm32cubemx/CMakeFiles/STM32_Drivers.dir/__/__/Drivers/STM32F4xx_HAL_Driver/Src/stm32f4xx_hal_i2s_ex.c.obj
                0x08001038                HAL_I2SEx_FullDuplex_IRQHandler
 .text.LL_AHB1_GRP1_EnableClock
                0x08001280       0x1c CMakeFiles/stm32LLreverb.dir/Core/Src/main.c.obj
 .text.Read_Pots_And_Smooth
                0x0800129c       0x90 CMakeFiles/stm32LLreverb.dir/Core/Src/main.c.obj
                0x0800129c                Read_Pots_And_Smooth
 .text.Update_Physical_Controls
                0x0800132c       0x60 CMakeFiles/stm32LLreverb.dir/Core/Src/main.c.obj
                0x0800132c                Update_Physical_Controls
 .text.Process_Audio_Block
                0x0800138c       0xf0 CMakeFiles/stm32LLreverb.dir/Core/Src/main.c.obj
                0x0800138c                Process_Audio_Block
 .text.SystemClock_Config
                0x0800147c       0xf8 CMakeFiles/stm32LLreverb.dir/Core/Src/main.c.obj
                0x0800147c                SystemClock_Config
 .text.PeriphCommonClock_Config
                0x08001574       0x50 CMakeFiles/stm32LLreverb.dir/Core/Src/main.c.obj
                0x08001574                PeriphCommonClock_Config
 .text.startup.main
                0x080015c4      0x3c8 CMakeFiles/stm32LLreverb.dir/Core/Src/main.c.obj
                0x080015c4                main
 .text.Error_Handler
                0x0800198c        0x4 CMakeFiles/stm32LLreverb.dir/Core/Src/main.c.obj
                0x0800198c                Error_Handler
 .text.NMI_Handler
                0x08001990        0x2 CMakeFiles/stm32LLreverb.dir/Core/Src/stm32f4xx_it.c.obj
                0x08001990                NMI_Handler
 .text.HardFault_Handler
                0x08001992        0x2 CMakeFiles/stm32LLreverb.dir/Core/Src/stm32f4xx_it.c.obj
                0x08001992                HardFault_Handler
 .text.MemManage_Handler
                0x08001994        0x2 CMakeFiles/stm32LLreverb.dir/Core/Src/stm32f4xx_it.c.obj
                0x08001994                MemManage_Handler
 .text.BusFault_Handler
                0x08001996        0x2 CMakeFiles/stm32LLreverb.dir/Core/Src/stm32f4xx_it.c.obj
                0x08001996                BusFault_Handler
 .text.UsageFault_Handler
                0x08001998        0x2 CMakeFiles/stm32LLreverb.dir/Core/Src/stm32f4xx_it.c.obj
                0x08001998                UsageFault_Handler
 .text.SVC_Handler
                0x0800199a        0x2 CMakeFiles/stm32LLreverb.dir/Core/Src/stm32f4xx_it.c.obj
                0x0800199a                SVC_Handler
 .text.DebugMon_Handler
                0x0800199c        0x2 CMakeFiles/stm32LLreverb.dir/Core/Src/stm32f4xx_it.c.obj
                0x0800199c                DebugMon_Handler
 .text.PendSV_Handler
                0x0800199e        0x2 CMakeFiles/stm32LLreverb.dir/Core/Src/stm32f4xx_it.c.obj
                0x0800199e                PendSV_Handler
 .text.SysTick_Handler
                0x080019a0        0x4 CMakeFiles/stm32LLreverb.dir/Core/Src/stm32f4xx_it.c.obj
                0x080019a0                SysTick_Handler
 .text.DMA1_Stream0_IRQHandler
                0x080019a4        0xc CMakeFiles/stm32LLreverb.dir/Core/Src/stm32f4xx_it.c.obj
                0x080019a4                DMA1_Stream0_IRQHandler
 .text.DMA1_Stream5_IRQHandler
                0x080019b0        0xc CMakeFiles/stm32LLreverb.dir/Core/Src/stm32f4xx_it.c.obj
                0x080019b0                DMA1_Stream5_IRQHandler
 .text.DMA2_Stream0_IRQHandler
                0x080019bc        0xc CMakeFiles/stm32LLreverb.dir/Core/Src/stm32f4xx_it.c.obj
                0x080019bc                DMA2_Stream0_IRQHandler
 .text.HAL_MspInit
                0x080019c8       0x38 CMakeFiles/stm32LLreverb.dir/Core/Src/stm32f4xx_hal_msp.c.obj
                0x080019c8                HAL_MspInit
 .text.HAL_ADC_MspInit
                0x08001a00       0xa4 CMakeFiles/stm32LLreverb.dir/Core/Src/stm32f4xx_hal_msp.c.obj
                0x08001a00                HAL_ADC_MspInit
 .text.HAL_I2S_MspInit
                0x08001aa4      0x164 CMakeFiles/stm32LLreverb.dir/Core/Src/stm32f4xx_hal_msp.c.obj
                0x08001aa4                HAL_I2S_MspInit
 .text.Reset_Handler
                0x08001c08       0x50 CMakeFiles/stm32LLreverb.dir/startup_stm32f411xe.s.obj
                0x08001c08                Reset_Handler
 .text.Default_Handler
                0x08001c58        0x2 CMakeFiles/stm32LLreverb.dir/startup_stm32f411xe.s.obj
                0x08001c58                RTC_Alarm_IRQHandler
                0x08001c58                EXTI2_IRQHandler
                0x08001c58                SPI4_IRQHandler
                0x08001c58                TIM1_CC_IRQHandler
                0x08001c58                DMA2_Stream5_IRQHandler
                0x08001c58                PVD_IRQHandler
                0x08001c58                SDIO_IRQHandler
                0x08001c58                TAMP_STAMP_IRQHandler
                0x08001c58                EXTI3_IRQHandler
                0x08001c58                TIM1_UP_TIM10_IRQHandler
                0x08001c58                I2C3_ER_IRQHandler
                0x08001c58                EXTI0_IRQHandler
                0x08001c58                I2C2_EV_IRQHandler
                0x08001c58                DMA1_Stream2_IRQHandler
                0x08001c58                FPU_IRQHandler
                0x08001c58                DMA2_Stream2_IRQHandler
                0x08001c58                SPI1_IRQHandler
                0x08001c58                TIM1_BRK_TIM9_IRQHandler
                0x08001c58                DMA2_Stream3_IRQHandler
                0x08001c58                USART6_IRQHandler
                0x08001c58                TIM4_IRQHandler
                0x08001c58                I2C1_EV_IRQHandler
                0x08001c58                DMA1_Stream6_IRQHandler
                0x08001c58                DMA1_Stream1_IRQHandler
                0x08001c58                TIM3_IRQHandler
                0x08001c58                RCC_IRQHandler
                0x08001c58                Default_Handler
                0x08001c58                EXTI15_10_IRQHandler
                0x08001c58                ADC_IRQHandler
                0x08001c58                DMA1_Stream7_IRQHandler
                0x08001c58                SPI5_IRQHandler
                0x08001c58                TIM5_IRQHandler
                0x08001c58                DMA2_Stream7_IRQHandler
                0x08001c58                I2C3_EV_IRQHandler
                0x08001c58                EXTI9_5_IRQHandler
                0x08001c58                RTC_WKUP_IRQHandler
                0x08001c58                SPI2_IRQHandler
                0x08001c58                EXTI4_IRQHandler
                0x08001c58                WWDG_IRQHandler
                0x08001c58                TIM2_IRQHandler
                0x08001c58                OTG_FS_WKUP_IRQHandler
                0x08001c58                TIM1_TRG_COM_TIM11_IRQHandler
                0x08001c58                EXTI1_IRQHandler
                0x08001c58                USART2_IRQHandler
                0x08001c58                I2C2_ER_IRQHandler
                0x08001c58                DMA2_Stream1_IRQHandler
                0x08001c58                FLASH_IRQHandler
                0x08001c58                DMA2_Stream4_IRQHandler
                0x08001c58                USART1_IRQHandler
                0x08001c58                OTG_FS_IRQHandler
                0x08001c58                SPI3_IRQHandler
                0x08001c58                DMA1_Stream4_IRQHandler
                0x08001c58                I2C1_ER_IRQHandler
                0x08001c58                DMA2_Stream6_IRQHandler
                0x08001c58                DMA1_Stream3_IRQHandler
 .text.Delay_Filter_Init
                0x08001c5a       0x1c CMakeFiles/stm32LLreverb.dir/Core/Src/reverb_dsp.c.obj
                0x08001c5a                Delay_Filter_Init
 .text.LPF_Init
                0x08001c76        0x8 CMakeFiles/stm32LLreverb.dir/Core/Src/reverb_dsp.c.obj
                0x08001c76                LPF_Init
 .text.Delay_Line_Init
                0x08001c7e       0x18 CMakeFiles/stm32LLreverb.dir/Core/Src/reverb_dsp.c.obj
                0x08001c7e                Delay_Line_Init
 .text.LPF_Process
                0x08001c96       0x1c CMakeFiles/stm32LLreverb.dir/Core/Src/reverb_dsp.c.obj
                0x08001c96                LPF_Process
 .text.Comb_Process
                0x08001cb2       0x2c CMakeFiles/stm32LLreverb.dir/Core/Src/reverb_dsp.c.obj
                0x08001cb2                Comb_Process
 *fill*         0x08001cde        0x2 
 .text.AllPass_Process
                0x08001ce0       0x54 CMakeFiles/stm32LLreverb.dir/Core/Src/reverb_dsp.c.obj
                0x08001ce0                AllPass_Process
 .text.Delay_Line_Process
                0x08001d34       0x1e CMakeFiles/stm32LLreverb.dir/Core/Src/reverb_dsp.c.obj
                0x08001d34                Delay_Line_Process
 *fill*         0x08001d52        0x2 
 .text.PitchShift_OctaveUp
                0x08001d54       0xf8 CMakeFiles/stm32LLreverb.dir/Core/Src/reverb_dsp.c.obj
                0x08001d54                PitchShift_OctaveUp
 .text.Hall_Process
                0x08001e4c       0x80 CMakeFiles/stm32LLreverb.dir/Core/Src/reverb_dsp.c.obj
                0x08001e4c                Hall_Process
 .text.memset   0x08001ecc       0x10 D:/Software/CubeCLT/STM32CubeCLT_1.20.0/GNU-tools-for-STM32/bin/../lib/gcc/arm-none-eabi/13.3.1/../../../../arm-none-eabi/lib/thumb/v7e-m+fp/hard\libg_nano.a(libc_a-memset.o)
                0x08001ecc                memset
 .text.__libc_init_array
                0x08001edc       0x48 D:/Software/CubeCLT/STM32CubeCLT_1.20.0/GNU-tools-for-STM32/bin/../lib/gcc/arm-none-eabi/13.3.1/../../../../arm-none-eabi/lib/thumb/v7e-m+fp/hard\libg_nano.a(libc_a-init.o)
                0x08001edc                __libc_init_array
 *(.glue_7)
 .glue_7        0x08001f24        0x0 linker stubs
 *(.glue_7t)
 .glue_7t       0x08001f24        0x0 linker stubs
 *(.eh_frame)
 .eh_frame      0x08001f24        0x0 D:/Software/CubeCLT/STM32CubeCLT_1.20.0/GNU-tools-for-STM32/bin/../lib/gcc/arm-none-eabi/13.3.1/thumb/v7e-m+fp/hard/crtbegin.o
 *(.init)
 .init          0x08001f24        0x4 D:/Software/CubeCLT/STM32CubeCLT_1.20.0/GNU-tools-for-STM32/bin/../lib/gcc/arm-none-eabi/13.3.1/thumb/v7e-m+fp/hard/crti.o
                0x08001f24                _init
 .init          0x08001f28        0x8 D:/Software/CubeCLT/STM32CubeCLT_1.20.0/GNU-tools-for-STM32/bin/../lib/gcc/arm-none-eabi/13.3.1/thumb/v7e-m+fp/hard/crtn.o
 *(.fini)
 .fini          0x08001f30        0x4 D:/Software/CubeCLT/STM32CubeCLT_1.20.0/GNU-tools-for-STM32/bin/../lib/gcc/arm-none-eabi/13.3.1/thumb/v7e-m+fp/hard/crti.o
                0x08001f30                _fini
 .fini          0x08001f34        0x8 D:/Software/CubeCLT/STM32CubeCLT_1.20.0/GNU-tools-for-STM32/bin/../lib/gcc/arm-none-eabi/13.3.1/thumb/v7e-m+fp/hard/crtn.o
                0x08001f3c                        . = ALIGN (0x4)
                0x08001f3c                        _etext = .

.vfp11_veneer   0x08001f3c        0x0
 .vfp11_veneer  0x08001f3c        0x0 linker stubs

.v4_bx          0x08001f3c        0x0
 .v4_bx         0x08001f3c        0x0 linker stubs

.iplt           0x08001f3c        0x0
 .iplt          0x08001f3c        0x0 D:/Software/CubeCLT/STM32CubeCLT_1.20.0/GNU-tools-for-STM32/bin/../lib/gcc/arm-none-eabi/13.3.1/thumb/v7e-m+fp/hard/crtbegin.o

.rodata         0x08001f3c       0x20
                0x08001f3c                        . = ALIGN (0x4)
 *(.rodata)
 *(.rodata*)
 .rodata.flagBitshiftOffset.0
                0x08001f3c        0x8 cmake/stm32cubemx/CMakeFiles/STM32_Drivers.dir/__/__/Drivers/STM32F4xx_HAL_Driver/Src/stm32f4xx_hal_dma.c.obj
 .rodata.h_ap_sizes
                0x08001f44        0x8 CMakeFiles/stm32LLreverb.dir/Core/Src/main.c.obj
                0x08001f44                h_ap_sizes
 .rodata.h_comb_sizes
                0x08001f4c       0x10 CMakeFiles/stm32LLreverb.dir/Core/Src/main.c.obj
                0x08001f4c                h_comb_sizes
                0x08001f5c                        . = ALIGN (0x4)

.rel.dyn        0x08001f5c        0x0
 .rel.iplt      0x08001f5c        0x0 D:/Software/CubeCLT/STM32CubeCLT_1.20.0/GNU-tools-for-STM32/bin/../lib/gcc/arm-none-eabi/13.3.1/thumb/v7e-m+fp/hard/crtbegin.o

.ARM.extab      0x08001f5c        0x0
                0x08001f5c                        . = ALIGN (0x4)
 *(.ARM.extab* .gnu.linkonce.armextab.*)
                0x08001f5c                        . = ALIGN (0x4)

.ARM            0x08001f5c        0x0
                0x08001f5c                        . = ALIGN (0x4)
                0x08001f5c                        __exidx_start = .
 *(.ARM.exidx*)
                0x08001f5c                        __exidx_end = .
                0x08001f5c                        . = ALIGN (0x4)

.preinit_array  0x08001f5c        0x0
                0x08001f5c                        . = ALIGN (0x4)
                0x08001f5c                        PROVIDE (__preinit_array_start = .)
 *(.preinit_array*)
                0x08001f5c                        PROVIDE (__preinit_array_end = .)
                0x08001f5c                        . = ALIGN (0x4)

.init_array     0x08001f5c        0x4
                0x08001f5c                        . = ALIGN (0x4)
                0x08001f5c                        PROVIDE (__init_array_start = .)
 *(SORT_BY_NAME(.init_array.*))
 *(.init_array*)
 .init_array    0x08001f5c        0x4 D:/Software/CubeCLT/STM32CubeCLT_1.20.0/GNU-tools-for-STM32/bin/../lib/gcc/arm-none-eabi/13.3.1/thumb/v7e-m+fp/hard/crtbegin.o
                0x08001f60                        PROVIDE (__init_array_end = .)
                0x08001f60                        . = ALIGN (0x4)

.fini_array     0x08001f60        0x4
                0x08001f60                        . = ALIGN (0x4)
                [!provide]                        PROVIDE (__fini_array_start = .)
 *(SORT_BY_NAME(.fini_array.*))
 *(.fini_array*)
 .fini_array    0x08001f60        0x4 D:/Software/CubeCLT/STM32CubeCLT_1.20.0/GNU-tools-for-STM32/bin/../lib/gcc/arm-none-eabi/13.3.1/thumb/v7e-m+fp/hard/crtbegin.o
                [!provide]                        PROVIDE (__fini_array_end = .)
                0x08001f64                        . = ALIGN (0x4)
                0x08001f64                        _sidata = LOADADDR (.data)

.data           0x20000000        0xc load address 0x08001f64
                0x20000000                        . = ALIGN (0x4)
                0x20000000                        _sdata = .
 *(.data)
 *(.data*)
 .data.SystemCoreClock
                0x20000000        0x4 cmake/stm32cubemx/CMakeFiles/STM32_Drivers.dir/__/__/Core/Src/system_stm32f4xx.c.obj
                0x20000000                SystemCoreClock
 .data.uwTickFreq
                0x20000004        0x1 cmake/stm32cubemx/CMakeFiles/STM32_Drivers.dir/__/__/Drivers/STM32F4xx_HAL_Driver/Src/stm32f4xx_hal.c.obj
                0x20000004                uwTickFreq
 *fill*         0x20000005        0x3 
 .data.uwTickPrio
                0x20000008        0x4 cmake/stm32cubemx/CMakeFiles/STM32_Drivers.dir/__/__/Drivers/STM32F4xx_HAL_Driver/Src/stm32f4xx_hal.c.obj
                0x20000008                uwTickPrio
 *(.RamFunc)
 *(.RamFunc*)
                0x2000000c                        . = ALIGN (0x4)

.igot.plt       0x2000000c        0x0 load address 0x08001f70
 .igot.plt      0x2000000c        0x0 D:/Software/CubeCLT/STM32CubeCLT_1.20.0/GNU-tools-for-STM32/bin/../lib/gcc/arm-none-eabi/13.3.1/thumb/v7e-m+fp/hard/crtbegin.o

.tdata          0x2000000c        0x0 load address 0x08001f70
 *(.tdata .tdata.* .gnu.linkonce.td.*)
                0x2000000c                        . = ALIGN (0x4)
                0x2000000c                        _edata = .
                [!provide]                        PROVIDE (__data_end = .)
                [!provide]                        PROVIDE (__tdata_end = .)
                [!provide]                        PROVIDE (__tdata_start = ADDR (.tdata))
                [!provide]                        PROVIDE (__tdata_size = (__tdata_end - __tdata_start))
                [!provide]                        PROVIDE (__data_start = ADDR (.data))
                [!provide]                        PROVIDE (__data_size = (__data_end - __data_start))
                [!provide]                        PROVIDE (__tdata_source = LOADADDR (.tdata))
                [!provide]                        PROVIDE (__tdata_source_end = (LOADADDR (.tdata) + SIZEOF (.tdata)))
                [!provide]                        PROVIDE (__tdata_source_size = (__tdata_source_end - __tdata_source))
                [!provide]                        PROVIDE (__data_source = LOADADDR (.data))
                [!provide]                        PROVIDE (__data_source_end = __tdata_source_end)
                [!provide]                        PROVIDE (__data_source_size = (__data_source_end - __data_source))

.tbss           0x2000000c        0x0 load address 0x08001f70
                0x2000000c                        _sbss = .
                0x2000000c                        __bss_start__ = _sbss
 *(.tbss .tbss.*)
                0x2000000c                        . = ALIGN (0x4)
                [!provide]                        PROVIDE (__tbss_end = .)
                [!provide]                        PROVIDE (__tbss_start = ADDR (.tbss))
                [!provide]                        PROVIDE (__tbss_size = (__tbss_end - __tbss_start))
                [!provide]                        PROVIDE (__tbss_offset = (ADDR (.tbss) - ADDR (.tdata)))
                [!provide]                        PROVIDE (__tls_base = __tdata_start)
                [!provide]                        PROVIDE (__tls_end = __tbss_end)
                [!provide]                        PROVIDE (__tls_size = (__tls_end - __tls_base))
                [!provide]                        PROVIDE (__tls_align = MAX (ALIGNOF (.tdata), ALIGNOF (.tbss)))
                [!provide]                        PROVIDE (__tls_size_align = (((__tls_size + __tls_align) - 0x1) & ~ ((__tls_align - 0x1))))
                [!provide]                        PROVIDE (__arm32_tls_tcb_offset = MAX (0x8, __tls_align))
                [!provide]                        PROVIDE (__arm64_tls_tcb_offset = MAX (0x10, __tls_align))

.bss            0x2000000c     0xfef0 load address 0x08001f70
 *(.bss)
 .bss           0x2000000c       0x1c D:/Software/CubeCLT/STM32CubeCLT_1.20.0/GNU-tools-for-STM32/bin/../lib/gcc/arm-none-eabi/13.3.1/thumb/v7e-m+fp/hard/crtbegin.o
 *(.bss*)
 .bss.uwTick    0x20000028        0x4 cmake/stm32cubemx/CMakeFiles/STM32_Drivers.dir/__/__/Drivers/STM32F4xx_HAL_Driver/Src/stm32f4xx_hal.c.obj
                0x20000028                uwTick
 .bss.shim_stable_cnt.0
                0x2000002c        0x1 CMakeFiles/stm32LLreverb.dir/Core/Src/main.c.obj
 *fill*         0x2000002d        0x3 
 .bss.last_check_time.1
                0x20000030        0x4 CMakeFiles/stm32LLreverb.dir/Core/Src/main.c.obj
 .bss.tx_buf    0x20000034      0x400 CMakeFiles/stm32LLreverb.dir/Core/Src/main.c.obj
                0x20000034                tx_buf
 .bss.rx_buf    0x20000434      0x400 CMakeFiles/stm32LLreverb.dir/Core/Src/main.c.obj
                0x20000434                rx_buf
 .bss.tone_val  0x20000834        0x4 CMakeFiles/stm32LLreverb.dir/Core/Src/main.c.obj
                0x20000834                tone_val
 .bss.decay_val
                0x20000838        0x4 CMakeFiles/stm32LLreverb.dir/Core/Src/main.c.obj
                0x20000838                decay_val
 .bss.mix_val   0x2000083c        0x4 CMakeFiles/stm32LLreverb.dir/Core/Src/main.c.obj
                0x2000083c                mix_val
 .bss.adc_values
                0x20000840        0x6 CMakeFiles/stm32LLreverb.dir/Core/Src/main.c.obj
                0x20000840                adc_values
 *fill*         0x20000846        0x2 
 .bss.myHall    0x20000848       0xd4 CMakeFiles/stm32LLreverb.dir/Core/Src/main.c.obj
                0x20000848                myHall
 .bss.myPlate   0x2000091c       0x68 CMakeFiles/stm32LLreverb.dir/Core/Src/main.c.obj
                0x2000091c                myPlate
 .bss.h_ap_bufs
                0x20000984     0x12c0 CMakeFiles/stm32LLreverb.dir/Core/Src/main.c.obj
                0x20000984                h_ap_bufs
 .bss.h_comb_bufs
                0x20001c44     0x7d00 CMakeFiles/stm32LLreverb.dir/Core/Src/main.c.obj
                0x20001c44                h_comb_bufs
 .bss.h_pre_delay_buf
                0x20009944     0x12c0 CMakeFiles/stm32LLreverb.dir/Core/Src/main.c.obj
                0x20009944                h_pre_delay_buf
 .bss.p_main_delay_buf
                0x2000ac04     0x2328 CMakeFiles/stm32LLreverb.dir/Core/Src/main.c.obj
                0x2000ac04                p_main_delay_buf
 .bss.p_tank_ap_buf
                0x2000cf2c      0x4b0 CMakeFiles/stm32LLreverb.dir/Core/Src/main.c.obj
                0x2000cf2c                p_tank_ap_buf
 .bss.p_diff_bufs
                0x2000d3dc      0x960 CMakeFiles/stm32LLreverb.dir/Core/Src/main.c.obj
                0x2000d3dc                p_diff_bufs
 .bss.shimmer_active
                0x2000dd3c        0x1 CMakeFiles/stm32LLreverb.dir/Core/Src/main.c.obj
                0x2000dd3c                shimmer_active
 .bss.alg_mode  0x2000dd3d        0x1 CMakeFiles/stm32LLreverb.dir/Core/Src/main.c.obj
                0x2000dd3d                alg_mode
 *fill*         0x2000dd3e        0x2 
 .bss.hdma_spi3_tx
                0x2000dd40       0x60 CMakeFiles/stm32LLreverb.dir/Core/Src/main.c.obj
                0x2000dd40                hdma_spi3_tx
 .bss.hdma_i2s3_ext_rx
                0x2000dda0       0x60 CMakeFiles/stm32LLreverb.dir/Core/Src/main.c.obj
                0x2000dda0                hdma_i2s3_ext_rx
 .bss.hi2s3     0x2000de00       0x48 CMakeFiles/stm32LLreverb.dir/Core/Src/main.c.obj
                0x2000de00                hi2s3
 .bss.hdma_adc1
                0x2000de48       0x60 CMakeFiles/stm32LLreverb.dir/Core/Src/main.c.obj
                0x2000de48                hdma_adc1
 .bss.hadc1     0x2000dea8       0x48 CMakeFiles/stm32LLreverb.dir/Core/Src/main.c.obj
                0x2000dea8                hadc1
 .bss.ps_phase  0x2000def0        0x4 CMakeFiles/stm32LLreverb.dir/Core/Src/reverb_dsp.c.obj
 .bss.shimmer_lpf_state
                0x2000def4        0x2 CMakeFiles/stm32LLreverb.dir/Core/Src/reverb_dsp.c.obj
 *fill*         0x2000def6        0x2 
 .bss.ps_write_ptr
                0x2000def8        0x4 CMakeFiles/stm32LLreverb.dir/Core/Src/reverb_dsp.c.obj
 .bss.ps_buffer
                0x2000defc     0x2000 CMakeFiles/stm32LLreverb.dir/Core/Src/reverb_dsp.c.obj
 *(COMMON)
                0x2000fefc                        . = ALIGN (0x4)
                0x2000fefc                        _ebss = .
                0x2000fefc                        __bss_end__ = _ebss
                [!provide]                        PROVIDE (__bss_end = .)
                [!provide]                        PROVIDE (__non_tls_bss_start = ADDR (.bss))
                [!provide]                        PROVIDE (__bss_start = __tbss_start)
                [!provide]                        PROVIDE (__bss_size = (__bss_end - __bss_start))

._user_heap_stack
                0x2000fefc      0x604 load address 0x08001f70
                0x2000ff00                        . = ALIGN (0x8)
 *fill*         0x2000fefc        0x4 
                [!provide]                        PROVIDE (end = .)
                0x2000ff00                        PROVIDE (_end = .)
                0x20010100                        . = (. + _Min_Heap_Size)
 *fill*         0x2000ff00      0x200 
                0x20010500                        . = (. + _Min_Stack_Size)
 *fill*         0x20010100      0x400 
                0x20010500                        . = ALIGN (0x8)

/DISCARD/
 libc.a:*(*)
 libm.a:*(*)
 libgcc.a:*(*)
OUTPUT(stm32LLreverb.elf elf32-littlearm)
LOAD linker stubs

.ARM.attributes
                0x00000000       0x30
 .ARM.attributes
                0x00000000       0x22 D:/Software/CubeCLT/STM32CubeCLT_1.20.0/GNU-tools-for-STM32/bin/../lib/gcc/arm-none-eabi/13.3.1/thumb/v7e-m+fp/hard/crti.o
 .ARM.attributes
                0x00000022       0x34 D:/Software/CubeCLT/STM32CubeCLT_1.20.0/GNU-tools-for-STM32/bin/../lib/gcc/arm-none-eabi/13.3.1/thumb/v7e-m+fp/hard/crtbegin.o
 .ARM.attributes
                0x00000056       0x34 cmake/stm32cubemx/CMakeFiles/STM32_Drivers.dir/__/__/Core/Src/system_stm32f4xx.c.obj
 .ARM.attributes
                0x0000008a       0x34 cmake/stm32cubemx/CMakeFiles/STM32_Drivers.dir/__/__/Drivers/STM32F4xx_HAL_Driver/Src/stm32f4xx_ll_gpio.c.obj
 .ARM.attributes
                0x000000be       0x34 cmake/stm32cubemx/CMakeFiles/STM32_Drivers.dir/__/__/Drivers/STM32F4xx_HAL_Driver/Src/stm32f4xx_hal_adc.c.obj
 .ARM.attributes
                0x000000f2       0x34 cmake/stm32cubemx/CMakeFiles/STM32_Drivers.dir/__/__/Drivers/STM32F4xx_HAL_Driver/Src/stm32f4xx_ll_utils.c.obj
 .ARM.attributes
                0x00000126       0x34 cmake/stm32cubemx/CMakeFiles/STM32_Drivers.dir/__/__/Drivers/STM32F4xx_HAL_Driver/Src/stm32f4xx_hal_rcc_ex.c.obj
 .ARM.attributes
                0x0000015a       0x34 cmake/stm32cubemx/CMakeFiles/STM32_Drivers.dir/__/__/Drivers/STM32F4xx_HAL_Driver/Src/stm32f4xx_hal_gpio.c.obj
 .ARM.attributes
                0x0000018e       0x34 cmake/stm32cubemx/CMakeFiles/STM32_Drivers.dir/__/__/Drivers/STM32F4xx_HAL_Driver/Src/stm32f4xx_hal_dma.c.obj
 .ARM.attributes
                0x000001c2       0x34 cmake/stm32cubemx/CMakeFiles/STM32_Drivers.dir/__/__/Drivers/STM32F4xx_HAL_Driver/Src/stm32f4xx_hal_cortex.c.obj
 .ARM.attributes
                0x000001f6       0x34 cmake/stm32cubemx/CMakeFiles/STM32_Drivers.dir/__/__/Drivers/STM32F4xx_HAL_Driver/Src/stm32f4xx_hal.c.obj
 .ARM.attributes
                0x0000022a       0x34 cmake/stm32cubemx/CMakeFiles/STM32_Drivers.dir/__/__/Drivers/STM32F4xx_HAL_Driver/Src/stm32f4xx_hal_i2s.c.obj
 .ARM.attributes
                0x0000025e       0x34 cmake/stm32cubemx/CMakeFiles/STM32_Drivers.dir/__/__/Drivers/STM32F4xx_HAL_Driver/Src/stm32f4xx_hal_i2s_ex.c.obj
 .ARM.attributes
                0x00000292       0x34 CMakeFiles/stm32LLreverb.dir/Core/Src/main.c.obj
 .ARM.attributes
                0x000002c6       0x34 CMakeFiles/stm32LLreverb.dir/Core/Src/stm32f4xx_it.c.obj
 .ARM.attributes
                0x000002fa       0x34 CMakeFiles/stm32LLreverb.dir/Core/Src/stm32f4xx_hal_msp.c.obj
 .ARM.attributes
                0x0000032e       0x21 CMakeFiles/stm32LLreverb.dir/startup_stm32f411xe.s.obj
 .ARM.attributes
                0x0000034f       0x34 CMakeFiles/stm32LLreverb.dir/Core/Src/reverb_dsp.c.obj
 .ARM.attributes
                0x00000383       0x34 D:/Software/CubeCLT/STM32CubeCLT_1.20.0/GNU-tools-for-STM32/bin/../lib/gcc/arm-none-eabi/13.3.1/../../../../arm-none-eabi/lib/thumb/v7e-m+fp/hard\libg_nano.a(libc_a-memset.o)
 .ARM.attributes
                0x000003b7       0x34 D:/Software/CubeCLT/STM32CubeCLT_1.20.0/GNU-tools-for-STM32/bin/../lib/gcc/arm-none-eabi/13.3.1/../../../../arm-none-eabi/lib/thumb/v7e-m+fp/hard\libg_nano.a(libc_a-init.o)
 .ARM.attributes
                0x000003eb       0x22 D:/Software/CubeCLT/STM32CubeCLT_1.20.0/GNU-tools-for-STM32/bin/../lib/gcc/arm-none-eabi/13.3.1/thumb/v7e-m+fp/hard/crtn.o

.comment        0x00000000       0x43
 .comment       0x00000000       0x43 cmake/stm32cubemx/CMakeFiles/STM32_Drivers.dir/__/__/Core/Src/system_stm32f4xx.c.obj
                                 0x44 (size before relaxing)
 .comment       0x00000043        0x0 cmake/stm32cubemx/CMakeFiles/STM32_Drivers.dir/__/__/Drivers/STM32F4xx_HAL_Driver/Src/stm32f4xx_ll_gpio.c.obj
                                 0x44 (size before relaxing)
 .comment       0x00000043        0x0 cmake/stm32cubemx/CMakeFiles/STM32_Drivers.dir/__/__/Drivers/STM32F4xx_HAL_Driver/Src/stm32f4xx_hal_adc.c.obj
                                 0x44 (size before relaxing)
 .comment       0x00000043        0x0 cmake/stm32cubemx/CMakeFiles/STM32_Drivers.dir/__/__/Drivers/STM32F4xx_HAL_Driver/Src/stm32f4xx_ll_utils.c.obj
                                 0x44 (size before relaxing)
 .comment       0x00000043        0x0 cmake/stm32cubemx/CMakeFiles/STM32_Drivers.dir/__/__/Drivers/STM32F4xx_HAL_Driver/Src/stm32f4xx_hal_rcc_ex.c.obj
                                 0x44 (size before relaxing)
 .comment       0x00000043        0x0 cmake/stm32cubemx/CMakeFiles/STM32_Drivers.dir/__/__/Drivers/STM32F4xx_HAL_Driver/Src/stm32f4xx_hal_gpio.c.obj
                                 0x44 (size before relaxing)
 .comment       0x00000043        0x0 cmake/stm32cubemx/CMakeFiles/STM32_Drivers.dir/__/__/Drivers/STM32F4xx_HAL_Driver/Src/stm32f4xx_hal_dma.c.obj
                                 0x44 (size before relaxing)
 .comment       0x00000043        0x0 cmake/stm32cubemx/CMakeFiles/STM32_Drivers.dir/__/__/Drivers/STM32F4xx_HAL_Driver/Src/stm32f4xx_hal_cortex.c.obj
                                 0x44 (size before relaxing)
 .comment       0x00000043        0x0 cmake/stm32cubemx/CMakeFiles/STM32_Drivers.dir/__/__/Drivers/STM32F4xx_HAL_Driver/Src/stm32f4xx_hal.c.obj
                                 0x44 (size before relaxing)
 .comment       0x00000043        0x0 cmake/stm32cubemx/CMakeFiles/STM32_Drivers.dir/__/__/Drivers/STM32F4xx_HAL_Driver/Src/stm32f4xx_hal_i2s.c.obj
                                 0x44 (size before relaxing)
 .comment       0x00000043        0x0 cmake/stm32cubemx/CMakeFiles/STM32_Drivers.dir/__/__/Drivers/STM32F4xx_HAL_Driver/Src/stm32f4xx_hal_i2s_ex.c.obj
                                 0x44 (size before relaxing)
 .comment       0x00000043        0x0 CMakeFiles/stm32LLreverb.dir/Core/Src/main.c.obj
                                 0x44 (size before relaxing)
 .comment       0x00000043        0x0 CMakeFiles/stm32LLreverb.dir/Core/Src/stm32f4xx_it.c.obj
                                 0x44 (size before relaxing)
 .comment       0x00000043        0x0 CMakeFiles/stm32LLreverb.dir/Core/Src/stm32f4xx_hal_msp.c.obj
                                 0x44 (size before relaxing)
 .comment       0x00000043        0x0 CMakeFiles/stm32LLreverb.dir/Core/Src/reverb_dsp.c.obj
                                 0x44 (size before relaxing)
 .comment       0x00000043        0x0 D:/Software/CubeCLT/STM32CubeCLT_1.20.0/GNU-tools-for-STM32/bin/../lib/gcc/arm-none-eabi/13.3.1/../../../../arm-none-eabi/lib/thumb/v7e-m+fp/hard\libg_nano.a(libc_a-memset.o)
                                 0x44 (size before relaxing)
 .comment       0x00000043        0x0 D:/Software/CubeCLT/STM32CubeCLT_1.20.0/GNU-tools-for-STM32/bin/../lib/gcc/arm-none-eabi/13.3.1/../../../../arm-none-eabi/lib/thumb/v7e-m+fp/hard\libg_nano.a(libc_a-init.o)
                                 0x44 (size before relaxing)

.debug_info     0x00000000      0x1eb
 .debug_info    0x00000000       0xe0 D:/Software/CubeCLT/STM32CubeCLT_1.20.0/GNU-tools-for-STM32/bin/../lib/gcc/arm-none-eabi/13.3.1/../../../../arm-none-eabi/lib/thumb/v7e-m+fp/hard\libg_nano.a(libc_a-memset.o)
 .debug_info    0x000000e0      0x10b D:/Software/CubeCLT/STM32CubeCLT_1.20.0/GNU-tools-for-STM32/bin/../lib/gcc/arm-none-eabi/13.3.1/../../../../arm-none-eabi/lib/thumb/v7e-m+fp/hard\libg_nano.a(libc_a-init.o)

.debug_abbrev   0x00000000      0x167
 .debug_abbrev  0x00000000       0x9e D:/Software/CubeCLT/STM32CubeCLT_1.20.0/GNU-tools-for-STM32/bin/../lib/gcc/arm-none-eabi/13.3.1/../../../../arm-none-eabi/lib/thumb/v7e-m+fp/hard\libg_nano.a(libc_a-memset.o)
 .debug_abbrev  0x0000009e       0xc9 D:/Software/CubeCLT/STM32CubeCLT_1.20.0/GNU-tools-for-STM32/bin/../lib/gcc/arm-none-eabi/13.3.1/../../../../arm-none-eabi/lib/thumb/v7e-m+fp/hard\libg_nano.a(libc_a-init.o)

.debug_loclists
                0x00000000       0x91
 .debug_loclists
                0x00000000       0x4d D:/Software/CubeCLT/STM32CubeCLT_1.20.0/GNU-tools-for-STM32/bin/../lib/gcc/arm-none-eabi/13.3.1/../../../../arm-none-eabi/lib/thumb/v7e-m+fp/hard\libg_nano.a(libc_a-memset.o)
 .debug_loclists
                0x0000004d       0x44 D:/Software/CubeCLT/STM32CubeCLT_1.20.0/GNU-tools-for-STM32/bin/../lib/gcc/arm-none-eabi/13.3.1/../../../../arm-none-eabi/lib/thumb/v7e-m+fp/hard\libg_nano.a(libc_a-init.o)

.debug_aranges  0x00000000       0x40
 .debug_aranges
                0x00000000       0x20 D:/Software/CubeCLT/STM32CubeCLT_1.20.0/GNU-tools-for-STM32/bin/../lib/gcc/arm-none-eabi/13.3.1/../../../../arm-none-eabi/lib/thumb/v7e-m+fp/hard\libg_nano.a(libc_a-memset.o)
 .debug_aranges
                0x00000020       0x20 D:/Software/CubeCLT/STM32CubeCLT_1.20.0/GNU-tools-for-STM32/bin/../lib/gcc/arm-none-eabi/13.3.1/../../../../arm-none-eabi/lib/thumb/v7e-m+fp/hard\libg_nano.a(libc_a-init.o)

.debug_rnglists
                0x00000000       0x26
 .debug_rnglists
                0x00000000       0x13 D:/Software/CubeCLT/STM32CubeCLT_1.20.0/GNU-tools-for-STM32/bin/../lib/gcc/arm-none-eabi/13.3.1/../../../../arm-none-eabi/lib/thumb/v7e-m+fp/hard\libg_nano.a(libc_a-memset.o)
 .debug_rnglists
                0x00000013       0x13 D:/Software/CubeCLT/STM32CubeCLT_1.20.0/GNU-tools-for-STM32/bin/../lib/gcc/arm-none-eabi/13.3.1/../../../../arm-none-eabi/lib/thumb/v7e-m+fp/hard\libg_nano.a(libc_a-init.o)

.debug_line     0x00000000      0x2ee
 .debug_line    0x00000000      0x17e D:/Software/CubeCLT/STM32CubeCLT_1.20.0/GNU-tools-for-STM32/bin/../lib/gcc/arm-none-eabi/13.3.1/../../../../arm-none-eabi/lib/thumb/v7e-m+fp/hard\libg_nano.a(libc_a-memset.o)
 .debug_line    0x0000017e      0x170 D:/Software/CubeCLT/STM32CubeCLT_1.20.0/GNU-tools-for-STM32/bin/../lib/gcc/arm-none-eabi/13.3.1/../../../../arm-none-eabi/lib/thumb/v7e-m+fp/hard\libg_nano.a(libc_a-init.o)

.debug_str      0x00000000      0x29a
 .debug_str     0x00000000      0x29a D:/Software/CubeCLT/STM32CubeCLT_1.20.0/GNU-tools-for-STM32/bin/../lib/gcc/arm-none-eabi/13.3.1/../../../../arm-none-eabi/lib/thumb/v7e-m+fp/hard\libg_nano.a(libc_a-memset.o)
                                0x211 (size before relaxing)
 .debug_str     0x0000029a        0x0 D:/Software/CubeCLT/STM32CubeCLT_1.20.0/GNU-tools-for-STM32/bin/../lib/gcc/arm-none-eabi/13.3.1/../../../../arm-none-eabi/lib/thumb/v7e-m+fp/hard\libg_nano.a(libc_a-init.o)
                                0x272 (size before relaxing)

.debug_frame    0x00000000       0x4c
 .debug_frame   0x00000000       0x20 D:/Software/CubeCLT/STM32CubeCLT_1.20.0/GNU-tools-for-STM32/bin/../lib/gcc/arm-none-eabi/13.3.1/../../../../arm-none-eabi/lib/thumb/v7e-m+fp/hard\libg_nano.a(libc_a-memset.o)
 .debug_frame   0x00000020       0x2c D:/Software/CubeCLT/STM32CubeCLT_1.20.0/GNU-tools-for-STM32/bin/../lib/gcc/arm-none-eabi/13.3.1/../../../../arm-none-eabi/lib/thumb/v7e-m+fp/hard\libg_nano.a(libc_a-init.o)
